san_diego_ca_suburb_4.csv
month_date_yyyymm,postal_code,zip_name,nielsen_hh_rank,hotness_rank,hotness_rank_mm,hotness_rank_yy,hotness_score,supply_score,demand_score,median_days_on_market,median_days_on_market_mm,median_dom_mm_day,median_days_on_market_yy,median_dom_yy_day,median_dom_vs_us,ldp_unique_viewers_per_property_mm,ldp_unique_viewers_per_property_yy,ldp_unique_viewers_per_property_vs_us,median_listing_price,median_listing_price_mm,median_listing_price_yy,median_listing_price_vs_us,quality_flag,id,zip_code
202201,92040,"lakeside, ca",1660,5664,458,-3562,51.832816,71.722265321955,31.9433669511249,47,0.1898734177215189,7.5,0.04444444444444451,2,-14,0.777071634022737,-0.4624105011933174,0.7486,743400,0.02192660796385182,0.10133333333333328,1.9824,0,20,92040
202112,92040,"lakeside, ca",1660,6122,-1290,-1681,49.625135,78.41242850517854,20.837842015767507,39.5,0.49056603773584895,13,0.05333333333333323,2,-14,-0.1363495523217303,-0.17512288898622685,0.6139,727449.5,0.004140382359030914,0.040700286123033,1.9399,0,20,92040
202111,92040,"lakeside, ca",1660,4832,-37,-325,54.854164,87.83871833199187,21.869610210417385,26.5,-0.01851851851851849,-0.5,-0.10169491525423724,-3,-20,-0.09460342414412981,0.08681688703857149,0.656,724450,0.0061805555555556335,0.09350943396226419,1.9092,0,20,92040
202110,92040,"lakeside, ca",1660,4795,-182,-1615,53.63022,84.82217020312618,22.43826927433361,27,0,0,0.8,12,-16,-0.10166256157635467,0.009444732745199858,0.6843,720000,0.030042918454935563,0.07623318385650224,1.8947,1,20,92040
202109,92040,"lakeside, ca",1660,4613,-38,-2032,54.543382,82.66220939067011,26.424555538671935,27,0.2558139534883721,5.5,0.5,9,-14.5,-0.013595524178199758,-0.11000017358398861,0.7508,699000,-0.02916599247638363,0.0788701960179039,1.8395,1,20,92040
202108,92040,"lakeside, ca",1660,4575,486,-2221,54.898006,85.5038818693865,24.29212970010656,21.5,0.023809523809523725,0.5,-0.14,-3.5,-16,-0.03055083123821023,-0.21385231665435456,0.7234,719999.5,0.06430081300813018,0.12675978090766815,1.8924,0,20,92040
202107,92040,"lakeside, ca",1660,5061,-753,-2727,52.688887,83.05716023107328,22.320614168440255,21,0.10526315789473695,2,-0.32258064516129037,-10,-15.5,-0.22753029953981785,-0.17267799098928416,0.6749,676500,-0.012408759124087565,0.14186947579498344,1.7571,0,20,92040
202106,92040,"lakeside, ca",1660,4308,1204,-1743,57.018152,82.83423902570625,31.20206574941226,19,-0.2962962962962963,-8,-0.17391304347826086,-4,-16.5,-0.10915199530516417,0.4054370235412572,0.7887,685000,0.037878787878787845,0.16595843911356511,1.7792,0,20,92040
202105,92040,"lakeside, ca",1660,5512,-1413,-2635,51.245975,71.35025302867658,31.141696058886676,27,0.14893617021276606,3.5,-0.2894736842105263,-11,-10,-0.19416225497209905,0.6486706141878553,0.7704,660000,0.015462727902146423,0.14782608695652177,1.7373,0,20,92040
202104,92040,"lakeside, ca",1660,4099,-839,-1030,60.004672,79.79597399057742,40.21337071214422,23.5,0.09302325581395343,2,-0.2295081967213115,-7,-16.5,-0.09013080931617568,1.608475033973309,0.8922,649950,-0.026219192448872608,0.10724020442930149,1.7465,0,20,92040
202103,92040,"lakeside, ca",1660,3260,-745,-572,66.082088,85.6228785455113,46.54129764738013,21.5,0.48275862068965525,7,-0.12244897959183676,-3,-26.5,0.049887228958710006,1.9645234991562948,0.9785,667450,-0.045135908440629424,0.12459983150800347,1.8714,0,20,92040
202102,92040,"lakeside, ca",1660,2515,-413,1460,70.85856,94.19944533416663,47.517675090816766,14.5,-0.6777777777777778,-30.5,-0.6282051282051282,-24.5,-49,-0.14985083532219556,1.925887824126269,0.9943,699000,0.03555555555555556,0.21565217391304348,2.0101,1,20,92040
202101,92040,"lakeside, ca",1660,2102,2339,-407,72.659183,80.147115163589,65.17125124511531,45,0.19999999999999996,7.5,0.18421052631578938,7,-26,1.7267380013766345,1.6996090400430615,1.3842,675000,-0.03433476394849788,0.2931034482758621,1.9859,0,20,92040
202012,92040,"lakeside, ca",1660,4441,66,-2520,59.093873,86.2316338665746,31.956113093182953,37.5,0.27118644067796605,8,-0.11764705882352944,-5,-26.5,0.1379026990839769,0.4813878037475998,0.7801,699000,0.05509433962264154,0.3706016725654173,2.0498,1,20,92040
202011,92040,"lakeside, ca",1660,4507,-1327,-2980,57.834084,87.8882698618637,27.77989773334351,29.5,0.9666666666666666,14.5,-0.15714285714285714,-5.5,-27,-0.15905998936616472,0.22330781810807188,0.734,662500,-0.00971599402092671,0.2067395264116576,1.8969,0,20,92040
202010,92040,"lakeside, ca",1660,3180,-599,-595,64.931667,95.14702006701555,34.71631339181507,15,-0.16666666666666663,-3,-0.5774647887323944,-20.5,-36,-0.2079604377292239,0.7266717780892724,0.8325,669000,0.03256675412872356,0.19581732058271517,1.9114,0,20,92040
202009,92040,"lakeside, ca",1660,2581,-227,766,69.381132,92.95849056603774,45.80377358490566,18,-0.28,-7,-0.5714285714285714,-24,-33,-0.12869691600747346,1.2451846470692223,1.008,647900,0.013928012519561772,0.2055555555555557,1.8511,0,20,92040
202008,92040,"lakeside, ca",1660,2354,-20,496,70.055539,88.02743402415388,52.08364395407783,25,-0.19354838709677424,-6,-0.3421052631578947,-13,-28,0.02022387259409708,1.386060663548606,1.1255,639000,0.0785729416600065,0.15253800566864206,1.8257,0,20,92040
202007,92040,"lakeside, ca",1660,2334,231,1471,70.494528,85.4480259963396,55.54103014230755,31,0.34782608695652173,8,-0.17333333333333334,-6.5,-26.5,0.31225508902967314,1.7528480466572134,1.1865,592449.5,0.008425539085565203,0.041211775043936694,1.6976,0,20,92040
202006,92040,"lakeside, ca",1660,2565,312,994,69.158408,92.70546159004545,45.61135533864839,23,-0.39473684210526316,-15,-0.23333333333333328,-7,-45.5,0.04502364919031576,1.3208356197792819,0.9984,587499.5,0.021738260869565318,0.03982212389380524,1.7156,0,20,92040
202005,92040,"lakeside, ca",1660,2877,192,337,67.686936,87.50789346606737,47.865978232606516,38,0.24590163934426235,7.5,0.1515151515151516,5,-33,0.27497125335377537,0.70591242861028,1.0311,575000,-0.020442930153321992,0.028622540250447193,1.7424,0,20,92040
202004,92040,"lakeside, ca",1660,3069,-381,-798,68.0949,91.07884593795606,45.11095311155185,30.5,0.24489795918367352,6,0.21999999999999997,5.5,-31.5,0.034063413224187045,0.18315522456389388,0.9954,587000,-0.010951979780960408,0.030728709394205467,1.8285,1,20,92040
202003,92040,"lakeside, ca",1660,2688,1287,-613,71.255068,91.65643715359148,50.85369936391027,24.5,-0.3717948717948718,-14.5,-0.020000000000000018,-0.5,-34,0.03620438859405528,0.13374912373068826,1.0745,593500,0.032173913043478164,0.06335872391834063,1.8547,0,20,92040
202002,92040,"lakeside, ca",1660,3975,-2280,-1786,63.26474,83.65594581590733,42.87353343943151,39,0.026315789473684292,1,0.278688524590164,8.5,-40,-0.215598646187123,0.11551334291088233,0.9218,575000,0.1015325670498084,0.04555910136468189,1.8554,1,20,92040
202001,92040,"lakeside, ca",1660,1695,226,977,77.417435,95.00148765248439,59.833382921749475,38,-0.10588235294117643,-4.5,-0.09523809523809523,-4,-47,0.49627459359449366,0.6173031309647785,1.2358,522000,0.023539446465161484,-0.04744525547445255,1.7406,0,20,92040
201912,92040,"lakeside, ca",1660,1921,-394,1421,75.466103,92.54234775195522,58.38985877905037,42.5,0.2142857142857142,7.5,-0.16666666666666663,-8.5,-36.5,-0.06033702686479214,0.4938360821328196,1.2132,509995,-0.07104735883424407,-0.07087811987611592,1.7003,0,20,92040
201911,92040,"lakeside, ca",1660,1527,1058,2102,77.591648,92.4773402810906,62.705955744743314,35,-0.014084507042253502,-0.5,0.02941176470588225,1,-34,0.18696812195085477,0.8693910721541767,1.3164,549000,-0.018679059790866037,-0.0016148743016759504,1.7715,0,20,92040
201910,92040,"lakeside, ca",1660,2585,762,698,69.933743,89.70642067501281,50.16106596383337,35.5,-0.15476190476190477,-6.5,0.20338983050847448,6,-30.5,0.029885985076796517,0.44474877057866746,1.0972,559450,0.04097554492291344,0.01903460837887061,1.7847,1,20,92040
201909,92040,"lakeside, ca",1660,3347,-497,-425,64.938456,84.50272106358888,45.37419189890062,42,0.10526315789473695,4,0.4482758620689655,13,-24,-0.07402626440681492,0.30220437764870134,1.0181,537428.5714285714,-0.030662200463798195,-0.0471124620060791,1.7067,1,20,92040
201908,92040,"lakeside, ca",1660,2850,955,-645,66.612603,85.71272369428145,47.51248314320079,38,0.01333333333333342,0.5,0.5833333333333333,14,-26,0.1770536004088088,0.15921881624252476,1.0765,554428.5714285715,-0.025608837559628284,0.00814359746990001,1.7448,1,20,92040
201907,92040,"lakeside, ca",1660,3805,-246,-1527,62.163052,83.7277349036246,40.598368750228595,37.5,0.25,7.5,0.7441860465116279,16,-22,0.10631909253214555,-0.028296279138991243,0.9274,569000,0.0070796460176991705,0.030797101449275388,1.7682,1,20,92040
201906,92040,"lakeside, ca",1660,3559,-345,-1829,63.877715,88.53214364075185,39.223286769545815,30,-0.09090909090909094,-3,0.36363636363636354,8,-27,-0.23186337879674102,-0.25610030653066174,0.8831,565000,0.01073345259391778,0,1.739,1,20,92040
201905,92040,"lakeside, ca",1660,3214,-943,-1009,66.913739,84.32591502666912,49.50156336214825,33,0.32000000000000006,8,0.06451612903225801,2,-22.5,-0.11572899389496538,-0.15211541455395827,1.0495,559000,-0.01843722563652328,0.03537692165215778,1.7229,0,20,92040
201904,92040,"lakeside, ca",1660,2271,-196,79,72.909526,91.8629076838032,53.9561451999263,25,0,0,-0.15254237288135597,-4.5,-33.5,-0.009116923726540715,-0.059624121498851435,1.1357,569500,0.020358539631836647,0.05482496758659017,1.7932,0,20,92040
201903,92040,"lakeside, ca",1660,2075,114,247,72.744492,94.21457206958696,51.27441244620986,25,-0.180327868852459,-5.5,0.08695652173913038,2,-40,0.019537565467662388,0.005651534083020993,1.1263,558137.1428571428,0.01489629482428767,0.03358730158730161,1.8188,0,20,92040
201902,92040,"lakeside, ca",1660,2189,483,-1007,73.95656,93.95397025086953,53.95915044771701,30.5,-0.27380952380952384,-11.5,0.7941176470588236,13.5,-52.5,0.1372475044934769,-0.2295559617696431,1.1307,549945,0.0035492700729926607,0.014658671586715855,1.8424,1,20,92040
201901,92040,"lakeside, ca",1660,2672,670,-1480,70.42981,93.87566869581258,46.98395130049806,42,-0.17647058823529416,-9,0.75,18,-45,0.38204702253726897,-0.2941956383046722,1.0143,548000,-0.0016396429222080844,0.05394749495143758,1.8897,1,20,92040
201812,92040,"lakeside, ca",1660,3342,287,-1221,66.450867,87.59124087591242,45.31049407622052,51,0.5,17,0.020000000000000018,1,-30,0.17589713745890467,-0.18488850607713647,0.9965,548900,-0.0017967295158286545,0.0699825925586599,1.8798,0,20,92040
201811,92040,"lakeside, ca",1660,3629,-346,-1822,65.104186,94.04182077855495,36.16655070128538,34,0.15254237288135597,4.5,-0.06849315068493156,-2.5,-37.5,-0.0826581123400516,-0.299213771190906,0.8582,549888,0.00161748633879788,0.04740571428571427,1.8437,0,20,92040
201810,92040,"lakeside, ca",1660,3283,-361,-1517,66.898427,94.26256432716522,39.53428957261214,29.5,0.01724137931034475,0.5,0.28260869565217384,6.5,-39,-0.07172647206414462,-0.17731569798204516,0.9073,549000,-0.02659574468085102,0.05576923076923079,1.8361,1,20,92040
201809,92040,"lakeside, ca",1660,2922,-717,-951,68.572935,93.89751609266466,43.24835436593083,29,0.20833333333333326,5,-0.21621621621621623,-8,-36,-0.1757006841090687,-0.14239547848713974,0.964,564000,0.025547777070642708,0.07428571428571429,1.8863,0,20,92040
201808,92040,"lakeside, ca",1660,2205,73,-595,73.417999,94.89818261440772,51.93781475804686,24,0.11627906976744184,2.5,-0.18644067796610164,-5.5,-38,-0.013346447500384051,-0.04878788408941137,1.092,549950,-0.00371376811594204,0.047623583198399766,1.8378,0,20,92040
201807,92040,"lakeside, ca",1660,2278,,,73.694221,95.59619604974397,51.792245793708844,21.5,,,,,-38,,,1.0832,552000,,,1.8406,0,20,92040
201806,92040,"lakeside, ca",1660,1730,,,78.183941,93.47707124876874,62.890810258655286,22,,,,,-35,,,1.2924,565000,,,1.8833,0,20,92040
201805,92040,"lakeside, ca",1660,2205,,,75.973668,84.25949762789158,67.68783788753632,31,,,,,-26,,,1.3974,539900,,,1.8003,1,20,92040
201804,92040,"lakeside, ca",1660,2350,,,75.412949,87.68158690362068,63.14431089152718,29.5,,,,,-30,,,1.2983,539900,,,1.8119,0,20,92040
201803,92040,"lakeside, ca",1660,2322,,,76.096959,93.37038945741,58.82352941176471,23,,,,,-42,,,1.1832,540000,,,1.8685,0,20,92040
201802,92040,"lakeside, ca",1660,1182,,,84.534918,96.65629860031105,72.41353773235576,17,,,,,-67.5,,,1.5398,542000,,,1.9549,0,20,92040
201801,92040,"lakeside, ca",1660,1192,,,84.672437,97.0110605556172,72.33381422705583,24,,,,,-66,,,1.5379,519950,,,1.9146,0,20,92040
201712,92040,"lakeside, ca",1660,2121,,,76.919395,88.27926501454505,65.55952424789189,50,,,,,-35,,,1.3423,512999,,,1.8923,0,20,92040
201711,92040,"lakeside, ca",1660,1807,,,79.155959,92.45906454218371,65.85285263235187,36.5,,,,,-41,,,1.3476,525000,,,1.9091,0,20,92040
201710,92040,"lakeside, ca",1660,1766,,,79.077768,96.88929551692588,61.26623970722781,23,,,,,-51.5,,,1.2458,520000,,,1.8738,0,20,92040
201709,92040,"lakeside, ca",1660,1971,,,77.314832,88.84431639983954,65.78534699682726,37,,,,,-34,,,1.347,525000,,,1.8849,1,20,92040
201708,92040,"lakeside, ca",1660,1610,,,80.617659,92.31585495261444,68.91946284167003,29.5,,,,,-37,,,1.3946,524950,,,1.8815,0,20,92040
202201,91911,"chula vista, ca",140,2678,-121,-2272,68.795578,88.52211016291699,49.069045771916215,31,-0.08823529411764708,-3,0.4761904761904763,10,-30,0.37890651141002474,-0.4670753155390026,1.0242,699000,0.014678728617714354,0.21565217391304348,1.864,1,4,91911
202201,91913,"chula vista, ca",2509,1811,370,-1471,74.367727,88.52211016291699,60.21334367726921,31,0.14814814814814814,4,3.428571428571429,24,-30,0.708243340945867,-0.3184390025718439,1.2438,749000,0.015593220338983027,0.1760087925891034,1.9973,1,5,91913
202112,91910,"chula vista, ca",85,1152,1363,-815,78.37185,87.38213015922089,69.36157056732107,33,0.22222222222222232,6,1,16.5,-20.5,0.30698915111985836,-0.1695005366798078,1.4741,775000,-0.01273885350318471,0.10793423874195862,2.0667,1,3,91910
202112,91911,"chula vista, ca",140,2557,322,-2043,68.617638,86.26140052558355,50.97387540578142,34,0.15254237288135597,4.5,1.2666666666666666,19,-19.5,-0.012224315480827808,-0.3250139497807891,1.0824,688888,-0.007365994236311235,0.17768698179331577,1.837,1,4,91911
202112,91913,"chula vista, ca",2509,2181,2196,-1859,70.922863,91.99257999690833,49.85314577214407,27,-0.0847457627118644,-2.5,1,13.5,-26.5,0.27172064767270565,-0.4025918287873719,1.0611,737500,-0.10060975609756095,0.0893648449039881,1.9667,1,5,91913
202111,91915,"chula vista, ca",5067,1724,487,-1429,72.595914,87.83871833199187,57.35311026790847,26.5,0.15217391304347827,3.5,1.65,16.5,-20,0.09658025800583458,-0.1946434054606183,1.2274,662450,-0.046834532374100735,0.14511668107173725,1.7458,1,7,91915
202111,91911,"chula vista, ca",140,2879,633,-709,64.938101,84.73419953240581,45.14200298953662,29.5,0.13461538461538458,3.5,-0.13235294117647056,-4.5,-17,0.09989301813498419,-0.047775125102847316,1.0113,694000,0.005942890273952672,0.17826825127334467,1.829,0,4,91911
202111,91913,"chula vista, ca",2509,4377,-273,-3547,57.107815,84.73419953240581,29.481430378291364,29.5,0.0535714285714286,1.5,1.2692307692307692,16.5,-17,-0.10377555277430106,-0.3621232813935644,0.77,820000,0.10810810810810811,0.26738794435857804,2.161,1,5,91913
202111,91910,"chula vista, ca",85,2515,1621,-819,67.262658,87.57425932313825,46.951055919665784,27,-0.15625,-5,-0.31645569620253167,-12.5,-19.5,0.08338472924633034,-0.24512680059131597,1.0409,785000,0.006554787354081659,0.19856477593709454,2.0688,0,3,91910
202110,91914,"chula vista, ca",8214,2977,2837,-2184,62.742581,83.05519897304237,42.429962999320395,28,-0.33333333333333337,-14,0.6470588235294117,11,-15,-0.05094714990052751,-0.21016042780748656,0.992,993900,-0.1710592160133445,-0.09563239308462235,2.6155,1,6,91914
202110,91915,"chula vista, ca",5067,2211,2799,-1857,67.248735,88.2503964358529,46.247073925847616,23,-0.28125,-9,1.875,15,-20,0.2637907608695653,-0.265932407966204,1.0572,695000,0.03345724907063197,0.15852642107017845,1.8289,1,7,91915
202110,91913,"chula vista, ca",2509,4104,-185,-3078,56.888545,83.05519897304237,30.721890810239373,28,0.05660377358490565,1.5,1.5454545454545454,17,-15,-0.05531902829034108,-0.25941044601331686,0.8115,740000,-0.006644741257802567,0.23353892315385893,1.9474,1,5,91913
202110,91910,"chula vista, ca",85,4136,-1379,-3594,56.739409,76.4630370761912,37.01578192252511,32,0.3913043478260869,9,1.2857142857142856,18,-11,-0.07289189936411411,-0.3227234753550544,0.9075,779888,0.009629102207262541,0.32408828522920197,2.0523,1,3,91910
202110,91911,"chula vista, ca",140,3512,-515,-1729,59.982632,85.59238843162426,34.3728762365023,26,0.20930232558139528,4.5,0.18181818181818188,4,-17,-0.04830716018431469,-0.14476778365667264,0.8685,689900,0.019129920969052305,0.2103508771929825,1.8155,0,4,91911
202109,91910,"chula vista, ca",85,2757,1881,-2051,63.932153,87.6386567390974,40.225649597325635,23,-0.11538461538461542,-3,0.06976744186046502,1.5,-18.5,0.11391465254621602,-0.3769151096363256,0.9647,772450,0.03130841121495331,0.29943645386491724,2.0328,0,3,91910
202109,91915,"chula vista, ca",5067,5010,-748,-4702,52.702857,74.22124297219268,31.18447044522109,32,0.3913043478260869,9,2.2,22,-9.5,-0.014551811400031922,-0.5036194415718718,0.8245,672500,0.011278195488721776,0.17569930069930062,1.7697,1,7,91915
202109,91913,"chula vista, ca",2509,3919,611,-2073,57.973712,83.26622093906701,32.68120346451907,26.5,0.12765957446808507,3,0.12765957446808507,3,-15,0.03930700467777948,-0.22647475177445398,0.8467,744950,0.007437960646426323,0.10649832900111389,1.9604,0,5,91913
202109,91911,"chula vista, ca",140,2997,2525,-1066,62.646254,89.18857316517247,36.103935572101506,21.5,-0.2586206896551724,-7.5,-0.2321428571428571,-6.5,-20,0.08415398835844012,-0.21864827611866122,0.8994,676950,0.01728153880832517,0.20883928571428578,1.7814,0,4,91911
202108,91913,"chula vista, ca",2509,4530,840,-2962,55.097808,82.69142944131526,27.50418632973055,23.5,0.09302325581395343,2,0.8076923076923077,10.5,-14,0.08970168175908744,-0.21473988607300643,0.7743,739450,-0.01988203326926896,0.08758640976614207,1.9435,1,5,91913
