san_diego_ca_suburb_4.csv
month_date_yyyymm,postal_code,zip_name,nielsen_hh_rank,hotness_rank,hotness_rank_mm,hotness_rank_yy,hotness_score,supply_score,demand_score,median_days_on_market,median_days_on_market_mm,median_dom_mm_day,median_days_on_market_yy,median_dom_yy_day,median_dom_vs_us,ldp_unique_viewers_per_property_mm,ldp_unique_viewers_per_property_yy,ldp_unique_viewers_per_property_vs_us,median_listing_price,median_listing_price_mm,median_listing_price_yy,median_listing_price_vs_us,quality_flag,id,zip_code
202108,91910,"chula vista, ca",85,4638,-335,-3534,54.620186,78.34525803014158,30.895113411478153,26,0.13043478260869557,3,-0.10344827586206895,-3,-11.5,-0.1139884640520542,-0.4244016347674884,0.8231,749000,0.03033220991815111,0.24854142357059517,1.9686,0,3,91910
202108,91911,"chula vista, ca",140,5522,-1379,-4775,50.483331,72.40066981275689,28.56599177957071,29,0.41463414634146334,8.5,0.6111111111111112,11,-8.5,-0.10864777443983153,-0.4274646477167622,0.7885,665450,-0.014148148148148132,0.25556603773584907,1.749,1,4,91911
202108,91914,"chula vista, ca",8214,3283,-923,-1863,61.223169,81.99878215862384,40.44755670573908,24,0.1428571428571428,3,-0.040000000000000036,-1,-13.5,-0.2138161761824524,-0.18693967011739065,0.9709,1059500,-0.05780346820809246,-0.11708333333333332,2.7848,1,6,91914
202108,91915,"chula vista, ca",5067,4262,743,-3628,56.212894,83.41832851271121,29.007459278428982,23,0.022222222222222143,0.5,1.2999999999999998,13,-14.5,-0.006027201069914168,-0.40464863575527077,0.7952,665000,0.0390625,0.1687170474516695,1.7479,1,7,91915
202107,91913,"chula vista, ca",2509,5370,-962,-4330,51.212375,82.07281848586196,20.351930678017634,21.5,0.3870967741935485,6,0.13157894736842102,2.5,-15,-0.1717099330656685,-0.37077882692910513,0.6426,754450,0.058877192982456084,0.18437990580847718,1.9596,0,5,91913
202107,91910,"chula vista, ca",85,4303,-191,-3479,56.263302,79.62526603830952,32.90133779264214,23,-0.11538461538461542,-3,-0.1636363636363637,-4.5,-13.5,-0.24579584868521276,-0.3317711957434686,0.8402,726950,0.051341384048015026,0.2025641025641025,1.8882,0,3,91910
202107,91915,"chula vista, ca",5067,5005,-212,-4124,52.958726,80.41577987230161,25.501672240802677,22.5,0.4516129032258065,7,-0.25,-7.5,-14,0.0166126110448519,-0.4387623223996979,0.7235,640000,-0.0038910505836575737,-0.0038135263444626366,1.6623,0,7,91915
202107,91911,"chula vista, ca",140,4143,-1328,-3739,57.057616,83.77926421404682,30.335968379446644,20.5,0.10810810810810811,2,0.28125,4.5,-16,-0.2981869934804997,-0.3977472462776507,0.8,675000,0.038621326357901165,0.21184919210053854,1.7532,1,4,91911
202106,91915,"chula vista, ca",5067,4793,-1345,-3996,54.680695,87.48217520329902,21.879215323544148,15.5,0.1071428571428572,1.5,-0.41509433962264153,-11,-20,-0.3142457294552169,-0.34301752764161375,0.6425,642500,-0.025037936267071292,0.07351712614870509,1.6688,0,7,91915
202106,91911,"chula vista, ca",140,2815,909,-1399,65.044128,83.47400470189233,46.61425212934058,18.5,-0.11904761904761907,-2.5,-0.43939393939393945,-14.5,-17,-0.00913016172083525,0.19425050302959712,1.0291,649900,-0.00015230792662757064,0.21476635514018683,1.6881,0,4,91911
202106,91913,"chula vista, ca",2509,4408,-280,-2951,56.507496,87.48217520329902,25.532816895980265,15.5,0.1071428571428572,1.5,-0.24390243902439024,-5,-20,-0.13235848490721003,-0.03743765083433148,0.7004,712500,0.1220472440944882,0.13005551149881045,1.8506,0,5,91913
202106,91910,"chula vista, ca",85,4112,-856,-2597,58.014414,70.89836975372876,45.13045824180059,26,0.7333333333333334,11,-0.37349397590361444,-15.5,-9.5,0.007290279627163665,0.02913767637112774,1.0057,691450,0.04765151515151511,0.2571818181818182,1.796,0,3,91910
202105,91915,"chula vista, ca",5067,3448,-267,-2558,61.376706,88.71722128507898,34.03619076828707,14,-0.33333333333333337,-7,-0.26315789473684215,-5,-23,-0.2388049691107319,0.23860453272217974,0.8153,659000,-0.04830673694851617,0.039432176656151396,1.7347,0,7,91915
202105,91913,"chula vista, ca",2509,4128,-2268,-3172,57.813219,88.71722128507898,26.909216377856154,14,0.21739130434782616,2.5,-0.33333333333333337,-7,-23,-0.4165625577721527,0.07490664399009139,0.7024,635000,-0.007035971099273675,0.006339144215530945,1.6715,0,5,91913
202105,91911,"chula vista, ca",140,3724,-1315,-2905,59.804861,79.95322803251035,39.656494402698975,21,-0.2075471698113207,-5.5,-0.4,-14,-16,-0.36466788054604005,0.17140082544306856,0.9038,649999,0.02442710795902281,0.18203127841425704,1.711,0,4,91911
202105,91910,"chula vista, ca",85,3256,-661,-1883,62.43866,87.26422327863824,37.6130961508971,15,-0.0625,-1,-0.5714285714285714,-20,-22,-0.2093173570243635,0.35510645976181876,0.8688,660000,-0.027982326951399128,0.10183639398998334,1.7373,0,3,91910
202104,91911,"chula vista, ca",140,2409,-362,-1010,68.960012,75.52077249542499,62.39925242378227,26.5,0.29268292682926833,6,-0.273972602739726,-10,-13.5,0.055185888738127575,1.4110810167271866,1.3276,634500,0.0754237288135593,0.1331368872220735,1.705,0,4,91911
202104,91910,"chula vista, ca",85,2595,-1207,-1257,67.986606,88.15169567418137,47.82151617801659,16,0.032258064516129004,0.5,-0.5,-16,-24,-0.2536810239061468,0.9718455380939419,1.0255,679000,0.0326996197718632,0.20283436669619137,1.8246,0,3,91910
202104,91915,"chula vista, ca",5067,3181,-2324,-2557,64.610832,82.89140676712222,46.33025736868746,21,2,14,-0.17647058823529416,-4.5,-19,-0.3131709331131295,0.6057816929931146,0.9996,692450,0.07783797330037578,0.08704951887717338,1.8607,0,7,91915
202104,91913,"chula vista, ca",2509,1860,-36,-1067,72.475957,91.95966203325156,52.99225168399331,11.5,0.3529411764705883,3,-0.39473684210526316,-7.5,-28.5,-0.008888811214603387,1.0493997238818547,1.1236,639499.5,-0.000000781860828746872,0.1329604039330321,1.7185,0,5,91913
202103,91913,"chula vista, ca",2509,1824,-613,-764,74.841013,95.1230931294136,54.55893254262416,8.5,0.1333333333333333,1,-0.6222222222222222,-14,-39.5,-0.08012312817414324,1.2252890199507287,1.1312,639500,0.024019215372297786,0.18097876269621427,1.7931,1,5,91913
202103,91911,"chula vista, ca",140,2047,-932,-346,73.344778,86.48901720572744,60.20053841051851,20.5,0.7083333333333333,8.5,-0.2807017543859649,-8,-27.5,-0.03803890091141915,1.8060136676782665,1.2554,590000,0.017242256243324317,0.06884057971014501,1.6543,0,4,91911
202103,91910,"chula vista, ca",85,1388,-635,247,77.728142,90.46077016113301,64.99551324567906,15.5,0.8235294117647058,7,-0.4363636363636364,-12,-32.5,-0.046581992745051704,2.052292883818212,1.3711,657500,0.003816793893129722,0.14347826086956528,1.8435,0,3,91910
202102,91911,"chula vista, ca",140,1115,-709,834,80.990977,95.5900160149994,66.39193781492911,12,-0.4285714285714286,-9,-0.6363636363636364,-21,-51.5,-0.13749863073721114,1.8721991701244813,1.3923,579999.5,0.008694782608695606,0.02654778761061949,1.6679,1,4,91911
202102,91910,"chula vista, ca",85,753,-543,625,84.123667,97.06261474161165,71.18471934690052,8.5,-0.575,-11.5,-0.6964285714285714,-19.5,-55,-0.20164945857466643,1.8731484890537824,1.5343,655000,-0.11486486486486491,0.13913043478260878,1.8835,1,3,91910
202102,91913,"chula vista, ca",2509,1211,-871,335,80.26249,97.40635131440179,63.118628178586775,7.5,0.0714285714285714,0.5,-0.6875,-16.5,-56,-0.14406519065190637,1.6537415747549025,1.312,624500,-0.019469304443397673,0.0785837651122625,1.7958,1,5,91913
202101,91913,"chula vista, ca",2509,340,-18,1367,88.39361,98.33729216152018,78.449927208643,7,-0.4814814814814815,-6.5,-0.7777777777777778,-24.5,-64,0.4973253078616695,2.6428329996619953,1.8141,636900,-0.059231905465288004,0.08501775994684801,1.8738,1,5,91913
202101,91910,"chula vista, ca",85,210,127,1206,90.487319,94.82415140602252,86.15048655275459,20,0.21212121212121215,3.5,-0.5833333333333333,-28,-51,0.878519766870304,2.789578191891987,2.2744,740000,0.05789849892780552,0.37037037037037046,2.1771,1,3,91910
202012,91913,"chula vista, ca",2509,322,508,1701,88.577512,97.44504545977672,79.70997813327195,13.5,0.03846153846153855,0.5,-0.71875,-34.5,-50.5,0.3578672552719331,2.422447691354378,1.8618,677000,0.04636785162287471,0.16724137931034488,1.9853,1,5,91913
202012,91910,"chula vista, ca",85,337,1359,1220,88.289792,96.89645912456363,79.68312425672306,16.5,-0.5822784810126582,-23,-0.6764705882352942,-34.5,-47.5,0.1879731723774849,1.9418214876166848,1.8606,699500,0.06802045957706704,0.31361502347417836,2.0513,1,3,91910
202012,91911,"chula vista, ca",140,514,1656,683,86.193271,97.1765066942878,75.21003567729313,15,-0.5588235294117647,-19,-0.6385542168674698,-26.5,-49,0.3934874317954429,1.6851721429268913,1.681,584950,-0.0068760611205432864,0.1469607843137255,1.7154,1,4,91911
202011,91910,"chula vista, ca",85,1696,-1154,200,75.219415,75.66587804319622,74.77295275891017,39.5,1.8214285714285716,25.5,-0.10227272727272729,-4.5,-17,-0.02798106377053755,1.7013620885357552,1.6769,654950,0.11196943972835305,0.11196943972835305,1.8753,0,3,91910
202011,91913,"chula vista, ca",2509,830,196,2538,82.35137,97.069373425933,67.63336640464016,13,0.18181818181818188,2,-0.6904761904761905,-29,-43.5,0.040537213982190234,2.3383646303779417,1.4681,647000,0.0785130855142524,0.09865851587705898,1.8525,1,5,91913
202011,91911,"chula vista, ca",140,2170,-387,-717,71.748836,83.24811111959093,60.2495611691979,34,0.5454545454545454,12,-0.15000000000000002,-6,-22.5,-0.012140967498110555,1.0035197263760738,1.2917,589000,0.03333333333333344,0.12190476190476196,1.6865,0,4,91911
202010,91913,"chula vista, ca",2509,1026,820,2764,80.01393,97.17254621437445,62.855314182447955,11,-0.5319148936170213,-12.5,-0.6451612903225806,-20,-40,-0.013306926620782922,2.7451147192396697,1.3457,599900,-0.10894912736724838,0.04430324658368878,1.714,1,5,91913
202010,91911,"chula vista, ca",140,1783,148,-361,74.103008,89.79330597492564,58.4127103648206,22,-0.2142857142857143,-6,-0.24137931034482762,-7,-29,-0.13052054543160896,1.1517850570482153,1.2471,570000,0.017857142857142794,0.09195402298850586,1.6286,0,4,91911
202010,91910,"chula vista, ca",85,542,164,710,84.793494,95.97153721621928,73.61545122548097,14,-0.34883720930232553,-7.5,-0.582089552238806,-19.5,-37,-0.14707356859471743,1.6111547780145696,1.6455,589000,-0.00916813861552701,0.028910821905843376,1.6829,0,3,91910
202010,91915,"chula vista, ca",5067,354,-46,838,87.602123,98.14766010315876,77.0565867248974,8,-0.19999999999999996,-2,-0.6666666666666667,-16,-43,-0.14541771027011596,1.987059252741593,1.7687,599900,0.048776223776223704,0.09571776911204677,1.714,1,7,91915
202009,91910,"chula vista, ca",85,706,398,977,84.550943,90.00377358490566,79.09811320754717,21.5,-0.2586206896551724,-7.5,-0.5057471264367817,-22,-29.5,0.029021025754475183,1.8035224188291115,1.85,594450,-0.00908484747457905,0.052217010354898674,1.6984,0,3,91910
202009,91914,"chula vista, ca",8214,3364,-1944,-2772,64.277358,60.74339622641509,67.81132075471699,46.5,0.8600000000000001,21.5,0.576271186440678,17,-4.5,-0.017762855303099734,0.9231308304708892,1.4746,1200000,0,0.38089758342922897,3.4286,1,6,91914
202009,91915,"chula vista, ca",5067,308,326,1032,89.645283,97.09056603773585,82.19999999999999,10,0,0,-0.6774193548387097,-21,-41,0.18193171250166063,2.289415260620849,1.9846,572000,0.005272407732864748,0.07765639340379527,1.6343,1,7,91915
202009,91911,"chula vista, ca",140,1931,-1184,-628,73.945283,84.06415094339623,63.82641509433963,28,0.5555555555555556,10,-0.05084745762711862,-1.5,-23,-0.20558633623960243,1.2819437422759496,1.3754,560000,0.05660377358490565,0.0998877665544331,1.6,0,4,91911
202009,91913,"chula vista, ca",2509,1846,-278,1238,74.692453,88.37358490566038,61.01132075471698,23.5,0.8076923076923077,10.5,-0.21666666666666667,-6.5,-27.5,0.05507394719251346,2.228884505672505,1.3078,673250,-0.009780850125018392,0.18134760484295498,1.9236,0,5,91913
202008,91910,"chula vista, ca",85,1104,-280,584,80.220292,84.44908304756224,75.9915014164306,29,0.05454545454545445,1.5,-0.19444444444444442,-7,-24,0.028596439784584815,1.9520858330829545,1.7491,599900,-0.007609594706368905,0.11239735099337733,1.714,0,3,91910
202008,91914,"chula vista, ca",8214,1420,203,-721,77.519755,88.02743402415388,67.01207693454599,25,-0.21875,-7,-0.19354838709677424,-6,-28,0.07526805657376312,0.9335741356428462,1.4606,1200000,-0.03026384904440582,0.27214902317128575,3.4286,0,6,91914
202008,91915,"chula vista, ca",5067,634,247,1353,84.866557,97.07022513791561,72.66288951841359,10,-0.6666666666666667,-20,-0.6774193548387097,-21,-43,-0.06298193172514899,2.1675300682337952,1.6336,569000,-0.11432796326562378,0.08736899292104483,1.6257,1,7,91915
202008,91913,"chula vista, ca",2509,1568,-528,1782,76.228194,96.1830922916356,56.273296555837184,13,-0.3157894736842105,-6,-0.6176470588235294,-21,-40,-0.12683280567395938,2.0627326689109595,1.206,679900,0.06734693877551012,0.21111026286993906,1.9426,1,5,91913
202008,91911,"chula vista, ca",140,747,-343,529,83.660728,93.21977038914568,74.10168480691814,18,0.125,2,-0.3793103448275862,-11,-35,-0.06238220882020362,1.7872794069408906,1.6844,530000,-0.04847396768402157,0.047135196161445014,1.5143,0,4,91911
202007,91910,"chula vista, ca",85,824,691,991,83.330221,88.45105143241325,78.20939005714712,27.5,-0.3373493975903614,-14,-0.140625,-4.5,-30,0.16154811473164954,2.105100804292764,1.8288,604500,0.09909090909090912,0.16261178959515332,1.7321,0,3,91910
202007,91915,"chula vista, ca",5067,881,-84,1533,82.755014,86.25854405557838,79.25148470473985,30,0.13207547169811318,3.5,0.19999999999999996,5,-27.5,0.19004246024732985,2.9779287518019135,1.875,642450,0.07343358395989985,0.26478984151983465,1.8408,0,7,91915
202007,91911,"chula vista, ca",140,404,1012,1327,88.148508,95.79427034699137,80.50274530310388,16,-0.5151515151515151,-17,-0.4576271186440678,-13.5,-41.5,0.39167572234136583,2.31508522551187,1.9321,557000,0.04112149532710285,0.05602426770309976,1.596,0,4,91911
202007,91914,"chula vista, ca",8214,1623,-670,16,75.803982,84.35737496731782,67.25058827923654,32,0.10344827586206895,3,0.06666666666666665,2,-25.5,-0.04278607665175538,1.4361228249975015,1.4609,1237450,-0.08506469500924219,0.13009132420091318,3.5457,0,6,91914
202007,91913,"chula vista, ca",2509,1040,417,2875,81.337542,94.55795017368244,68.11713293243193,19,-0.07317073170731703,-1.5,-0.46478873239436624,-16.5,-38.5,0.26709155181125577,2.64511270559253,1.4854,637000,0.010309278350515427,0.11519607843137258,1.8252,0,5,91913
202006,91911,"chula vista, ca",140,1416,-597,436,77.889129,85.64935548766857,70.12890246628419,33,-0.05714285714285716,-2,0.4347826086956521,10,-35.5,-0.02808854296284291,1.6865553504142605,1.5331,535000,-0.027095835606473884,-0.007421150278293154,1.5623,1,4,91911
202006,91913,"chula vista, ca",2509,1457,-501,2519,77.425304,93.91997615676925,60.93063110051412,20.5,-0.023809523809523836,-0.5,-0.10869565217391308,-2.5,-48,-0.0310927598786106,2.5993454165774255,1.2945,630500,-0.0007923930269413404,0.09480812641083514,1.8411,0,5,91913
202006,91915,"chula vista, ca",5067,797,93,1226,83.462484,90.54466880262275,76.3802995305864,26.5,0.39473684210526305,7.5,0.15217391304347827,3.5,-42,0.29284780578898206,2.189870307167235,1.7399,598500,-0.055993690851735,0.15317919075144504,1.7477,0,7,91915
202006,91914,"chula vista, ca",8214,953,1434,1165,81.825125,88.76015200059608,74.89009760822591,29,-0.5166666666666666,-31,-0.275,-11,-39.5,0.09770741629985324,1.3895362021661573,1.6853,1352500,0.4015544041450778,0.3538538538538538,3.9495,1,6,91914
202006,91910,"chula vista, ca",85,1515,-142,517,76.903733,77.49049996274495,76.31696594888608,41.5,0.18571428571428572,6.5,0.22058823529411775,7.5,-27,0.32633912460689785,1.7938823529411763,1.7386,550000,-0.08180300500834725,0.0018214936247722413,1.6061,1,3,91910
202005,91913,"chula vista, ca",2509,956,-163,3289,81.690873,95.55737156866387,67.82437502321608,21,0.10526315789473695,2,-0.2075471698113207,-5.5,-50,0.11237244619273912,2.2638215331394735,1.4419,631000,0.11790238285056254,0.07956441030291117,1.9121,0,5,91913
202005,91910,"chula vista, ca",85,1373,-35,300,78.173173,89.51747706251625,66.82886965565915,35,0.09375,3,0.45833333333333326,11,-36,0.15053989328179496,0.8904553395194774,1.4147,599000,0.06111603188662529,0.08909090909090911,1.8152,1,3,91910
202005,91914,"chula vista, ca",8214,2387,-297,-915,70.749601,66.661713903644,74.8374874633186,60,0.25,12,0.9672131147540983,29.5,-11,0.2062148068427092,0.9007750183854726,1.657,965000,-0.07166907166907166,0.19216752115634073,2.9242,1,6,91914
202005,91911,"chula vista, ca",140,819,580,-87,82.836819,89.51747706251625,76.15616061810483,35,-0.04109589041095896,-1.5,0.7948717948717949,15.5,-36,0.3076968867194476,0.7455920238214728,1.7024,549900,-0.017948031074203064,0.06880466472303204,1.6664,1,4,91911
202005,91915,"chula vista, ca",5067,890,-266,1254,82.203484,96.18884885405446,68.21811968351844,19,-0.2549019607843137,-6.5,-0.07317073170731703,-1.5,-52,-0.013153098420413234,1.2836593785960875,1.4524,634000,-0.004708794904862534,0.15482695810564673,1.9212,0,7,91915
202004,91913,"chula vista, ca",2509,793,267,3224,84.737866,96.85289825244172,72.62283426262022,19,-0.15555555555555556,-3.5,-0.24,-6,-43,0.07617309607952394,1.7065610162078753,1.5955,564450,0.042382271468144106,-0.04652910919855746,1.7583,0,5,91913
202004,91910,"chula vista, ca",85,1338,297,911,79.854433,89.95247539572652,69.75638962691315,32,0.16363636363636358,4.5,0.049180327868852514,1.5,-30,0.15525483907413218,0.6565189519170933,1.5134,564500,-0.01826086956521744,0.04280473966167908,1.7584,0,3,91910
202004,91914,"chula vista, ca",8214,2090,1227,-780,74.252517,73.09433821053025,75.41069490700895,48,-0.08571428571428574,-4.5,1.1333333333333333,25.5,-14,0.23965122588612475,0.604524320163651,1.6907,1039500,0.05532994923857859,0.2199998491032964,3.2381,1,6,91914
202004,91915,"chula vista, ca",5067,624,23,2022,86.189799,93.97896942708527,78.40062867193055,25.5,0.3421052631578947,6.5,0.0625,1.5,-36.5,0.06944857716053932,1.3546552128299485,1.8115,636999.5,0.05734832766204656,0.22727708726376306,1.9843,0,7,91915
