san_diego_ca_suburb_4.csv
month_date_yyyymm,postal_code,zip_name,nielsen_hh_rank,hotness_rank,hotness_rank_mm,hotness_rank_yy,hotness_score,supply_score,demand_score,median_days_on_market,median_days_on_market_mm,median_dom_mm_day,median_days_on_market_yy,median_dom_yy_day,median_dom_vs_us,ldp_unique_viewers_per_property_mm,ldp_unique_viewers_per_property_yy,ldp_unique_viewers_per_property_vs_us,median_listing_price,median_listing_price_mm,median_listing_price_yy,median_listing_price_vs_us,quality_flag,id,zip_code
202004,91911,"chula vista, ca",140,1399,302,-197,79.294989,85.79500804550388,72.79497062455562,36.5,0.2807017543859649,8,0.8717948717948718,17,-25.5,0.22802427840418216,0.5129567665716852,1.6023,559950,0.014402173913043548,0.08592602853580833,1.7443,1,4,91911
202003,91911,"chula vista, ca",140,1701,248,45,78.218577,88.68801845032176,67.74913514116729,28.5,-0.13636363636363635,-4.5,0.05555555555555558,1.5,-30,-0.015349104560722804,0.3941990236565096,1.4565,552000,-0.023008849557522137,0.08630868709586736,1.725,0,4,91911
202003,91910,"chula vista, ca",85,1635,-257,169,78.739352,89.51009931927241,67.96860469441654,27.5,-0.017857142857142905,-0.5,-0.017857142857142905,-0.5,-31,-0.10253975904352608,0.4062953011569128,1.4624,575000,0,0.042935247324644266,1.7969,0,3,91910
202003,91913,"chula vista, ca",2509,1060,486,3801,83.565822,92.89141836848566,74.24022616523453,22.5,-0.0625,-1.5,-0.3382352941176471,-11.5,-36,0.0969880660597573,1.838557422333376,1.6549,541500,-0.06476683937823835,-0.05589885751432766,1.6922,0,5,91913
202003,91914,"chula vista, ca",8214,3317,-1459,-2336,67.258119,64.44965219655543,70.06658483056206,52.5,0.5,17.5,1.625,32.5,-6,-0.013828470380194524,0.24366405553768655,1.5225,985000,0.01025641025641022,0.23573837832412736,3.0781,1,6,91914
202003,91915,"chula vista, ca",5067,647,380,2804,87.313544,94.79224788900048,79.83483986162258,19,0.05555555555555558,1,-0.40625,-13,-39.5,0.10378007418342672,1.4788583509513744,1.8908,602450,0.14553603176202823,0.1601522642247022,1.8827,0,7,91915
202002,91913,"chula vista, ca",2509,1546,161,3412,78.949998,93.49716865909174,64.40282763980902,24,-0.23809523809523814,-7.5,-0.1578947368421053,-4.5,-55,0.17495524007103547,1.9177144672610749,1.341,579000,-0.013620218230138259,0.024787829980796205,1.8683,0,5,91913
202002,91914,"chula vista, ca",8214,1858,-920,-94,76.483216,87.27191976016877,65.69451126984714,35,-0.05405405405405406,-2,0.06060606060606055,2,-44,-0.07332955306016209,0.475831031788823,1.3723,975000,-0.1216216216216216,0.251604621309371,3.1462,0,6,91914
202002,91915,"chula vista, ca",5067,1027,-385,2805,83.339502,95.75854028646508,70.92046337762315,18,-0.48571428571428577,-17,-0.33333333333333337,-9,-61,-0.08664180894645046,1.6088487731722312,1.5227,525911,-0.07653906935908694,0.020195926285160093,1.697,0,7,91915
202002,91911,"chula vista, ca",140,1949,-582,159,75.916947,88.46737481031866,63.36651985639735,33,0,0,0.1785714285714286,5,-46,0.03936037638097378,0.5865849598214687,1.3148,565000,0.05706267539756782,0.1299999999999999,1.8232,0,4,91911
202002,91910,"chula vista, ca",85,1378,38,346,80.173211,91.72804322883896,68.61837965875866,28,-0.41666666666666663,-20,0.05660377358490565,1.5,-51,0.05299528123830699,0.6116082368036988,1.4484,575000,0.06481481481481488,0.02687739976783643,1.8554,0,3,91910
202001,91910,"chula vista, ca",85,1416,141,270,79.671229,90.9290389764951,68.41341862540911,48,-0.05882352941176472,-3,0.10344827586206895,4.5,-37,0.4582809841252271,0.5127983939844134,1.4466,540000,0.014084507042253502,-0.014598540145985384,1.8006,0,3,91910
202001,91911,"chula vista, ca",140,1367,-170,1103,80.005951,96.19532877119906,63.81657244867599,33,-0.20481927710843373,-8.5,-0.2978723404255319,-14,-52,0.354924203472043,0.6099540122633964,1.3304,534500,0.04803921568627456,0.09652384503420364,1.7823,0,4,91911
202001,91913,"chula vista, ca",2509,1707,316,3531,77.331895,96.49285926807498,58.17093127045522,31.5,-0.34375,-16.5,-0.2921348314606742,-13,-53.5,0.40673962917683526,1.6305403456099912,1.2003,586995,0.012060344827586222,0.031625659050966703,1.9573,0,5,91913
202001,91915,"chula vista, ca",5067,642,637,2980,86.817539,95.61886343350193,78.01621541207973,35,-0.23913043478260865,-11,0.04477611940298498,1.5,-50,0.7595154613179398,1.8545429005735947,1.7533,569500,0.07473108133610107,0.11241332161343887,1.899,0,7,91915
202001,91914,"chula vista, ca",8214,938,-444,858,83.752975,95.15769116334424,72.34825944659327,37,-0.1685393258426966,-7.5,0.013698630136986356,0.5,-48,0.11641012058872802,0.7335618496391803,1.5574,1110000,-0.07268170426065168,0.43319195088412443,3.7012,1,6,91914
201912,91914,"chula vista, ca",8214,494,199,2668,88.359465,91.68612624633975,85.0328032914489,44.5,-0.03260869565217395,-1.5,-0.2192982456140351,-12.5,-34.5,-0.014203657392935276,1.2533494105037515,2.049,1197000,0.30250272034820447,0.5346350594238387,3.9907,1,6,91914
201912,91915,"chula vista, ca",5067,1279,469,2592,80.22536,90.82619815411988,69.62452277697469,46,0.4838709677419355,15,-0.07999999999999996,-4,-33,0.2269049163783159,1.0378790765010661,1.4636,529900,0.0017013232514178078,0.04930693069306935,1.7666,0,7,91915
201912,91911,"chula vista, ca",140,1197,256,1271,80.870307,93.00196449090033,68.73864857852404,41.5,0.03750000000000009,1.5,-0.011904761904761862,-0.5,-37.5,0.039739506241152744,0.676608611619413,1.4422,510000,-0.02857142857142858,0.04081632653061229,1.7003,0,4,91911
201912,91910,"chula vista, ca",85,1557,339,98,78.105193,86.94169539271284,69.26869046295266,51,0.15909090909090917,7,0.18604651162790709,8,-28,0.09087030044708033,0.41313801930438476,1.457,532500,-0.09592529711375208,-0.030054644808743203,1.7753,0,3,91910
201912,91913,"chula vista, ca",2509,2023,1345,3535,74.771118,89.2286593276252,60.31357722673191,48,0.1428571428571428,6,0.02127659574468077,1,-31,0.32450702729493397,1.6452074871756657,1.2533,580000,-0.015112922397690576,0.008695652173912993,1.9337,0,5,91913
201911,91914,"chula vista, ca",8214,693,28,3376,84.780375,83.07218083740047,86.48856922681738,46,0.41538461538461546,13.5,-0.03157894736842104,-1.5,-23,0.25034821712830313,1.7312700106723584,2.1193,919000,0.05088682154763946,0.20210073316372257,2.9655,0,6,91914
201911,91910,"chula vista, ca",85,1896,-644,276,75.035779,85.2042126894426,64.86734431763972,44,0.31343283582089554,10.5,0.33333333333333326,11,-25,-0.060439953448837236,0.4810335945337707,1.3619,589000,0.028910821905843376,0.07110383706128376,1.9006,1,3,91910
201911,91915,"chula vista, ca",5067,1748,-556,2995,76.055925,94.2717698433085,57.84007926314631,31,0.29166666666666674,7,-0.13888888888888884,-5,-38,-0.10689529368843487,1.1313792695898832,1.2164,529000,-0.03378113042128239,0.02143270901718486,1.707,0,7,91915
201911,91913,"chula vista, ca",2509,3368,422,2147,65.333382,87.44266265458148,43.22410186782136,42,0.35483870967741926,11,0.18309859154929575,6.5,-27,0.1673174345727959,1.080053453690181,0.9648,588900,0.025154495604491345,0.03497363796133568,1.9003,0,5,91913
201911,91911,"chula vista, ca",140,1453,-31,1391,78.134747,89.03159517081943,67.23789952662288,40,0.3793103448275863,11,0.29032258064516125,9,-29,0.060963002571741365,0.7738524337656985,1.4144,525000,0.005747126436781658,0.05210420841683372,1.6941,1,4,91911
201910,91914,"chula vista, ca",8214,721,-129,2956,83.889743,92.10776777216488,75.6717182809869,32.5,0.10169491525423724,3,-0.20731707317073167,-8.5,-33.5,-0.07841321729006656,1.0701918424370462,1.6769,874499.5,0.00632853855005755,0.1553027700860301,2.7897,0,6,91914
201910,91911,"chula vista, ca",140,1422,-119,1015,77.890036,94.09180759938502,61.688264148180686,29,-0.016949152542372836,-0.5,-0.016949152542372836,-0.5,-37,-0.07792686175095598,0.4847337206969613,1.3188,522000,0.025252525252525304,0.0388059701492538,1.6652,0,4,91911
201910,91913,"chula vista, ca",2509,3790,-706,1443,62.689436,93.18398125777875,32.19488981623837,31,0.03333333333333344,1,0.05084745762711873,1.5,-35,-0.14931364849209738,0.656525858990471,0.8177,574450,0.007983856816985435,0.0249799268444999,1.8325,0,5,91913
201910,91910,"chula vista, ca",85,1252,431,329,79.134637,91.32440149352075,66.94487151328794,33.5,-0.22988505747126442,-10,0.36734693877551017,9,-32.5,-0.08423721481772772,0.4067066219277382,1.434,572450,0.013275511107177618,0.041860041860041886,1.8262,1,3,91910
201910,91915,"chula vista, ca",5067,1192,148,3355,79.720331,96.33940991287795,63.1012519218098,24,-0.22580645161290325,-7,-0.33333333333333337,-12,-42,-0.058915211436225357,1.113042079836264,1.3474,547495,0.03148861382274637,-0.026675555555555563,1.7466,0,7,91915
201909,91911,"chula vista, ca",140,1303,-27,780,79.089813,94.49943387267614,63.680192848533544,29.5,0.01724137931034475,0.5,0.0535714285714286,1.5,-36.5,-0.029663700918680647,0.49918053021842534,1.3668,509142.85714285716,0.00592718035563089,0.04119193689745848,1.6168,0,4,91911
201909,91914,"chula vista, ca",8214,592,107,3287,85.779247,94.49943387267614,77.05905986339896,29.5,-0.048387096774193505,-1.5,-0.313953488372093,-13.5,-36.5,-0.012428947650654831,1.1839407594803282,1.7388,869000,-0.07875208238679388,0.13594771241830061,2.7596,0,6,91914
201909,91913,"chula vista, ca",2509,3084,266,1783,66.600314,94.2766353774791,38.923992841228674,30,-0.11764705882352944,-4,-0.1428571428571429,-5,-36,0.0007819853904365015,0.6265913057737513,0.9185,569900,0.015166552154108448,0.03637024913620657,1.8098,0,5,91913
201909,91910,"chula vista, ca",85,1683,5,-22,75.831842,82.63632711202015,69.02735673326272,43.5,0.20833333333333326,7.5,0.403225806451613,12.5,-22.5,0.08355059751688843,0.44558611644746593,1.4964,564950,0.04758940397350986,0.02905282331511838,1.7941,1,3,91910
201909,91915,"chula vista, ca",5067,1340,647,3066,78.804923,93.85295299316995,63.7568939698309,31,0,0,0.03333333333333344,1,-35,0.13813670252185206,1.3218060912062333,1.3682,530781.4285714286,0.01433263171688548,-0.06056384323640951,1.6856,0,7,91915
201908,91914,"chula vista, ca",8214,699,940,2328,83.298101,92.05816962495899,74.53803258373729,31,0.03333333333333344,1,-0.03125,-1,-33,0.3547373267584393,0.9995572001147708,1.724,943285.7142857143,-0.13855185909980428,0.21714285714285708,2.9686,0,6,91914
201908,91910,"chula vista, ca",85,1688,127,-43,74.79134,88.15103692094617,61.4316434012465,36,0.125,4,0.3090909090909091,8.5,-28,0.08191150700123928,0.24863415212328444,1.3522,539285.7142857143,0.03718764166884192,-0.028226481150167904,1.6972,1,3,91910
201908,91915,"chula vista, ca",5067,1987,427,1630,72.455079,92.05816962495899,52.85198819112876,31,0.24,6,0.4761904761904763,10,-33,0.17675003376583565,0.7305327262096617,1.1771,523281.4285714286,0.03018294826543677,-0.06972190476190476,1.6468,1,7,91915
201908,91913,"chula vista, ca",2509,3350,565,985,63.479972,90.55290301417793,36.40704158617925,34,-0.04225352112676062,-1.5,0.2142857142857142,6,-30,0.039200341071936595,0.4403849787384495,0.8987,561385.7142857143,-0.017181872749099547,0.020701298701298665,1.7667,1,5,91913
201908,91911,"chula vista, ca",140,1276,455,461,78.160878,93.66548820935233,62.6562670845938,29,-0.016949152542372836,-0.5,0.23404255319148937,5.5,-35,0.1151673129636599,0.34911510410406854,1.3792,506142.85714285716,-0.04039651693457735,0.0032574009347028365,1.5929,1,4,91911
201907,91911,"chula vista, ca",140,1731,121,60,75.715958,91.83277861087744,59.59913682747522,29.5,0.28260869565217384,6.5,0.20408163265306123,5,-30,0.12781832247481106,0.15968595731417445,1.2541,527450,-0.021428571428571463,0.009570293808019992,1.6391,1,4,91911
201907,91910,"chula vista, ca",85,1815,217,-561,75.017373,89.81383270546065,60.22091364617241,32,-0.05882352941176472,-2,0.36170212765957444,8.5,-27.5,0.04512831768758008,0.018412902306040646,1.2674,519950,-0.0529143897996357,-0.058828853289890515,1.6158,1,3,91910
201907,91915,"chula vista, ca",5067,2414,-391,550,70.564354,94.87217000109726,46.25653780037307,25,0.08695652173913038,2,-0.019607843137254943,-0.5,-34.5,-0.04571415300194559,0.1834792867742734,1.0143,507950,-0.021290944123314115,-0.11660869565217391,1.5785,1,7,91915
201907,91914,"chula vista, ca",8214,1639,479,1426,76.379796,91.48165758384843,61.277934237957645,30,-0.25,-10,0.09090909090909083,2.5,-29.5,-0.06109113235681063,0.49924751793259103,1.2904,1095000,0.09609609609609615,0.3696916630183251,3.4028,1,6,91914
201907,91913,"chula vista, ca",2509,3915,61,-185,61.623569,85.97344647233093,37.27369152554771,35.5,0.5434782608695652,12.5,0.3653846153846154,9.5,-24,0.2511822096470562,0.20140786651756626,0.8769,571200,-0.008161139086646951,-0.015087507543753764,1.7751,1,5,91913
201906,91914,"chula vista, ca",8214,2118,-646,821,73.030791,77.2617567468734,68.79982447158633,40,0.3114754098360655,9.5,0.29032258064516125,9,-17,-0.12682016179215927,0.4136716417910449,1.4477,999000,0.23417135091728958,0.31447368421052624,3.0748,1,6,91914
201906,91911,"chula vista, ca",140,1852,-1120,-91,75.021941,93.68097710816939,56.36290499524611,23,0.17948717948717952,3.5,-0.2068965517241379,-6,-34,-0.3684995594811915,-0.09806528318201468,1.1714,539000,0.04761904761904767,0.0570700137281821,1.659,0,4,91911
201906,91915,"chula vista, ca",5067,2023,121,486,73.661596,93.68097710816939,53.6422145834857,23,0.12195121951219523,2.5,0.4375,7,-34,-0.0744376001263567,0.1963998159650333,1.1196,519000,-0.05464480874316935,-0.0814159292035398,1.5974,1,7,91915
201906,91910,"chula vista, ca",85,2032,-359,-590,73.593944,85.59569955386527,61.592188985592045,34,0.41666666666666674,10,0.3600000000000001,9,-23,-0.10254457297132613,-0.04711353755939751,1.2774,549000,-0.0018181818181818299,-0.02313167259786475,1.6898,1,3,91910
201906,91913,"chula vista, ca",2509,3976,269,-193,61.427631,93.68097710816939,29.174285087398523,23,-0.13207547169811318,-3.5,-0.04166666666666663,-1,-34,-0.12141238255205844,-0.044768069039913594,0.7383,575900,-0.014705001753650637,-0.022241086587436287,1.7725,0,5,91913
201905,91913,"chula vista, ca",2509,4245,-228,-510,61.17712,90.61247011219422,31.741769358101894,26.5,0.06000000000000005,1.5,0.15217391304347827,3.5,-29,-0.07755253533330886,-0.0039012039694884537,0.7671,584495,-0.012669025920827082,-0.012510559216083794,1.8015,0,5,91913
201905,91914,"chula vista, ca",8214,1472,-162,1259,78.598492,86.89350744896083,70.30347618171785,30.5,0.3555555555555556,8,0.03389830508474567,1,-25,0.018216766424343334,0.41907071498530857,1.5136,809450,-0.049996269498159496,-0.08948256467941507,2.4948,0,6,91914
201905,91910,"chula vista, ca",85,1673,576,-670,77.189627,92.44804119919074,61.93121206547728,24,-0.21311475409836067,-6.5,0.11627906976744184,2.5,-31.5,0.00816512208239173,-0.14370442923614912,1.2994,550000,0.01601878975008586,-0.0177694437003304,1.6952,0,3,91910
201905,91911,"chula vista, ca",140,732,470,745,85.381644,95.00091962479308,75.76236895346699,19.5,0,0,-0.17021276595744683,-4,-36,0.13341996662861777,0.28305286290170373,1.6933,514500,-0.0022163734589278894,0.022964509394572064,1.5858,0,4,91911
201905,91915,"chula vista, ca",5067,2144,502,33,73.544234,94.48960823983813,52.59885966525657,20.5,-0.14583333333333337,-3.5,0.24242424242424243,4,-35,0.017526616643667614,0.08992046745658167,1.1043,549000,0.05773257421364697,0.05780346820809257,1.6921,1,7,91915
201904,91910,"chula vista, ca",85,2249,-445,-640,73.029298,87.51059517228671,58.54800073705546,30.5,0.08928571428571419,2.5,0.45238095238095233,9.5,-28,-0.019250911709431384,-0.058082612869578054,1.2333,541328.5714285714,-0.018138004301298416,-0.013964477948667398,1.7045,1,3,91910
201904,91911,"chula vista, ca",140,1202,544,736,80.707573,94.94748479823106,66.46766169154229,19.5,-0.2777777777777778,-7.5,-0.3157894736842105,-9,-39,0.1316319724437276,0.08385620205681232,1.4296,515642.85714285716,0.014759628900758992,0.02208693189862676,1.6237,0,4,91911
201904,91915,"chula vista, ca",5067,2646,805,-570,70.543578,92.56679565137277,48.52036115717708,24,-0.25,-8,0.06666666666666665,1.5,-34.5,0.1258597530384684,-0.1188976321952161,1.0385,519034.7857142857,-0.0004823937956484059,-0.03869095575443682,1.6343,0,7,91915
201904,91913,"chula vista, ca",2509,4017,844,-767,62.693938,91.8629076838032,33.524967753823475,25,-0.2647058823529411,-9,0.47058823529411775,8,-33.5,0.12865703425819297,-0.07077746332277979,0.7957,591995,0.032138791959013036,0.05902504472271919,1.8641,1,5,91913
201904,91914,"chula vista, ca",8214,1310,-329,2107,79.775198,93.41072415699281,66.13967201031878,22.5,0.125,2.5,-0.32835820895522383,-11,-36,-0.03914845561171798,0.4031133376748359,1.4224,852049.2857142857,0.06894416505665224,-0.03614334195216551,2.6829,0,6,91914
201903,91914,"chula vista, ca",8214,981,783,2152,80.824966,96.27422854830998,65.37570340946706,20,-0.3939393939393939,-13,-0.4444444444444444,-16,-45,0.17026984867735928,0.3289262175612835,1.4547,797094.2857142857,0.023227581147991838,-0.10338100594568544,2.5975,1,6,91914
201903,91910,"chula vista, ca",85,1804,-80,-756,74.673581,92.99716797234176,56.34999448306301,28,0.05660377358490565,1.5,0.4736842105263157,9,-37,0.02848549329533956,-0.21450701243503856,1.2357,551328.5714285715,-0.015396782876021975,0.004241478011969946,1.7966,1,3,91910
201903,91913,"chula vista, ca",2509,4861,97,-2948,57.243738,89.59873478244879,24.88874177056898,34,0.1929824561403508,5.5,0.6190476190476191,13,-31,0.12757907434693916,-0.42359322033898306,0.6928,573561.4285714285,0.015161954656994325,-0.04230851799728086,1.8691,1,5,91913
201903,91915,"chula vista, ca",5067,3451,381,-1929,64.599654,90.36375004597448,38.83555849792195,32,0.18518518518518512,5,1.1333333333333333,17,-33,0.1616618962032308,-0.3068831331555302,0.9064,519285.28571428574,0.007342940279894794,-0.029373297730307057,1.6922,1,7,91915
201903,91911,"chula vista, ca",140,1746,362,-237,75.151716,93.69230203391076,56.6111295009011,27,-0.0357142857142857,-1,0.42105263157894735,8,-38,0.12052316410428654,-0.08599272176356476,1.2414,508142.85714285716,0.016285714285714237,0.047933299944023844,1.6559,1,4,91911
