san_diego_ca_suburb_4.csv
month_date_yyyymm,postal_code,zip_name,nielsen_hh_rank,hotness_rank,hotness_rank_mm,hotness_rank_yy,hotness_score,supply_score,demand_score,median_days_on_market,median_days_on_market_mm,median_dom_mm_day,median_days_on_market_yy,median_dom_yy_day,median_dom_vs_us,ldp_unique_viewers_per_property_mm,ldp_unique_viewers_per_property_yy,ldp_unique_viewers_per_property_vs_us,median_listing_price,median_listing_price_mm,median_listing_price_yy,median_listing_price_vs_us,quality_flag,id,zip_code
201902,91915,"chula vista, ca",5067,3832,-210,-2977,64.458299,95.4229260711907,33.493672759564866,27,-0.19402985074626866,-6.5,0.8,12,-56,-0.0006242727582864704,-0.5179567645881413,0.7987,515500,0.0069342709248949586,-0.01245210727969348,1.727,1,7,91915
201902,91910,"chula vista, ca",85,1724,-38,-652,77.347739,95.60053282024718,59.094945607933106,26.5,-0.3908045977011494,-17,0.12765957446808507,3,-56.5,-0.011565258880897988,-0.2361427838940231,1.2298,559950,0.021806569343065796,0.008918918918918939,1.8759,0,3,91910
201902,91913,"chula vista, ca",2509,4958,280,-2887,58.286465,94.76430104343964,21.80862872789166,28.5,-0.3595505617977528,-16,0.3255813953488371,7,-54.5,0.05931104567408396,-0.45914234941448606,0.6289,564995,-0.0070386643233743,-0.02503019844693699,1.8928,1,5,91913
201902,91911,"chula vista, ca",140,2108,362,-1383,74.589284,95.02331088581366,54.15525789980019,28,-0.4042553191489362,-19,0.6470588235294117,11,-55,0.054669274269708135,-0.36730445898924524,1.134,500000,0.025747282539011707,0.015228426395939021,1.675,1,4,91911
201902,91914,"chula vista, ca",8214,1764,32,1254,77.005476,92.77362539776512,61.237327018426704,33,-0.09589041095890416,-3.5,-0.3125,-15,-50,0.08849895374259709,0.08345687496931897,1.2723,779000,0.005816693458317923,-0.08352402072953369,2.6097,0,6,91914
201901,91915,"chula vista, ca",5067,3622,249,-2897,65.152186,96.10772920125437,34.196642685851316,33.5,-0.32999999999999996,-16.5,0.675,13.5,-53.5,0.2561309702787933,-0.5275254140528453,0.8153,511950,0.013762376237623775,0.04054878048780486,1.7653,1,7,91915
201901,91911,"chula vista, ca",140,2470,-2,-1953,71.697104,91.7247740269323,51.66943368382218,47,0.11904761904761907,5,1.35,27,-40,0.4110201722092066,-0.4305760723593076,1.0969,487449.5,-0.005205102040816367,-0.010254822335025393,1.6809,1,4,91911
201901,91914,"chula vista, ca",8214,1796,1366,-429,76.198118,95.38092602840804,57.01531082826047,36.5,-0.35964912280701755,-20.5,-0.16091954022988508,-7,-50.5,0.45115219721329036,-0.20323471190171016,1.1925,774495,-0.007044962114898912,-0.11232664756446986,2.6707,1,6,91914
201901,91913,"chula vista, ca",2509,5238,320,-3457,56.247925,92.82420217672016,19.671647297546578,44.5,-0.05319148936170215,-2.5,0.3484848484848484,11.5,-42.5,0.41458320752058286,-0.5012990206955725,0.6056,569000,-0.01043478260869568,0.045005004637324486,1.9621,1,5,91913
201901,91910,"chula vista, ca",85,1686,-31,-690,77.035602,93.19313779745434,60.87806677734735,43.5,0.011627906976744207,0.5,0.29850746268656714,10,-43.5,0.36221211609589044,-0.21287819012919384,1.2692,548000,-0.0018214936247723523,-0.03766792519097373,1.8897,1,3,91910
201812,91914,"chula vista, ca",8214,3162,907,-1561,67.466897,82.4597439753512,52.47404907750431,57,0.19999999999999996,9.5,0.46153846153846145,18,-24,0.19487726787620074,-0.11229462545252011,1.1158,779990,0.020268281676139255,-0.08225673608659845,2.6712,1,6,91914
201812,91913,"chula vista, ca",2509,5558,-43,-3740,53.999927,90.57697245350842,17.422880827495142,47,0.323943661971831,11.5,0.3055555555555556,11,-34,0.04152337006400675,-0.5019118096041173,0.5814,575000,0.010544815465729274,0.04735883424408005,1.9692,1,5,91913
201812,91910,"chula vista, ca",85,1655,517,-960,76.823901,93.28760591277556,60.36019513626527,43,0.303030303030303,10,0.303030303030303,10,-38,0.14328221318152523,-0.24476739975376005,1.2652,549000,-0.0016366612111292644,-0.03667310054395512,1.8801,1,3,91910
201812,91915,"chula vista, ca",5067,3871,872,-3019,63.415618,88.66962549976158,38.16161097458093,50,0.38888888888888884,14,0.6129032258064515,19,-31,0.28319669929408753,-0.4278656126482213,0.8813,505000,-0.024908283452403923,-0.14392269876250208,1.7295,1,7,91915
201812,91911,"chula vista, ca",140,2468,376,-1971,71.562191,93.98452114587536,49.1398598833584,42,0.35483870967741926,11,0.35483870967741926,11,-39,0.1000447217354965,-0.4398341727644208,1.0555,490000,-0.018036072144288595,0.03157894736842115,1.6781,1,4,91911
201811,91910,"chula vista, ca",85,2172,-591,-1808,73.682572,94.53619950928334,52.82894495916798,33,0.346938775510204,8.5,0.22222222222222232,6,-38.5,-0.10759260015413685,-0.4395227043683535,1.1207,549900,0.0008190008190007703,-0.010072097858666584,1.8438,1,3,91910
201811,91911,"chula vista, ca",140,2844,-407,-2508,69.661625,95.43340535393855,43.88984509466437,31,0.05084745762711873,1.5,0.16981132075471694,4.5,-40.5,-0.11196246297327017,-0.5254970315882947,0.9717,499000,-0.006965174129353269,0.039799958324650886,1.6731,0,4,91911
201811,91913,"chula vista, ca",2509,5515,-282,-3791,54.720401,93.12264254586736,16.31816017870876,35.5,0.20338983050847448,6,0.5106382978723405,12,-36,-0.07036450789775117,-0.5087799537610749,0.5653,569000,0.015255598180033969,0.011555555555555541,1.9078,1,5,91913
201811,91915,"chula vista, ca",5067,4743,-196,-3846,58.860365,92.85531182480683,24.86541912330172,36,0,0,0.41176470588235303,10.5,-35.5,-0.11457906480470204,-0.5288850659347877,0.6955,517900,-0.07928888888888885,-0.11006100180427869,1.7365,1,7,91915
201811,91914,"chula vista, ca",8214,4069,-392,-2144,62.698209,83.2021093492511,42.19430915149962,47.5,0.15853658536585358,6.5,0.4179104477611941,14,-24,-0.05228678629707695,-0.1788394952814879,0.9457,764495,0.009975638884778704,-0.07881070008434754,2.5633,1,6,91914
201810,91911,"chula vista, ca",140,2437,-354,-2256,71.942407,94.26256432716522,49.622248987189316,29.5,0.0535714285714286,1.5,0.4390243902439024,9,-39,-0.06895487249291621,-0.514966973031822,1.0612,502500,0.027607361963190247,0.025719534598897642,1.6806,1,4,91911
201810,91913,"chula vista, ca",2509,5233,-366,-3926,56.126136,94.26256432716522,17.989707653564,29.5,-0.15714285714285714,-5.5,0.34090909090909083,7.5,-39,-0.1646861316451641,-0.5231811397099062,0.5897,560450,0.019185306419349013,0.02929292929292937,1.8744,1,5,91913
201810,91910,"chula vista, ca",85,1581,80,-1236,77.440783,96.47432388043359,58.407241140187594,24.5,-0.20967741935483875,-6.5,0.2894736842105263,5.5,-44,-0.0589267530392279,-0.34918435924627156,1.2179,549450,0.0008196721311475308,-0.018839285714285725,1.8376,1,3,91910
201810,91914,"chula vista, ca",8214,3677,202,-2084,64.748713,86.0140881054053,43.483338807985696,41,-0.046511627906976716,-2,0.22388059701492535,7.5,-27.5,-0.02777564045020664,-0.22412589349432543,0.9677,756944,-0.010530718954248397,-0.11203706962285176,2.5316,1,6,91914
201810,91915,"chula vista, ca",5067,4547,-141,-3444,59.918245,90.09087922916895,29.74561115369174,36,0.19999999999999996,6,0.5,12,-32.5,0.034061940971007676,-0.42849686801723585,0.7618,562500,-0.004424778761061954,0.051598429613011865,1.8813,1,7,91915
201809,91913,"chula vista, ca",2509,4867,-532,-3542,57.628105,90.11528530385134,25.140924464487036,35,0.25,7,0.5909090909090908,13,-30,-0.11378393968316691,-0.4040083689765218,0.6963,549900,-0.0001818181818181719,0.018521948508983144,1.8391,1,5,91913
201809,91915,"chula vista, ca",5067,4406,-789,-3390,60.115649,93.10470233116341,27.12659562861403,30,0.4285714285714286,9,0.19999999999999996,5,-35,-0.15170228122230034,-0.45305552217281575,0.7266,565000,0.004444444444444473,0.04823747680890533,1.8896,0,7,91915
201809,91914,"chula vista, ca",8214,3879,-852,-1476,63.376005,82.28897697930684,44.46303233079972,43,0.34375,11,0,0,-22,-0.09580660566088883,-0.10048217911121138,0.9817,765000,-0.012903225806451646,-0.12058857339924134,2.5585,1,6,91914
201809,91911,"chula vista, ca",140,2083,-346,-1867,73.949885,94.57395352220243,53.325817361894025,28,0.1914893617021276,4.5,0.1200000000000001,3,-37,-0.12679271724512053,-0.4748803827751197,1.1241,489000,-0.03072252797079089,0.04264392324093813,1.6355,0,4,91911
201809,91910,"chula vista, ca",85,1661,-16,-1092,76.977488,92.34461941302688,61.610357493544754,31,0.1272727272727272,3.5,0.03333333333333344,1,-34,-0.06407631740537256,-0.2541844437151297,1.2764,549000,-0.010721686638435868,-0.0018181818181818299,1.8361,0,3,91910
201808,91915,"chula vista, ca",5067,3617,-653,-2405,64.53726,96.35063134077805,32.72388876724327,21,-0.17647058823529416,-4.5,-0.2075471698113207,-5.5,-41,-0.19524244206401298,-0.3563772286712653,0.7998,562500,-0.021739130434782594,0.0058113544926241545,1.8797,0,7,91915
201808,91911,"chula vista, ca",140,1737,54,-1518,76.607547,95.13174220859791,58.08335158017663,23.5,-0.04081632653061229,-1,0.34285714285714275,6,-38.5,-0.041413242676157314,-0.3783323549697164,1.2021,504499.5,-0.034358311800172237,0.0412786377708978,1.6859,1,4,91911
201808,91913,"chula vista, ca",2509,4335,-605,-3563,60.340486,92.5370410918911,28.143931099919712,28,0.07692307692307687,2,0.6470588235294117,11,-34,-0.1332154367889513,-0.4581661668669842,0.7336,550000,-0.05164238296404866,0.018612834521714916,1.8379,1,5,91913
201808,91914,"chula vista, ca",8214,3027,38,-572,68.175681,89.59929932121743,46.75206189329246,32,0.16363636363636358,4.5,-0.22891566265060237,-9.5,-30,0.015768178313000147,-0.07572414328017996,1.0138,775000,-0.030583526174244757,-0.19647485743908766,2.5898,1,6,91914
201808,91910,"chula vista, ca",85,1645,-391,-1093,77.248011,92.82534121596964,61.67068097219182,27.5,0.17021276595744683,4,0.17021276595744683,4,-34.5,-0.11756967722708545,-0.19737206347803915,1.2734,554950,0.004525296406914681,-0.0431896551724138,1.8545,0,3,91910
201807,91910,"chula vista, ca",85,1254,,,81.214338,94.50621799561083,67.92245793708851,23.5,,,,,-36,,,1.4124,552450,,,1.8421,0,3,91910
201807,91913,"chula vista, ca",2509,3730,,,64.220922,93.12362838332115,35.318215069495245,26,,,,,-33.5,,,0.8284,579950,,,1.9338,1,5,91913
201807,91914,"chula vista, ca",8214,3065,,,68.500366,91.91660570592538,45.08412582297001,27.5,,,,,-32,,,0.9768,799450,,,2.6657,1,6,91914
201807,91911,"chula vista, ca",140,1791,,,76.978786,94.05632772494513,59.90124359912217,24.5,,,,,-35,,,1.2274,522450,,,1.7421,1,4,91911
201807,91915,"chula vista, ca",5067,2964,,,69.113021,93.40526700804682,44.82077542062912,25.5,,,,,-34,,,0.9727,575000,,,1.9173,1,7,91915
201806,91910,"chula vista, ca",85,1442,,,80.239685,90.89781474590492,69.5815548502426,25,,,,,-32,,,1.4595,562000,,,1.8733,0,3,91910
201806,91913,"chula vista, ca",2509,3783,,,64.60545,91.67487505016234,37.53602568311992,24,,,,,-33,,,0.8414,589000,,,1.9633,1,5,91913
201806,91914,"chula vista, ca",8214,2939,,,69.827806,85.611615774689,54.04399693553683,31,,,,,-26,,,1.1149,760000,,,2.5333,1,6,91914
201806,91915,"chula vista, ca",5067,2509,,,72.547517,96.59625697712598,48.498777862901754,16,,,,,-41,,,1.0188,565000,,,1.8833,0,7,91915
201806,91911,"chula vista, ca",140,1761,,,77.977819,88.0157600963117,67.93987815110722,29,,,,,-28,,,1.4139,509900,,,1.6997,1,4,91911
201805,91911,"chula vista, ca",140,1477,,,80.969806,91.14045088448384,70.79916148725681,23.5,,,,,-33.5,,,1.49,502950,,,1.6771,0,4,91911
201805,91914,"chula vista, ca",8214,2731,,,72.696848,85.6533411790666,59.74035526460961,29.5,,,,,-27.5,,,1.2042,889000,,,2.9643,0,6,91914
201805,91913,"chula vista, ca",2509,3735,,,66.277445,91.53028575631643,41.0246037291751,23,,,,,-34,,,0.8694,591900,,,1.9737,1,5,91913
201805,91915,"chula vista, ca",5067,2177,,,76.166746,95.67871722261042,56.65477547717995,16.5,,,,,-40.5,,,1.1439,519000,,,1.7306,0,7,91915
201805,91910,"chula vista, ca",85,1003,,,84.915965,92.69611268434409,77.1358169982715,21.5,,,,,-35.5,,,1.7132,559950,,,1.8671,0,3,91910
201804,91911,"chula vista, ca",140,1938,,,78.231694,88.65865349163042,67.80473416414719,28.5,,,,,-31,,,1.418,504500,,,1.6931,0,4,91911
201804,91910,"chula vista, ca",85,1609,,,80.60615,93.77995723029275,67.43234274758498,21,,,,,-38.5,,,1.4076,548995,,,1.8424,0,3,91910
201804,91915,"chula vista, ca",5067,2076,,,77.335742,92.82869994838138,61.84278445542364,22.5,,,,,-37,,,1.2671,539925,,,1.812,0,7,91915
201804,91913,"chula vista, ca",2509,3250,,,69.939532,95.63822726937542,44.24083769633508,17,,,,,-42.5,,,0.9206,559000,,,1.876,0,5,91913
201804,91914,"chula vista, ca",8214,3417,,,68.827889,84.07934518103384,53.57643241648846,33.5,,,,,-26,,,1.0898,884000,,,2.9666,0,6,91914
201803,91914,"chula vista, ca",8214,3133,,,70.895605,84.2560553633218,57.53515423691379,36,,,,,-29,,,1.1565,889000,,,3.0761,1,6,91914
201803,91911,"chula vista, ca",140,1509,,,81.896488,95.2403739969079,68.5526025178532,19,,,,,-46,,,1.435,484900,,,1.6779,0,4,91911
201803,91915,"chula vista, ca",5067,1522,,,81.795259,96.96679673120812,66.62372082750497,15,,,,,-50,,,1.3817,535000,,,1.8512,0,7,91915
201803,91913,"chula vista, ca",2509,1913,,,78.697637,94.7544725023927,62.64080100125157,21,,,,,-44,,,1.2699,598900,,,2.0723,1,5,91913
201803,91910,"chula vista, ca",85,1048,,,85.459766,95.2403739969079,75.67915777074285,19,,,,,-46,,,1.6621,549000,,,1.8997,0,3,91910
201802,91915,"chula vista, ca",5067,855,,,87.358365,97.25616529660076,77.46056431904022,15,,,,,-69.5,,,1.7384,522000,,,1.8828,0,7,91915
201802,91914,"chula vista, ca",8214,3018,,,71.600755,82.14470858327779,61.05680219210545,48,,,,,-36.5,,,1.2322,849995,,,3.0658,1,6,91914
201802,91910,"chula vista, ca",85,1072,,,85.375472,94.43827297637563,76.31267125823891,23.5,,,,,-61,,,1.6892,555000,,,2.0018,0,3,91910
201802,91911,"chula vista, ca",140,725,,,88.615493,96.65629860031105,80.57468710656892,17,,,,,-67.5,,,1.8806,492500,,,1.7764,0,4,91911
201802,91913,"chula vista, ca",2509,2071,,,77.875287,95.17514626379324,60.57542768273717,21.5,,,,,-63,,,1.22,579500,,,2.0902,0,5,91913
201801,91913,"chula vista, ca",2509,1781,,,79.580513,95.37602189916029,63.78500351422336,33,,,,,-57,,,1.2997,544495,,,2.0049,1,5,91913
201801,91911,"chula vista, ca",140,517,,,90.863019,97.51784855546924,84.2081899900122,20,,,,,-70,,,2.0615,492500,,,1.8135,0,4,91911
201801,91910,"chula vista, ca",85,996,,,86.303777,95.18736359264602,77.4201901379795,33.5,,,,,-56.5,,,1.7257,569450,,,2.0968,0,3,91910
201801,91914,"chula vista, ca",8214,1367,,,83.052195,91.88769281988681,74.21669810971775,43.5,,,,,-46.5,,,1.6017,872500,,,3.2127,1,6,91914
201801,91915,"chula vista, ca",5067,725,,,88.850664,97.51784855546924,80.18347945104132,20,,,,,-70,,,1.8467,492000,,,1.8116,0,7,91915
201712,91915,"chula vista, ca",5067,852,,,86.852377,96.7927237912877,76.91203004750157,31,,,,,-54,,,1.6913,589900,,,2.1759,0,7,91915
201712,91914,"chula vista, ca",8214,1601,,,80.59064,94.03100489744817,67.15027433074346,39,,,,,-46,,,1.3801,849900,,,3.135,0,6,91914
201712,91911,"chula vista, ca",140,497,,,90.724307,96.7927237912877,84.65588982582759,31,,,,,-54,,,2.069,475000,,,1.7521,0,4,91911
201712,91910,"chula vista, ca",85,695,,,88.308723,96.17778105092609,80.43966564789925,33,,,,,-52,,,1.8394,569900,,,2.1021,0,3,91910
201712,91913,"chula vista, ca",2509,1818,,,79.134293,95.34558309091578,62.92300327723975,36,,,,,-49,,,1.2816,549000,,,2.0251,0,5,91913
201711,91915,"chula vista, ca",5067,897,,,86.234305,96.87568837653279,75.59292165357222,25.5,,,,,-52,,,1.6245,581950,,,2.1162,0,7,91915
201711,91910,"chula vista, ca",85,364,,,91.93957,96.50855422571408,87.3705852118364,27,,,,,-50.5,,,2.2002,555495,,,2.02,0,3,91910
201711,91914,"chula vista, ca",8214,1925,,,78.291358,94.15155297745797,62.43116234672149,33.5,,,,,-44,,,1.2672,829900,,,3.0178,0,6,91914
201711,91913,"chula vista, ca",2509,1724,,,79.862692,97.33827740656436,62.38710624862325,23.5,,,,,-54,,,1.2663,562500,,,2.0455,0,5,91913
201711,91911,"chula vista, ca",140,336,,,92.334239,96.60768044643513,88.06079741537557,26.5,,,,,-51,,,2.2534,479900,,,1.7451,0,4,91911
201710,91915,"chula vista, ca",5067,1103,,,84.21409,96.6184812442818,71.80969807868253,24,,,,,-50.5,,,1.5058,534900,,,1.9275,0,7,91915
201710,91910,"chula vista, ca",85,345,,,92.021958,97.83714547118024,86.2067703568161,19,,,,,-55.5,,,2.1139,560000,,,2.018,0,3,91910
201710,91911,"chula vista, ca",140,181,,,94.170174,97.47849954254346,90.86184812442818,20.5,,,,,-54,,,2.4716,489900,,,1.7654,0,4,91911
201710,91914,"chula vista, ca",8214,1593,,,80.406221,92.42451967063128,68.38792314730101,33.5,,,,,-41,,,1.409,852450,,,3.0718,0,6,91914
201710,91913,"chula vista, ca",2509,1307,,,82.581885,97.1747483989021,67.98902104300092,22,,,,,-52.5,,,1.3971,544500,,,1.9621,0,5,91913
201709,91911,"chula vista, ca",140,216,,,93.494037,95.41956894351044,91.56850588964662,25,,,,,-46,,,2.5655,469000,,,1.6839,0,4,91911
201709,91913,"chula vista, ca",2509,1325,,,82.347471,96.65220086794793,68.04274096495386,22,,,,,-49,,,1.4,539900,,,1.9384,0,5,91913
201709,91910,"chula vista, ca",85,569,,,89.174355,93.40651325626345,84.94219758579192,30,,,,,-41,,,2.0509,550000,,,1.9747,1,3,91910
201709,91914,"chula vista, ca",8214,2403,,,74.100142,84.23835746325808,63.96192699026294,43,,,,,-28,,,1.3079,869900,,,3.1232,1,6,91914
201709,91915,"chula vista, ca",5067,1016,,,84.964079,95.41956894351044,74.50858830823091,25,,,,,-46,,,1.592,539000,,,1.9352,1,7,91915
201708,91915,"chula vista, ca",5067,1212,,,83.557759,94.14541329723005,72.97010501664897,26.5,,,,,-40,,,1.5096,559250,,,2.0045,1,7,91915
201708,91913,"chula vista, ca",2509,772,,,87.328479,97.72402941929819,76.93292839108639,17,,,,,-49.5,,,1.6448,539950,,,1.9353,0,5,91913
201708,91914,"chula vista, ca",8214,2455,,,74.580116,82.78385597716711,66.37637674265432,41.5,,,,,-25,,,1.3325,964500,,,3.457,1,6,91914
201708,91910,"chula vista, ca",85,552,,,89.51846,95.55051410589483,83.4864063814995,23.5,,,,,-43,,,1.9274,580000,,,2.0789,0,3,91910
201708,91911,"chula vista, ca",140,219,,,93.759376,97.58864210179664,89.93011087123568,17.5,,,,,-49,,,2.349,484500,,,1.7366,0,4,91911
