san_diego_ca_suburb_4.csv
month_date_yyyymm,postal_code,zip_name,nielsen_hh_rank,hotness_rank,hotness_rank_mm,hotness_rank_yy,hotness_score,supply_score,demand_score,median_days_on_market,median_days_on_market_mm,median_dom_mm_day,median_days_on_market_yy,median_dom_yy_day,median_dom_vs_us,ldp_unique_viewers_per_property_mm,ldp_unique_viewers_per_property_yy,ldp_unique_viewers_per_property_vs_us,median_listing_price,median_listing_price_mm,median_listing_price_yy,median_listing_price_vs_us,quality_flag,id,zip_code
202201,92071,"santee, ca",512,3359,86,-1056,64.522886,90.72924747866563,38.31652443754849,28,-0.125,-4,0.1200000000000001,3,-33,0.41451493205722034,-0.1972799233222613,0.8471,699000,0.017467248908296984,0.12760122600419432,1.864,0,28,92071
202112,92071,"santee, ca",512,3445,681,-1713,63.315427,88.33281805534085,38.29803679084866,32,0.5609756097560976,11.5,0.7777777777777777,14,-21.5,0.16539251460589033,-0.2103648967149372,0.8727,687000,-0.01779969976410034,0.1317957166392092,1.832,1,28,92071
202111,92071,"santee, ca",512,4126,-143,-1756,58.32471,92.55682035951094,24.092598980491356,20.5,0.13888888888888884,2.5,0.9523809523809523,10,-26,-0.0502623646391992,-0.13174631551956695,0.6911,699450,0.006402877697841758,0.17653490328006738,1.8433,1,28,92071
202110,92071,"santee, ca",512,3983,1265,-1778,57.502077,92.32802235143095,22.676130786075664,18,-0.28,-7,0.8,8,-25,0.09748350336922162,-0.1526014229647198,0.6873,695000,0.019061583577712593,0.26363866116120205,1.8289,1,28,92071
202109,92071,"santee, ca",512,5248,948,-2545,51.677177,85.38975839538064,17.96459504634554,25,-0.1228070175438597,-3.5,0.47058823529411775,8,-16.5,-0.14049472767560767,-0.23350174232196608,0.6172,682000,0.006642066420664117,0.1923076923076923,1.7947,1,28,92071
202108,92071,"santee, ca",512,6196,-1559,-4525,47.57954,73.37874866798599,21.780331861775004,28.5,0.5405405405405406,10,0.2954545454545454,6.5,-9,-0.0867612063522899,-0.353043002915452,0.6825,677500,0.007509852033608544,0.17012089810017272,1.7807,1,28,92071
202107,92071,"santee, ca",512,4637,-441,-2742,54.492247,86.62967467315293,22.35481909394953,18.5,0.08823529411764697,1.5,-0.27450980392156865,-7,-18,-0.1907599861587943,-0.1887431546143774,0.6759,672450,0.027425515660809863,0.1554123711340205,1.7466,0,28,92071
202106,92071,"santee, ca",512,4196,1341,-2070,57.550006,85.94442517439396,29.155586387636333,17,-0.3928571428571429,-11,-0.26086956521739135,-6,-18.5,-0.1840912780456594,0.21053407832434767,0.754,654500,0.006923076923077032,0.10473457675753228,1.7,0,28,92071
202105,92071,"santee, ca",512,5537,-669,-3481,51.079206,68.8544701732863,33.303941113326175,28,0.21739130434782616,5,0.75,12,-9,0.009579919134568016,0.6931935817805384,0.8042,650000,-0.01812688821752262,0.09243697478991586,1.711,1,28,92071
202104,92071,"santee, ca",512,4868,-774,-3700,55.772301,80.38001791068021,31.16458357668497,23,0.2777777777777777,5,-0.061224489795918324,-1.5,-17,-0.046685448275012864,0.47367498797219265,0.7434,662000,0.031152647975077885,0.1716814159292035,1.7789,0,28,92071
202103,92071,"santee, ca",512,4094,-449,-3043,61.566072,88.64656080527486,34.48558386329055,18,-0.12195121951219512,-2.5,0.2857142857142858,4,-30,0.013367825094497743,0.6521733122619215,0.7781,642000,0.036319612590798966,0.1693989071038251,1.8001,1,28,92071
202102,92071,"santee, ca",512,3645,-1342,-2778,63.976017,90.89098082106167,37.06105230264443,20.5,-0.18000000000000005,-4.5,-0.14583333333333337,-3.5,-43,-0.07575553801323465,0.30541694942317665,0.8192,619500,-0.0006452653653815643,0.2029126213592234,1.7815,0,28,92071
202101,92071,"santee, ca",512,2303,-571,-1422,71.086507,92.98138073710827,49.191632825070876,25,0.38888888888888884,7,-0.35064935064935066,-13.5,-46,0.39145721768421593,0.5801460644826997,1.049,619900,0.021252059308072502,0.13858021856919822,1.8238,0,28,92071
202012,92071,"santee, ca",512,1732,638,-515,75.612844,96.50132351248705,54.724364138566,18,0.7142857142857142,7.5,-0.5555555555555556,-22.5,-46,0.28142269823482646,0.8749976225797862,1.1585,607000,0.021026072329688894,0.11376146788990815,1.78,0,28,92071
202011,92071,"santee, ca",512,2370,-165,-738,70.296879,97.83637334961459,42.75738380523544,10.5,0.050000000000000044,0.5,-0.6612903225806452,-20.5,-46,-0.07307468410779716,0.7040246768507639,0.968,594500,0.0809110562019204,0.1323809523809525,1.7022,1,28,92071
202010,92071,"santee, ca",512,2205,498,-308,71.239788,97.57162757426302,44.90794774293136,10,-0.4117647058823529,-7,-0.6721311475409837,-20.5,-41,-0.0072921810820196775,0.889547801990175,0.9961,549999,-0.03846328671328669,0.033929880627878495,1.5714,1,28,92071
202009,92071,"santee, ca",512,2703,-1032,-578,68.458491,93.67924528301886,43.237735849056605,17,-0.2272727272727273,-5,-0.48484848484848486,-16,-34,-0.27454114292990517,0.9005029911098088,0.9622,572000,-0.012089810017271163,0.10863455761217167,1.6343,0,28,92071
202008,92071,"santee, ca",512,1671,224,-25,75.411883,90.72237960339945,60.10138661100343,22,-0.13725490196078427,-3.5,-0.12,-3,-31,0.1451630110765949,1.4276382328667188,1.2903,579000,-0.005154639175257714,0.14634008371987783,1.6543,0,28,92071
202007,92071,"santee, ca",512,1895,231,-81,73.525567,90.1579949949576,56.893138609793446,25.5,0.10869565217391308,2.5,-0.037735849056603765,-1,-32,0.20752462043361564,1.1920551754279267,1.2118,582000,-0.017638619292767332,0.09811320754716979,1.6676,0,28,92071
202006,92071,"santee, ca",512,2126,-70,310,72.166754,92.70546159004545,51.62804560017883,23,0.4375,7,0,0,-45.5,0.14122471731167385,1.2228405775693343,1.1082,592450,-0.004285714285714337,0.08726371811341527,1.73,0,28,92071
202005,92071,"santee, ca",512,2056,-888,-97,72.79633,96.83889900078006,48.75376100442034,16,-0.34693877551020413,-8.5,-0.11111111111111116,-2,-55,-0.12130975973635583,0.6168008288833984,1.048,595000,0.053097345132743445,0.082901082901083,1.803,0,28,92071
202004,92071,"santee, ca",512,1168,-117,591,81.317592,94.59267297833327,68.0425101972084,24.5,0.75,10.5,0.16666666666666674,3.5,-37.5,0.06878441542816027,0.6076935922512481,1.468,565000,0.02914389799635697,0.06468893854147018,1.76,0,28,92071
202003,92071,"santee, ca",512,1051,-184,1351,83.671837,96.93486590038314,70.40880854071347,14,-0.41666666666666663,-10,-0.41666666666666663,-10,-44.5,-0.1993167272098253,0.7415480439370945,1.5332,549000,0.06601941747572826,0.03453845532613675,1.7156,0,28,92071
202002,92071,"santee, ca",512,867,14,2490,84.88286,93.49716865909174,76.26855175987268,24,-0.37662337662337664,-14.5,-0.12727272727272732,-3.5,-55,0.11875462462291542,1.6365573925419388,1.7021,515000,-0.054091284782808335,-0.026465028355387554,1.6618,0,28,92071
202001,92071,"santee, ca",512,881,336,1768,84.240181,94.81181196072598,73.66855102648022,38.5,-0.04938271604938271,-2,0.3275862068965518,9.5,-46.5,0.6510998784998421,1.185104688770168,1.6001,544450,-0.0010091743119265972,0.01766355140186926,1.8154,1,28,92071
201912,92071,"santee, ca",512,1217,415,2043,80.70907,93.494940509285,67.92319952555691,40.5,0.30645161290322576,9.5,0.09459459459459452,3.5,-38.5,0.16457528957528966,0.984091234091234,1.4234,545000,0.03809523809523818,0.03809523809523818,1.817,0,28,92071
201911,92071,"santee, ca",512,1632,265,2502,76.788008,94.2717698433085,59.304245715753545,31,0.016393442622950838,0.5,0.06896551724137923,2,-38,0.027842916271658913,1.0380687320340747,1.2463,525000,-0.013065137700911778,-0.01403821775670222,1.6941,0,28,92071
201910,92071,"santee, ca",512,1897,228,1879,74.63028,93.38897430265759,55.87158649974376,30.5,-0.0757575757575758,-2.5,0.051724137931034475,1.5,-35.5,-0.0015366760424906367,0.7499226756443416,1.1995,531950,0.031010756856284516,-0.014724949064641613,1.697,0,28,92071
201909,92071,"santee, ca",512,2125,-479,912,72.751014,92.55268636546258,52.94934073560028,33,0.32000000000000006,8,0.5,11,-33,-0.07332339594650117,0.5784402375692808,1.1481,515950,0.02150978617490673,-0.0443600666790146,1.6385,1,28,92071
201908,92071,"santee, ca",512,1646,168,1397,75.117542,95.52064730108977,54.71443670955279,25,-0.05660377358490565,-1.5,0.08695652173913038,2,-39,0.034034013451334166,0.5443375441934304,1.2131,505085.71428571426,-0.047008086253369274,-0.0799895914650014,1.5895,0,28,92071
201907,92071,"santee, ca",512,1814,622,281,75.042976,93.93950477305147,56.14644672835668,26.5,0.15217391304347827,3.5,0.65625,10.5,-33,0.22448319494962532,0.23700138529068515,1.1896,530000,-0.02734446687465586,-0.03452044812824484,1.647,1,28,92071
201906,92071,"santee, ca",512,2436,-477,-246,70.72698,93.68097710816939,47.77298325166387,23,0.2777777777777777,5,0.09523809523809534,2,-34,-0.16992109667649635,-0.010538353272343426,1.0234,544900,-0.008281008281008306,-0.025223613595706573,1.6771,0,28,92071
201905,92071,"santee, ca",512,1959,-200,-76,74.785727,95.90215192201582,53.669302924406836,18,-0.1428571428571429,-3,0,0,-37.5,-0.1262593118404135,0.028664344773767336,1.1255,549450,0.035386437666567794,-0.02752212389380526,1.6935,0,28,92071
201904,92071,"santee, ca",512,1759,643,200,76.393956,94.25833793992999,58.52957435046987,21,-0.125,-3,0.2727272727272727,4.5,-37.5,0.15776999861829144,0.07472949241961713,1.2326,530671.4285714286,0.0000000000000002220446049250313,-0.024501050420167925,1.671,1,28,92071
201903,92071,"santee, ca",512,2402,955,-540,70.719776,94.60443561734525,46.83511714296223,24,-0.12727272727272732,-3.5,0.26315789473684204,5,-41,0.21216719188934463,-0.13374216985763387,1.0462,530671.4285714285,0.0031596003240614845,-0.0154518950437319,1.7293,1,28,92071
201902,92071,"santee, ca",512,3357,-708,-2030,67.126101,95.14171538518464,39.11048619847554,27.5,-0.051724137931034475,-1.5,0.896551724137931,13,-55.5,-0.07280760025861777,-0.36430676421611374,0.8834,529000,-0.01121495327102806,-0.0014157621519584884,1.7722,1,28,92071
201901,92071,"santee, ca",512,2649,611,-1614,70.638259,96.92307692307692,44.353440324663346,29,-0.21621621621621623,-8,0.41463414634146334,8.5,-58,0.4992109130407001,-0.354333462652377,0.972,535000,0.01904761904761898,0.07010808091617249,1.8448,1,28,92071
201812,92071,"santee, ca",512,3260,874,-2508,66.918534,95.70480137915857,38.132267175292526,37,0.27586206896551735,8,0.27586206896551735,8,-44,0.19625773402000046,-0.44378213735957817,0.8803,525000,-0.01403821775670222,0.05210420841683372,1.7979,1,28,92071
201811,92071,"santee, ca",512,4134,-358,-3070,62.267917,96.18779067638334,28.348042626432786,29,0,0,0.6111111111111112,11,-42.5,-0.11747548160995358,-0.4493656677778798,0.7453,532475,-0.013752546767920037,0.10357512953367887,1.7853,1,28,92071
201810,92071,"santee, ca",512,3776,-739,-3000,64.217672,94.70783605241067,33.72750830322275,29,0.3181818181818181,7,0.34883720930232553,7.5,-39.5,-0.09938038508393054,-0.44961502763148464,0.8189,539900,0,0.09635495989440557,1.8057,1,28,92071
201809,92071,"santee, ca",512,3037,6,-2302,67.83831,96.86511255773357,38.81150670982289,22,-0.04347826086956519,-1,0.46666666666666656,7,-43,-0.09334453284762101,-0.35964518082882313,0.8968,539900,-0.016575591985428018,0.06070726915520619,1.8057,1,28,92071
201808,92071,"santee, ca",512,3043,-948,-2636,68.124589,95.38354864608422,40.86563024596745,23,0.4375,7,0.7692307692307692,10,-39,-0.17174745127042113,-0.42689486468050586,0.9236,549000,0.00009108297659166098,0.06601941747572826,1.8346,1,28,92071
201807,92071,"santee, ca",512,2095,,,74.992685,97.6444769568398,52.340892465252374,16,,,,,-43.5,,,1.0915,548950,,,1.8304,1,28,92071
201806,92071,"santee, ca",512,2190,,,74.583197,94.38181751851447,54.784575535369015,21,,,,,-36,,,1.126,559000,,,1.8633,1,28,92071
201805,92071,"santee, ca",512,1883,,,78.046045,94.97260122834761,61.11948806590416,18,,,,,-39,,,1.2353,565000,,,1.884,1,28,92071
201804,92071,"santee, ca",512,1959,,,78.06762,95.85944989307573,60.27579087087973,16.5,,,,,-43,,,1.2329,544000,,,1.8256,1,28,92071
201803,92071,"santee, ca",512,1862,,,79.124641,95.2403739969079,63.008908194066116,19,,,,,-46,,,1.276,539000,,,1.8651,1,28,92071
201802,92071,"santee, ca",512,1327,,,83.575872,97.37465748352217,69.77708657335407,14.5,,,,,-70,,,1.4581,529750,,,1.9107,0,28,92071
201801,92071,"santee, ca",512,1035,,,85.97085,97.40687308104908,74.53482780305552,20.5,,,,,-69.5,,,1.6111,499949.5,,,1.8409,0,28,92071
201712,92071,"santee, ca",512,752,,,87.706669,97.31192694332952,78.10141031778178,29,,,,,-56,,,1.7378,499000,,,1.8406,0,28,92071
201711,92071,"santee, ca",512,1064,,,84.809825,98.31852558925031,71.3011234305015,18,,,,,-59.5,,,1.4893,482500,,,1.7545,0,28,92071
201710,92071,"santee, ca",512,776,,,87.101555,97.2772186642269,76.92589204025617,21.5,,,,,-53,,,1.6809,492450,,,1.7746,0,28,92071
201709,92071,"santee, ca",512,735,,,87.538748,98.19481419350133,76.88268115677765,15,,,,,-56,,,1.6784,509000,,,1.8275,0,28,92071
201708,92071,"santee, ca",512,407,,,91.324234,98.54001244099673,84.10845621866882,13,,,,,-53.5,,,1.9578,515000,,,1.8459,0,28,92071
