san_diego_ca_suburb_4.csv
month_date_yyyymm,postal_code,zip_name,nielsen_hh_rank,hotness_rank,hotness_rank_mm,hotness_rank_yy,hotness_score,supply_score,demand_score,median_days_on_market,median_days_on_market_mm,median_dom_mm_day,median_days_on_market_yy,median_dom_yy_day,median_dom_vs_us,ldp_unique_viewers_per_property_mm,ldp_unique_viewers_per_property_yy,ldp_unique_viewers_per_property_vs_us,median_listing_price,median_listing_price_mm,median_listing_price_yy,median_listing_price_vs_us,quality_flag,id,zip_code
202201,92067,"rancho santa fe, ca",12593,9108,-695,713,32.91699,27.95190069821567,37.882079131109386,97,0.35664335664335667,25.5,0.11494252873563227,10,36,0.4502630242104917,0.7489090815750294,0.8377,7800000,0.006451612903225712,0.5014436958614052,20.8,1,27,92067
202112,92067,"rancho santa fe, ca",12593,8413,873,826,37.130932,37.96181790075746,36.30004637501932,71.5,0.03623188405797095,2.5,-0.00694444444444442,-0.5,18,0.00021994053766927202,0.68326729048292,0.8418,7750000,0.04096709200805915,0.5856777493606138,20.6667,1,27,92067
202111,92067,"rancho santa fe, ca",12593,9286,121,-788,31.455291,32.95005940745851,29.96052278563489,69,-0.014285714285714235,-1,0.2432432432432432,13.5,22.5,-0.13342946646114062,0.6458413470987008,0.7767,7445000,0.06433166547533964,0.563254593175853,19.6205,1,27,92067
202110,92067,"rancho santa fe, ca",12593,9407,531,-3270,29.895039,26.768859019859548,33.02121875707921,70,0,0,1.9166666666666665,46,27,0.05095382425592421,1.4442374118749521,0.8466,6995000,0.11031746031746037,0.5544444444444445,18.4079,1,27,92067
202109,92067,"rancho santa fe, ca",12593,9938,170,-328,26.251709,23.366509648989513,29.136909284303297,70,0.04477611940298498,3,0.0852713178294573,5.5,28.5,0.0159454916165509,0.8206962102328719,0.794,6300000,0.05483465885307659,0.40233722871452415,16.5789,1,27,92067
202108,92067,"rancho santa fe, ca",12593,10108,362,-363,23.824022,22.126655503120716,25.521388339168823,67,-0.021897810218978075,-1.5,-0.0821917808219178,-6,29.5,0.06637508604154618,0.5710189057646688,0.7428,5972500,-0.003753127606338613,0.4052941176470588,15.6979,1,27,92067
202107,92067,"rancho santa fe, ca",12593,10470,-945,-979,19.58422,19.58041958041958,19.588020674977198,68.5,0.4421052631578948,21,-0.0927152317880795,-7,32,-0.11261929760770639,0.6047670572702,0.6299,5995000,0.02566295979469624,0.5571428571428572,15.5714,1,27,92067
202106,92067,"rancho santa fe, ca",12593,9525,84,245,28.425251,35.09846995799129,21.752032990326434,47.5,-0.19491525423728817,-11.5,-0.5026178010471204,-48,12,-0.17056070819508984,0.9771570733354984,0.6408,5845000,-0.01764705882352946,0.6124137931034483,15.1818,1,27,92067
202105,92067,"rancho santa fe, ca",12593,9609,605,70,27.026146,28.96028216531207,25.09201042784849,59,-0.12592592592592589,-8.5,-0.3789473684210526,-36,22,0.40001962936195645,1.4288793706783123,0.6723,5950000,0.004728132387706863,0.7024320457796853,15.662,1,27,92067
202104,92067,"rancho santa fe, ca",12593,10214,42,-672,23.114512,33.01016236420979,13.218860724993187,67.5,-0.20118343195266275,-17,-0.3076923076923077,-30,27.5,0.0434613443251648,0.9058773505370039,0.4482,5922000,0.03089912089825053,0.6936936936936937,15.9135,1,27,92067
202103,92067,"rancho santa fe, ca",12593,10256,-244,-1383,23.475479,34.263196909991805,12.687760914517575,84.5,-0.04519774011299438,-4,0.043209876543209846,3.5,36.5,0.06830819309469982,1.1027713138025348,0.4286,5744500,0.04635701275045534,0.6001392757660167,16.1067,1,27,92067
202102,92067,"rancho santa fe, ca",12593,10012,-191,-773,26.164994,39.65860708566072,12.671380024217804,88.5,0.01724137931034475,1.5,-0.03804347826086951,-3.5,25,0.06378868519613645,1.196373756168076,0.428,5490000,0.05678537054860433,0.5249999999999999,15.7872,1,27,92067
202101,92067,"rancho santa fe, ca",12593,9821,-582,-710,26.996016,40.27277603248793,13.71925522948433,87,0.20833333333333326,15,-0.13432835820895528,-13.5,16,0.39583031328986307,0.8383342663599334,0.4762,5195000,0.06291560102301785,0.433103448275862,15.2839,1,27,92067
202012,92067,"rancho santa fe, ca",12593,9239,-741,423,31.071853,46.45337016150688,15.690336440710476,72,0.29729729729729737,16.5,-0.36,-40.5,8,-0.02201905565620932,0.8115329533580116,0.5242,4887500,0.026246719160105014,0.39762653703174156,14.3325,1,27,92067
202011,92067,"rancho santa fe, ca",12593,8498,-2361,1772,35.940243,54.26238266045944,17.618102724566892,55.5,1.3125,31.5,-0.4714285714285714,-49.5,-1,0.2869430712978047,1.3485408361312987,0.5739,4762500,0.05833333333333335,0.3626609442060085,13.6364,1,27,92067
202010,92067,"rancho santa fe, ca",12593,6137,3473,4459,48.840405,87.59835849553858,10.082451714920373,24,-0.627906976744186,-40.5,-0.7725118483412322,-81.5,-27,-0.21715147814356506,1.0087182786018456,0.4254,4500000,0.0016694490818029983,0.30624092888243837,12.8571,1,27,92067
202009,92067,"rancho santa fe, ca",12593,9610,135,965,28.80566,42.06792452830189,15.543396226415092,64.5,-0.11643835616438358,-8.5,-0.3645320197044335,-37,13.5,-0.12337403374292699,1.4801704392252057,0.521,4492500,0.05705882352941183,0.28909612625538017,12.8357,0,27,92067
202008,92067,"rancho santa fe, ca",12593,9745,-254,907,28.039735,37.04711495452512,19.032354256746682,73,-0.0331125827814569,-2.5,-0.2315789473684211,-22,20,0.08928263211460741,1.991175840200579,0.5782,4250000,0.10389610389610393,0.18738774695669536,12.1429,0,27,92067
202007,92067,"rancho santa fe, ca",12593,9491,279,1152,29.738916,41.39244761513466,18.085384529189856,75.5,-0.2094240837696335,-20,-0.14204545454545459,-12.5,18,0.09329950694578382,1.9336684174085685,0.5709,3850000,0.06206896551724128,0.10015732249711706,11.0315,0,27,92067
202006,92067,"rancho santa fe, ca",12593,9770,-91,623,27.483049,36.80798748230385,18.158110423962448,95.5,0.0052631578947368585,0.5,0.2088607594936709,16.5,27,0.018941798941799037,1.8037141769111344,0.5767,3625000,0.03719599427753928,0.007224228952486866,10.5855,1,27,92067
202005,92067,"rancho santa fe, ca",12593,9679,-137,157,28.084024,35.97563240592846,20.19241484343078,95,-0.02564102564102566,-2.5,0.32867132867132876,23.5,24,0.09855834510340378,1.2463399645098714,0.6108,3495000,-0.00042900042900040347,-0.014799154334038,10.5909,1,27,92067
202004,92067,"rancho santa fe, ca",12593,9542,-669,-650,29.130337,33.67136923249635,24.589305092991058,97.5,0.20370370370370372,16.5,0.455223880597015,30.5,35.5,0.15126011717939503,0.6387497264823139,0.6843,3496500,-0.026044568245125355,-0.041792271855302876,10.8917,1,27,92067
202003,92067,"rancho santa fe, ca",12593,8873,366,-773,34.488338,44.06502250492876,24.91165420525983,81,-0.11956521739130432,-11,0.30645161290322576,19,22.5,0.11586270147913957,0.40557780635852514,0.6635,3590000,-0.002777777777777768,-0.07200886262924666,11.2188,1,27,92067
202002,92067,"rancho santa fe, ca",12593,9239,-128,424,32.521559,48.4621932714016,16.58092453458677,92,-0.08457711442786064,-8.5,-0.18222222222222217,-20.5,13,-0.10962367553785934,0.2876167205774218,0.5286,3600000,-0.006896551724137945,-0.09887359198998746,11.6167,0,27,92067
202001,92067,"rancho santa fe, ca",12593,9111,551,976,33.405237,44.55891103838143,22.2515620351086,100.5,-0.10666666666666669,-12,-0.21484375,-27.5,15.5,0.37548032264418607,0.43563341372875164,0.6243,3625000,0.03660280240205882,-0.08029937840923507,12.0874,0,27,92067
201912,92067,"rancho santa fe, ca",12593,9662,608,153,28.175618,32.310315430520035,24.04092071611253,112.5,0.0714285714285714,7.5,-0.021739130434782594,-2.5,33.5,0.26789202508960575,0.3833345130237824,0.6667,3497000,0.0005722460658081907,-0.09168831168831171,11.6586,0,27,92067
201911,92067,"rancho santa fe, ca",12593,10270,326,-752,22.10928,30.145682727239365,14.072878059520752,105,-0.004739336492891044,-0.5,0.09947643979057585,9.5,36,0.10072860180463739,0.11742284032692774,0.5361,3495000,0.014513788098693858,-0.053358613217768136,11.2778,0,27,92067
201910,92067,"rancho santa fe, ca",12593,10596,-21,-1012,18.454865,26.934621861044,9.97510798740757,105.5,0.039408866995073843,4,0.029268292682926855,3,39.5,-0.033414599258332456,-0.15596464961380363,0.4819,3445000,-0.011477761836441891,-0.06816337571003517,10.9898,0,27,92067
201909,92067,"rancho santa fe, ca",12593,10575,77,-67,18.309653,26.976880090580373,9.642426677380474,101.5,0.06842105263157894,6.5,-0.10176991150442483,-11.5,35.5,0.05724282883550136,0.06372174666083863,0.4764,3485000,-0.026342047495509835,-0.07066666666666666,11.067,0,27,92067
201908,92067,"rancho santa fe, ca",12593,10652,-9,-157,17.312388,27.065641287312754,7.55913547399497,95,0.07954545454545459,7,-0.050000000000000044,-5,31,0.06834042068620505,0.031042201556928273,0.4412,3579285.714285714,0.02279932152746822,-0.05684170901562213,11.2642,0,27,92067
201907,92067,"rancho santa fe, ca",12593,10643,-250,-189,18.265608,28.879704473135583,7.651512380673714,88,0.11392405063291133,9,-0.07853403141361259,-7.5,28.5,0.04486904826877258,-0.05799648312892747,0.4188,3499499.5,-0.027646707418727434,-0.07786574440052696,10.875,0,27,92067
201906,92067,"rancho santa fe, ca",12593,10393,-557,-425,20.992101,32.981057558692314,9.00314488407811,79,0.10489510489510478,7.5,-0.012499999999999956,-1,22,-0.1836223166677332,-0.06195071234790517,0.4222,3599000,0.01451726568005629,-0.027034333603676686,11.0773,0,27,92067
201905,92067,"rancho santa fe, ca",12593,9836,-944,-324,26.547729,40.82766231377598,12.267794739746183,71.5,0.0671641791044777,4.5,-0.020547945205479423,-1.5,16,-0.1985798160538601,0.10034495937030696,0.4721,3547500,-0.027815839956152333,-0.02634829147797446,10.9339,0,27,92067
201904,92067,"rancho santa fe, ca",12593,8892,-792,237,34.392851,50.67993366500829,18.10576745900129,67,0.08064516129032251,5,-0.05633802816901412,-4,8.5,-0.01254862539222712,0.2432908894868926,0.5637,3649000,-0.056757754800590865,-0.013517166801838343,11.49,0,27,92067
201903,92067,"rancho santa fe, ca",12593,8100,1563,281,39.67965,63.073301702894554,16.28599801390268,62,-0.4488888888888889,-50.5,-0.11428571428571432,-8,-3,0.022215537121779594,0.07842242875135219,0.561,3868571.4285714286,-0.03164670123368496,0.018581208154667905,12.6066,0,27,92067
201902,92067,"rancho santa fe, ca",12593,9663,424,-1344,28.911049,40.53874047213794,17.283356767557166,112.5,-0.12109375,-15.5,0.25698324022346375,23,29.5,-0.0072713550833525264,0.028337414564951535,0.5617,3995000,0.01357351262209816,0.16387472687545523,13.3836,1,27,92067
201901,92067,"rancho santa fe, ca",12593,10087,-272,-2390,24.373732,30.96476664821989,17.78269691938757,128,0.11304347826086958,13,0.4301675977653632,38.5,41,0.3253727477384387,-0.06684438619767452,0.5772,3941500,0.023766233766233658,0.11263232180663363,13.5914,1,27,92067
201812,92067,"rancho santa fe, ca",12593,9815,-297,-1456,26.01878,33.98745552580421,18.050104537284962,115,0.20418848167539272,19.5,0.19791666666666674,19,34,0.02417130098678455,-0.034218749999999964,0.5914,3850000,0.0427952329360779,0.134020618556701,13.1849,0,27,92067
201811,92067,"rancho santa fe, ca",12593,9518,66,-1181,28.743546,39.98242208957411,17.50466913245688,95.5,-0.06829268292682922,-7,0.11695906432748537,10,24,-0.16857449340084274,0.007329971214218078,0.5847,3692000,-0.0013524479307546189,0.07169811320754715,12.3789,0,27,92067
201810,92067,"rancho santa fe, ca",12593,9584,924,-579,28.015621,31.59969341946786,24.43154859666411,102.5,-0.09292035398230092,-10.5,0.06217616580310881,6,34,0.21816925120889885,0.1683921976157794,0.682,3697000,-0.014133333333333331,0.08020452885317741,12.3645,0,27,92067
201809,92067,"rancho santa fe, ca",12593,10508,-13,-1263,18.869331,22.406080663345094,15.332581736189402,113,0.1299999999999999,13,0.14141414141414144,14,48,0.02476232834825165,0.012916862376702642,0.5522,3750000,-0.011857707509881465,0.07296137339055786,12.5418,0,27,92067
201808,92067,"rancho santa fe, ca",12593,10495,-41,-1352,19.04423,25.344865338296472,12.743595358003065,100,0.04712041884816753,4.5,-0.024390243902439046,-2.5,38,-0.02391926151787116,-0.2189469698747024,0.5032,3795000,0,0.13452914798206272,12.6817,0,27,92067
201807,92067,"rancho santa fe, ca",12593,10454,,,19.778713,26.203365032918803,13.354059985369421,95.5,,,,,36,,,0.5045,3795000,,,12.6542,0,27,92067
201806,92067,"rancho santa fe, ca",12593,9968,,,24.045091,34.384006420779976,13.70617635255919,80,,,,,23,,,0.49,3699000,,,12.33,0,27,92067
201805,92067,"rancho santa fe, ca",12593,9512,,,28.783421,42.10952153286014,15.457320436909272,73,,,,,16,,,0.4844,3643500,,,12.149,0,27,92067
201804,92067,"rancho santa fe, ca",12593,9129,,,32.130743,48.17860039820072,16.08288474301305,71,,,,,11.5,,,0.4874,3699000,,,12.4136,0,27,92067
201803,92067,"rancho santa fe, ca",12593,8381,,,38.457999,55.33019215195465,21.58580578664507,70,,,,,5,,,0.5496,3798000,,,13.1419,0,27,92067
201802,92067,"rancho santa fe, ca",12593,8319,,,39.31904,55.806117159149814,22.831963267422054,89.5,,,,,5,,,0.5731,3432500,,,12.3805,0,27,92067
201801,92067,"rancho santa fe, ca",12593,7697,,,43.25639,58.103059223911515,28.409721451559207,89.5,,,,,-0.5,,,0.662,3542500,,,13.0442,0,27,92067
201712,92067,"rancho santa fe, ca",12593,8359,,,37.818979,47.659903523953304,27.97805354052362,96,,,,,11,,,0.6723,3395000,,,12.5229,0,27,92067
201711,92067,"rancho santa fe, ca",12593,8337,,,37.561495,50.10646890373742,25.01652103678684,85.5,,,,,8,,,0.6387,3445000,,,12.5273,0,27,92067
201710,92067,"rancho santa fe, ca",12593,9005,,,32.10979,38.34583714547118,25.873741994510524,96.5,,,,,22,,,0.6594,3422500,,,12.3332,0,27,92067
201709,92067,"rancho santa fe, ca",12593,9245,,,29.696218,33.49257868057328,25.89985777323949,99,,,,,28,,,0.6533,3495000,,,12.5481,0,27,92067
201708,92067,"rancho santa fe, ca",12593,9143,,,31.660507,27.769036554575727,35.55197775257053,102.5,,,,,36,,,0.7826,3345000,,,11.9892,0,27,92067
