san_diego_ca_suburb_4.csv
month_date_yyyymm,postal_code,zip_name,nielsen_hh_rank,hotness_rank,hotness_rank_mm,hotness_rank_yy,hotness_score,supply_score,demand_score,median_days_on_market,median_days_on_market_mm,median_dom_mm_day,median_days_on_market_yy,median_dom_yy_day,median_dom_vs_us,ldp_unique_viewers_per_property_mm,ldp_unique_viewers_per_property_yy,ldp_unique_viewers_per_property_vs_us,median_listing_price,median_listing_price_mm,median_listing_price_yy,median_listing_price_vs_us,quality_flag,id,zip_code
202201,92064,"poway, ca",1248,1372,-336,305,77.531032,91.84639255236617,63.215671062839405,25,-0.295774647887324,-10.5,0.13636363636363646,3,-36,0.15997421605429785,0.07377812008600482,1.3082,1250000,-0.05660341758619536,-0.2857142857142857,3.3333,1,26,92064
202111,92064,"poway, ca",1248,1320,1555,1138,75.581618,82.34257023494692,68.82066613008317,31.5,0.0862068965517242,2.5,0.050000000000000044,1.5,-15,0.3589196108550947,0.6048357258369608,1.4977,997950,0.02680316905031388,-0.23528735632183906,2.63,1,26,92064
202110,92064,"poway, ca",1248,2875,945,-441,63.269274,81.25047194744394,45.28807671977649,29,-0.06451612903225812,-2,0.38095238095238093,8,-14,0.05413265339168416,0.21380342475288883,1.041,971900,-0.06368015414258188,-0.23772549019607847,2.5576,1,26,92064
202109,92064,"poway, ca",1248,3820,1024,-1452,58.448564,76.12065035708859,40.77647773894545,31,0.06896551724137923,2,0.08771929824561409,2.5,-10.5,0.04443205929129079,-0.07244713792576929,0.9733,1038000,-0.034418604651162754,-0.09739130434782606,2.7316,0,26,92064
202108,92064,"poway, ca",1248,4844,619,-2834,53.685873,72.40066981275689,34.97107626731618,29,-0.016949152542372836,-0.5,0.3181818181818181,7,-8.5,-0.07458957590033843,-0.06749493545035234,0.8857,1075000,-0.011494252873563204,-0.13931144915932747,2.8255,1,26,92064
202107,92064,"poway, ca",1248,5463,-1601,-3697,50.731605,66.90483429613865,34.5583764062025,29.5,0.40476190476190466,8.5,-0.01666666666666672,-0.5,-7,-0.13568379508228068,-0.06078325616502778,0.8656,1087500,-0.05434782608695654,-0.1868854910463943,2.8247,1,26,92064
202106,92064,"poway, ca",1248,3862,-635,-1905,59.30358,79.74717693760358,38.85998381315759,21,-0.08695652173913049,-2,-0.3538461538461538,-11.5,-14.5,-0.26033840882772363,0.24146936685828013,0.9041,1150000,0.045454545454545414,-0.05544147843942504,2.987,0,26,92064
202105,92064,"poway, ca",1248,3227,-310,-806,62.626514,76.28431222205182,48.96871645453152,23,0.1499999999999999,3,-0.48888888888888893,-22,-14,-0.03784021430178097,0.9069539666993145,1.0637,1100000,-0.07172995780590719,0.1578947368421053,2.8955,0,26,92064
202104,92064,"poway, ca",1248,2917,-1211,-703,66.107931,84.01277109371958,48.203091539150414,20,-0.375,-12,-0.45945945945945943,-17,-20,-0.40411513784771036,1.2914791797864988,1.0317,1185000,-0.048192771084337394,0.24868282402528985,3.1843,0,26,92064
202103,92064,"poway, ca",1248,1706,439,812,75.629121,75.33845733681869,75.9197846357926,32,0.12280701754385959,3.5,-0.01538461538461533,-0.5,-16,0.45106786862613957,3.518945481623569,1.7276,1245000,-0.11007862759113651,0.040100250626566414,3.4908,0,26,92064
202102,92064,"poway, ca",1248,2145,-468,-747,73.129956,84.82090543338151,61.43900628881684,28.5,0.2954545454545454,6.5,0.23913043478260865,5.5,-35,0.2412856954947611,1.4918475475801096,1.2702,1399000,-0.20057142857142862,0.07615384615384624,4.023,1,26,92064
202101,92064,"poway, ca",1248,1677,-232,1419,75.819861,94.16519806911347,57.47452302505555,22,-0.33333333333333337,-11,-0.717948717948718,-56,-49,0.3418954404392456,0.8961796525911983,1.2111,1750000,0.12903225806451624,0.42915534061059235,5.1486,1,26,92064
202012,92064,"poway, ca",1248,1445,1013,1501,77.694019,89.9182874899298,65.4697510262017,33,0.10000000000000009,3,-0.5448275862068965,-39.5,-31,0.30837892312122106,1.0701239648230194,1.3869,1550000,0.1877394636015326,0.31355932203389836,4.5453,1,26,92064
202011,92064,"poway, ca",1248,2458,-24,1104,69.737846,87.45325497977562,52.02243760970771,30,0.4285714285714286,9,-0.4545454545454546,-25,-26.5,0.027806928188580216,1.1544220848190574,1.135,1305000,0.0235294117647058,0.13973799126637565,3.7366,0,26,92064
202010,92064,"poway, ca",1248,2434,-66,884,69.637815,90.95666578818569,48.31896389443169,21,-0.26315789473684215,-7.5,-0.5483870967741935,-25.5,-30,-0.19446284322486818,1.1250733969695483,1.0533,1275000,0.10869565217391308,0.20339782916470028,3.6429,0,26,92064
202009,92064,"poway, ca",1248,2368,-358,654,70.922642,83.2566037735849,58.58867924528302,28.5,0.2954545454545454,6.5,-0.3448275862068966,-15,-22.5,0.05000827951647624,1.542679440155144,1.2538,1150000,-0.0792634107285829,0.15172759138708058,3.2857,0,26,92064
202008,92064,"poway, ca",1248,2010,-244,389,72.403832,90.72237960339945,54.08528403160877,22,-0.2666666666666667,-8,-0.37142857142857144,-13,-31,-0.06792896009247373,1.3856977885173785,1.1617,1249000,-0.06613331339489326,0.2720791502982687,3.5686,0,26,92064
202007,92064,"poway, ca",1248,1766,191,2063,74.513502,86.25854405557838,62.7684607627087,30,-0.07692307692307687,-2.5,-0.27710843373493976,-11.5,-27.5,0.14246482372453406,1.8909105160704613,1.3405,1337450,0.09852156057494876,0.5052898142937534,3.8322,1,26,92064
202006,92064,"poway, ca",1248,1957,464,1756,73.500484,86.0219059682587,60.979062662990835,32.5,-0.2777777777777778,-12.5,-0.09722222222222221,-3.5,-36,0.13615417581392064,1.7996895214765956,1.2957,1217500,0.28157894736842115,0.43404004711425204,3.5553,1,26,92064
202005,92064,"poway, ca",1248,2421,-207,779,70.530441,82.50436462241373,58.55651721704246,45,0.21621621621621623,8,0.5,15,-26,0.15617322444939385,1.1338849348442204,1.2308,950000,0.0010537407797681642,0.07526881720430101,2.8788,1,26,92064
202004,92064,"poway, ca",1248,2214,304,954,73.515324,85.34595666654194,61.68469109007222,37,0.1384615384615384,4.5,0.04225352112676051,1.5,-25,0.17512357482639795,0.5904893614852318,1.3102,949000,-0.2071846282372598,0.03721514836876327,2.9562,0,26,92064
202003,92064,"poway, ca",1248,2518,-1120,410,72.26686,85.29925975523565,59.23446043968307,32.5,0.4130434782608696,9.5,-0.09722222222222221,-3.5,-26,-0.19984874247492768,0.3990709089936313,1.2446,1197000,-0.07923076923076922,0.23772102161100195,3.7406,0,26,92064
202002,92064,"poway, ca",1248,1398,1698,1293,80.082535,93.97090936007994,66.19415966542063,23,-0.7051282051282051,-55,-0.36986301369863017,-13.5,-56,-0.05543953475989616,0.753814081518269,1.3826,1300000,0.06165825302501138,0.3164623618347435,4.1949,1,26,92064
202001,92064,"poway, ca",1248,3096,-150,-445,68.19399,64.59015174055341,71.7978280273728,78,0.07586206896551717,5.5,1.0526315789473686,40,-7,0.4649929956499299,1.0429240142216507,1.5394,1224499.5,0.03771144067796617,0.2998933121019107,4.083,1,26,92064
201912,92064,"poway, ca",1248,2946,616,-92,68.614478,64.75777456540273,72.47118128915082,72.5,0.3181818181818181,17.5,0.6477272727272727,28.5,-6.5,0.36165780174672846,0.8775439956138364,1.5435,1180000,0.03056768558951961,0.327334083239595,3.934,1,26,92064
201911,92064,"poway, ca",1248,3562,-244,-447,64.258192,73.96058860225313,54.555796117573664,55,0.18279569892473124,8.5,0.39240506329113933,15.5,-14,0.013805593483777745,0.4005479419187563,1.1558,1145000,0.08069844266163284,0.3631698878748122,3.6947,1,26,92064
201910,92064,"poway, ca",1248,3318,-296,122,65.394612,78.87473460721868,51.91448861556482,46.5,0.06896551724137923,3,0.1071428571428572,4.5,-19.5,-0.036163753339523264,0.3220580983285486,1.1278,1059500,0.06109163745618429,0.09002057613168724,3.3799,0,26,92064
201909,92064,"poway, ca",1248,3022,-623,464,66.958253,82.63632711202015,51.28017823879616,43.5,0.24285714285714288,8.5,0.20833333333333326,7.5,-22.5,-0.014817837118095478,0.4674935698559901,1.1182,998500,0.016950385566710358,0.008585858585858697,3.1708,1,26,92064
201908,92064,"poway, ca",1248,2399,1430,1587,69.329737,89.30276633742757,49.356708094908335,35,-0.15662650602409633,-6.5,-0.04109589041095896,-1.5,-29,0.12945318722366328,0.44008255310797684,1.1114,981857.1428571428,0.10507275504461777,-0.14583980612688752,3.09,1,26,92064
201907,92064,"poway, ca",1248,3829,-116,-529,62.042354,78.93639588895797,45.14831205881277,41.5,0.15277777777777768,5.5,0.2769230769230768,9,-18,0.10641501279841936,0.14109474041375458,0.9978,888500,0.04652532391048303,-0.2580372684915526,2.7611,1,26,92064
201906,92064,"poway, ca",1248,3713,-513,-792,63.054926,82.51298178892709,43.596869743289695,36,0.19999999999999996,6,0.16129032258064524,5,-21,-0.13403887794279323,-0.0760846265969305,0.95,849000,-0.039049235993208864,-0.3208,2.6131,1,26,92064
201905,92064,"poway, ca",1248,3200,-32,-1000,67.013059,87.39010483722642,46.63601250689718,30,-0.15492957746478875,-5.5,0.17647058823529416,4.5,-25.5,-0.13824724871817828,-0.10685486295651947,1.0015,883500,-0.034373463030766715,-0.24,2.7231,1,26,92064
201904,92064,"poway, ca",1248,3168,-240,-1226,67.411093,82.19642528100239,52.62576008844666,35.5,-0.01388888888888884,-0.5,0.5434782608695652,12.5,-23,0.03369519333152726,-0.09245285079981236,1.112,914950,-0.053924102988315625,-0.10474559686888452,2.881,1,26,92064
201903,92064,"poway, ca",1248,2928,-237,-1762,67.547538,87.66412887564825,47.43094633859281,36,-0.013698630136986356,-0.5,1.1176470588235294,19,-29,0.003034609447669423,-0.2905340808146356,1.0571,967100,-0.020653269130476604,-0.05648780487804883,3.1515,1,26,92064
201902,92064,"poway, ca",1248,2691,-40,-1990,70.846592,90.60904314363945,51.0841411973655,36.5,-0.03947368421052633,-1.5,0.553191489361702,13,-46.5,0.10026785487597434,-0.44238509215370636,1.0787,987495,0.04829617834394906,0.034567836563645926,3.3082,1,26,92064
201901,92064,"poway, ca",1248,2651,203,-2042,70.625346,95.08208817561335,46.16860357867552,38,-0.13636363636363635,-6,-0.07317073170731703,-3,-49,0.34639799789461123,-0.5253334326082131,1.0002,942000,0.059617547806524174,-0.0760176557135851,3.2483,0,26,92064
201812,92064,"poway, ca",1248,2854,261,-2411,69.423761,92.62003447896416,46.22748780398342,44,0.11392405063291133,4.5,0.18918918918918926,7,-37,0.01572428464479736,-0.5167813087743155,1.0087,889000,0.058391292856513566,-0.15333333333333332,3.0445,1,26,92064
201811,92064,"poway, ca",1248,3115,325,-2112,68.125389,90.34679752444428,45.90398066429853,39.5,-0.059523809523809534,-2.5,-0.07058823529411762,-3,-32,-0.04301034268075199,-0.41548714214345117,1.0057,839954,-0.13584979423868315,-0.29857703549060544,2.8163,1,26,92064
201810,92064,"poway, ca",1248,3440,46,-2501,65.998759,85.15274280083214,46.84477535676484,42,0.16666666666666674,6,0.03703703703703698,1.5,-26.5,0.0698648540155753,-0.41256607122044453,1.0192,972000,-0.018181818181818188,-0.027027027027026973,3.2508,0,26,92064
201809,92064,"poway, ca",1248,3486,500,-2174,65.430774,89.06789831617995,41.79365021638724,36,-0.013698630136986356,-0.5,-0.052631578947368474,-2,-29,-0.03321985626237689,-0.32830917874396137,0.9395,990000,-0.13875598086124397,-0.010000000000000009,3.311,0,26,92064
201808,92064,"poway, ca",1248,3986,-686,-2449,62.409678,85.10692650171521,39.71242974965331,36.5,0.12307692307692308,4,-0.03947368421052633,-1.5,-25.5,-0.10504221532094415,-0.3216961081035935,0.9075,1149500,-0.04008310650651625,0.176560900716479,3.8413,0,26,92064
201807,92064,"poway, ca",1248,3300,,,66.834309,87.55303584491587,46.115581565471835,32.5,,,,,-27,,,0.9924,1197499.5,,,3.993,1,26,92064
201806,92064,"poway, ca",1248,2921,,,69.953668,85.611615774689,54.295720696070916,31,,,,,-26,,,1.1194,1250000,,,4.1667,0,26,92064
201805,92064,"poway, ca",1248,2200,,,75.990217,89.5480122099224,62.43242249273657,25.5,,,,,-31.5,,,1.2659,1162500,,,3.8763,0,26,92064
201804,92064,"poway, ca",1248,1942,,,78.213259,92.48949192537424,63.93702529311997,23,,,,,-36.5,,,1.3172,1022000,,,3.4298,1,26,92064
201803,92064,"poway, ca",1248,1166,,,84.644408,96.0575719649562,73.2312449385261,17,,,,,-48,,,1.5742,1025000,,,3.5467,1,26,92064
201802,92064,"poway, ca",1248,701,,,88.870992,94.43827297637563,83.30371028660298,23.5,,,,,-61,,,2.0299,954500,,,3.4427,1,26,92064
201801,92064,"poway, ca",1248,609,,,89.901232,92.93456146191691,86.86790219361521,41,,,,,-49,,,2.2551,1019500,,,3.754,1,26,92064
201712,92064,"poway, ca",1248,443,,,91.447877,94.95894244577825,87.93681187170895,37,,,,,-48,,,2.292,1050000,,,3.8731,1,26,92064
201711,92064,"poway, ca",1248,1003,,,85.397239,88.7656949849475,82.02878331742419,42.5,,,,,-35,,,1.8933,1197500,,,4.3545,0,26,92064
201710,92064,"poway, ca",1248,939,,,85.601098,87.73284537968892,83.46935041171089,40.5,,,,,-34,,,1.9599,999000,,,3.5999,0,26,92064
201709,92064,"poway, ca",1248,1312,,,82.434995,88.03471791692499,76.83527223660698,38,,,,,-33,,,1.6763,1000000,,,3.5903,0,26,92064
201708,92064,"poway, ca",1248,1537,,,81.153719,85.98924219693366,76.31819678729555,38,,,,,-28.5,,,1.6252,977000,,,3.5018,0,26,92064
