san_diego_ca_suburb_4.csv
month_date_yyyymm,postal_code,zip_name,nielsen_hh_rank,hotness_rank,hotness_rank_mm,hotness_rank_yy,hotness_score,supply_score,demand_score,median_days_on_market,median_days_on_market_mm,median_dom_mm_day,median_days_on_market_yy,median_dom_yy_day,median_dom_vs_us,ldp_unique_viewers_per_property_mm,ldp_unique_viewers_per_property_yy,ldp_unique_viewers_per_property_vs_us,median_listing_price,median_listing_price_mm,median_listing_price_yy,median_listing_price_vs_us,quality_flag,id,zip_code
202201,92037,"la jolla, ca",841,3093,820,4151,66.243212,59.01861908456168,73.4678044996121,58,0.026548672566371723,1.5,-0.19444444444444442,-14,-3,0.6027009520597297,0.9651109008724903,1.5894,3500000,0.007919366450684029,0.21781489213639538,9.3333,0,19,92037
202112,92037,"la jolla, ca",841,3913,2616,4091,60.768666,53.281032617096926,68.25629927345803,56.5,-0.00877192982456143,-0.5,-0.17518248175182483,-12,3,0.22703422951350127,1.0546066763731927,1.4453,3472500,-0.034477964687890994,0.4792332268370607,9.26,1,19,92037
202111,92037,"la jolla, ca",841,6529,7,1690,46.828408,44.08799969338086,49.56881683339082,57,0.09615384615384626,5,0.036363636363636376,2,10.5,-0.05735122381248714,1.131080871611457,1.087,3596500,0.02757142857142858,0.6182227221597301,9.4782,1,19,92037
202110,92037,"la jolla, ca",841,6536,86,11,45.773239,43.51355433058974,48.03292305368874,52,0.02970297029702973,1.5,0.4444444444444444,16,9,-0.052453448779464784,1.2145224035683513,1.0892,3500000,0.043530113297555184,0.5562472209871054,9.2105,1,19,92037
202109,92037,"la jolla, ca",841,6622,726,446,45.414831,40.64731803677253,50.182343108950015,50.5,0.08602150537634401,4,0.17441860465116288,7.5,9,0.05954592875630338,1.0876361371868888,1.133,3354000,0.057043807122596935,0.36953858717844024,8.8263,1,19,92037
202108,92037,"la jolla, ca",841,7348,890,-1166,41.981276,40.65687319226671,43.305678185416355,46.5,-0.010638297872340385,-0.5,0.08139534883720922,3.5,9,0.014172318691126451,0.6849323899536275,1.0163,3173000,0.09508196721311468,0.38257080610021776,8.3398,1,19,92037
202107,92037,"la jolla, ca",841,8238,110,-1526,36.542262,35.953177257525084,37.13134691395561,47,0.05617977528089879,2.5,-0.12962962962962965,-7,10.5,-0.010346622711831843,0.6297223266406875,0.9062,2897500,-0.06471917366042612,0.27530809859154926,7.526,0,19,92037
202106,92037,"la jolla, ca",841,8348,131,-3178,36.092805,38.53239295486954,33.65321617142637,44.5,-0.03260869565217395,-1.5,-0.08247422680412375,-4,9,-0.04896217851461093,0.670358172755587,0.8267,3098000,-0.0752238805970149,0.4113895216400911,8.0468,1,19,92037
202105,92037,"la jolla, ca",841,8479,-423,-2651,34.937126,39.575985278331544,30.298267136942187,46,0,0,-0.303030303030303,-20,9,-0.010788116714181006,0.7415520108230229,0.7564,3350000,-0.07762895022610483,0.4408602150537635,8.8181,1,19,92037
202104,92037,"la jolla, ca",841,8056,477,-2702,38.634505,48.09796363353191,29.17104699606744,46,-0.23966942148760328,-14.5,-0.22033898305084743,-13,6,0.07412155944662535,0.9832659496043281,0.7136,3631944,0.0861076555023923,0.4556889779559119,9.7597,1,19,92037
202103,92037,"la jolla, ca",841,8533,-536,-2641,36.305646,45.425461355389956,27.185829659396827,60.5,-0.13571428571428568,-9.5,0.3296703296703296,15,12.5,0.017232093119858627,1.7485028905780364,0.6629,3344000,0.04516330676668234,0.3001555209953344,9.3761,1,19,92037
202102,92037,"la jolla, ca",841,7997,-753,-3055,40.101949,50.693332291707364,29.51056599351588,70,-0.02777777777777779,-2,0.22807017543859653,13,6.5,0.023415940729091256,1.0501014039025733,0.6953,3199500,0.11325678496868474,0.2823647294589178,9.2006,1,19,92037
202101,92037,"la jolla, ca",841,7244,760,-2637,43.531147,52.65880009194698,34.403493985135235,72,0.051094890510948954,3.5,0.02127659574468077,1.5,1,0.6756917255252965,0.9653434938529599,0.8041,2874000,0.22428115015974437,0.2103600758054327,8.4554,0,19,92037
202012,92037,"la jolla, ca",841,8004,215,-2132,39.315993,49.57225610925691,29.059730693980896,68.5,0.24545454545454537,13.5,-0.007246376811594235,-0.5,4.5,0.2727054795444266,1.0267088824372572,0.7374,2347500,0.05624296962879649,-0.0042417815482502785,6.884,0,19,92037
202011,92037,"la jolla, ca",841,8219,-1672,-1306,37.630695,54.94924826375639,20.312142257498284,55,0.5277777777777777,19,-0.15384615384615385,-10,-1.5,-0.02044222658475625,0.7340673494593544,0.6203,2222500,-0.011783014673188097,-0.031590413943355156,6.3636,0,19,92037
202010,92037,"la jolla, ca",841,6547,521,941,46.732051,73.28413839840367,20.179963103798805,36,-0.16279069767441856,-7,-0.42400000000000004,-26.5,-15,-0.10674535565440646,0.946027440979752,0.604,2249000,-0.08166598611678233,-0.016830601092896136,6.4257,0,19,92037
202009,92037,"la jolla, ca",841,7068,-886,432,44.303774,65.08301886792452,23.524528301886793,43,0,0,-0.3228346456692913,-20.5,-8,-0.14483983956579005,1.0465888085004709,0.6484,2449000,0.06710239651416128,0.1131830831625944,6.9971,0,19,92037
202008,92037,"la jolla, ca",841,6182,530,1252,48.29842,67.51900998956314,29.077829133740867,43,-0.20370370370370372,-11,-0.2833333333333333,-17,-10,-0.019058995668442158,1.3787940928128442,0.7377,2295000,0.010123239436619746,0.04453938023996784,6.5572,0,19,92037
202007,92037,"la jolla, ca",841,6712,-1542,626,46.06133,58.58887685354648,33.53378403615583,54,0.11340206185567014,5.5,0,0,-3.5,0.014329606906662518,1.5562367027996213,0.8088,2272000,0.035079726651480625,0.049422632794457355,6.51,0,19,92037
202006,92037,"la jolla, ca",841,5170,658,2646,54.546979,70.71380672081067,38.38015051039416,48.5,-0.26515151515151514,-17.5,-0.1339285714285714,-7.5,-20,-0.008427140123928534,1.679167271045511,0.8805,2195000,-0.05591397849462365,0,6.4097,0,19,92037
202005,92037,"la jolla, ca",841,5828,-474,1208,51.794138,60.042346123843835,43.5459306860815,66,0.11864406779661008,7,0.346938775510204,17,-5,0.12650683578355748,1.3524428975343628,0.9584,2325000,-0.06813627254509014,0.019736842105263053,7.0455,1,19,92037
202004,92037,"la jolla, ca",841,5354,538,1472,54.896531,61.47513377988998,48.317928376305055,59,0.29670329670329676,13.5,0.17999999999999994,9,-3,0.4885679913781724,0.930422725155643,1.0471,2495000,-0.02993779160186627,0.06536127123555069,7.772,0,19,92037
202003,92037,"la jolla, ca",841,5892,-950,347,52.501581,71.94509541345832,33.05806643603764,45.5,-0.20175438596491224,-11.5,-0.14150943396226412,-7.5,-13,-0.2412491362666206,0.22564363518248065,0.7852,2572000,0.030861723446893752,0.12195425936312088,8.0375,0,19,92037
202002,92037,"la jolla, ca",841,4942,-335,1022,57.600207,72.43421296124949,42.76620156186387,57,-0.19148936170212771,-13.5,-0.14925373134328357,-10,-22,-0.018895427909813023,0.5554952411228755,0.9199,2495000,0.05074752579490416,0.09190371991247259,8.051,0,19,92037
202001,92037,"la jolla, ca",841,4607,1265,1761,59.463329,72.30734900327283,46.61930972924725,70.5,0.021739130434782705,1.5,-0.1132075471698113,-9,-14.5,0.728013100494086,0.5895546145317518,0.9861,2374500,0.007211028632025496,0.055333333333333234,7.9176,0,19,92037
201912,92037,"la jolla, ca",841,5872,1041,754,52.264724,68.65710367322733,35.872345157344604,69,0.06153846153846154,4,-0.04166666666666663,-3,-10,0.08893637200720317,0.36759294236592366,0.8382,2357500,0.027233115468409563,0.02499999999999991,7.8596,0,19,92037
201911,92037,"la jolla, ca",841,6913,575,-295,46.119408,61.417929617261755,30.820887306887823,65,0.040000000000000036,2.5,0.040000000000000036,2.5,-4,0.09929196676554586,0.25576486345216076,0.7848,2295000,0.003278688524590123,-0.03974895397489542,7.4056,0,19,92037
201910,92037,"la jolla, ca",841,7488,12,-1963,42.664177,60.974449081191885,24.353905849622958,62.5,-0.015748031496062964,-1,0.05932203389830515,3.5,-3.5,-0.060586238527876146,-0.09184467371117466,0.7063,2287500,0.03977390883398724,-0.05572755417956654,7.2973,0,19,92037
201909,92037,"la jolla, ca",841,7500,-66,-877,41.776544,58.53756528726396,25.015522845976847,63.5,0.05833333333333335,3.5,0.05833333333333335,3.5,-2.5,-0.006028993415501449,0.10095994357518778,0.7185,2199997.5,0.001300228836374151,-0.08142066805845516,6.9863,0,19,92037
201908,92037,"la jolla, ca",841,7434,-96,-1514,41.205307,58.70175310711813,23.70886029813755,60,0.11111111111111116,6,0.09090909090909083,5,-4,0.05411284067398836,-0.047188030123311964,0.7078,2197140.714285714,0.014845595513031995,-0.14474865150419847,6.9145,1,19,92037
201907,92037,"la jolla, ca",841,7338,478,-1388,42.946491,62.25814710508028,23.634834131889836,54,-0.0357142857142857,-2,0.018867924528301883,1,-5.5,0.06310917212810785,-0.13382575885073345,0.6809,2165000,-0.013667425968109326,-0.21028633959511212,6.7279,1,19,92037
201906,92037,"la jolla, ca",841,7816,-780,-1477,40.303884,55.73758502157536,24.870182110729175,56,0.1428571428571428,7,0.0980392156862746,5,-1,-0.12934942255657467,-0.13369860406091372,0.6746,2195000,-0.037280701754385914,-0.13887799136916434,6.7559,1,19,92037
201905,92037,"la jolla, ca",841,7036,-210,-623,45.475446,63.26650726503586,27.684384771013427,49,-0.020000000000000018,-1,0.010309278350515427,0.5,-6.5,-0.07558461966535801,0.008348473045082239,0.7074,2280000,-0.02644340744807394,-0.029787234042553234,7.0273,0,19,92037
201904,92037,"la jolla, ca",841,6826,-587,-877,47.453473,65.89275843007186,29.014188317670904,50,-0.05660377358490565,-3,0.06382978723404253,3,-8.5,-0.05489411184696469,-0.011067302741700646,0.7322,2341928.5714285714,0.021592821088053826,0.030665011080898363,7.3743,0,19,92037
201903,92037,"la jolla, ca",841,6239,-275,-1220,50.183898,71.02136893596676,29.346426863805213,53,-0.20895522388059706,-14,0.1777777777777778,8,-12,-0.0370501474848165,-0.09389284085390559,0.7613,2292428.5714285714,0.003251015942481894,-0.0032919254658385633,7.4704,0,19,92037
201902,92037,"la jolla, ca",841,5964,404,-1415,52.873159,71.65322282246726,34.09309553763043,67,-0.1572327044025157,-12.5,0.2407407407407407,13,-16,0.002586995237848555,-0.08108958974415625,0.8092,2285000,0.015555555555555545,0.021229278486989633,7.6549,1,19,92037
201901,92037,"la jolla, ca",841,6368,258,-1652,50.265634,65.78122117690462,34.750046116952596,79.5,0.10416666666666674,7.5,0.06000000000000005,4.5,-7.5,0.48671741061738993,-0.13597504019931705,0.8234,2250000,-0.021739130434782594,0.0002222716159145932,7.7586,0,19,92037
201812,92037,"la jolla, ca",841,6626,-8,-976,48.213696,67.37336316619594,29.05402927043979,72,0.1519999999999999,9.5,-0.07692307692307687,-6,-9,-0.00010595832993709475,-0.1502915358605328,0.752,2300000,-0.03765690376569042,0.022226765452290964,7.8767,0,19,92037
201811,92037,"la jolla, ca",841,6618,-1093,-542,48.743912,68.11440290035522,29.37342073461017,62.5,0.05932203389830515,3.5,-0.1496598639455783,-11,-9,-0.20500415020356966,-0.09761218579330899,0.7617,2390000,-0.013415892672858587,0.05054945054945059,8.0134,0,19,92037
201810,92037,"la jolla, ca",841,5525,1098,396,54.686302,68.36015912989525,41.01244570969743,59,-0.01666666666666672,-1,-0.16312056737588654,-11.5,-9.5,0.13885465611988734,0.08826544572827766,0.9291,2422500,0.01148225469728592,0.10364464692482911,8.102,0,19,92037
201809,92037,"la jolla, ca",841,6623,-703,-1544,47.792486,62.88686038476925,32.69811252136597,60,0.09090909090909083,5,0.016949152542372836,1,-5,-0.1397802632958257,-0.023093572239857307,0.8047,2395000,-0.06773063448812766,0.09111617312072884,8.01,0,19,92037
201808,92037,"la jolla, ca",841,5920,30,-748,51.509014,65.45142690314576,37.5666009780308,55,0.037735849056603765,2,-0.09836065573770492,-6,-7,-0.04173602061836501,0.0018159891771754033,0.8735,2569000,-0.0629217581615904,0.13047304730473042,8.5848,0,19,92037
201807,92037,"la jolla, ca",841,5950,,,51.724579,63.873445501097294,39.575713240673004,53,,,,,-6.5,,,0.8921,2741500,,,9.1414,0,19,92037
201806,92037,"la jolla, ca",841,6339,,,49.498377,61.13604027580168,37.86071285250447,51,,,,,-6,,,0.8478,2549000,,,8.4967,0,19,92037
201805,92037,"la jolla, ca",841,6413,,,50.39719,64.64639034974807,36.14799014379758,48.5,,,,,-8.5,,,0.792,2350000,,,7.8359,0,19,92037
201804,92037,"la jolla, ca",841,5949,,,53.416046,70.14600693164222,36.68608509696925,47,,,,,-12.5,,,0.796,2272250,,,7.6255,0,19,92037
201803,92037,"la jolla, ca",841,5019,,,59.589192,75.70492527423986,43.47345947139807,45,,,,,-20,,,0.8877,2300000,,,7.9585,0,19,92037
201802,92037,"la jolla, ca",841,4549,,,62.243576,78.93431089387543,45.55284010960528,54,,,,,-30.5,,,0.924,2237499.5,,,8.0703,1,19,92037
201801,92037,"la jolla, ca",841,4716,,,60.853401,71.16857174564421,50.538231050937746,75,,,,,-15,,,1.0199,2249500,,,8.2831,1,19,92037
201712,92037,"la jolla, ca",841,5650,,,55.160732,63.35383142467872,46.9676326545642,78,,,,,-7,,,0.9718,2249990,,,8.2994,1,19,92037
201711,92037,"la jolla, ca",841,6076,,,52.380865,60.62486232469344,44.13686761142521,73.5,,,,,-4,,,0.9288,2275000,,,8.2727,0,19,92037
201710,92037,"la jolla, ca",841,5921,,,53.290027,60.548947849954246,46.03110704483074,70.5,,,,,-4,,,0.9645,2195000,,,7.9098,0,19,92037
201709,92037,"la jolla, ca",841,5079,,,57.65107,67.92968892454688,47.37245177054083,59,,,,,-12,,,0.9871,2195000,,,7.8807,0,19,92037
201708,92037,"la jolla, ca",841,5172,,,57.804896,62.76848768707234,52.841304109188044,61,,,,,-5.5,,,1.0592,2272500,,,8.1452,0,19,92037
