san_diego_ca_suburb_4.csv
month_date_yyyymm,postal_code,zip_name,nielsen_hh_rank,hotness_rank,hotness_rank_mm,hotness_rank_yy,hotness_score,supply_score,demand_score,median_days_on_market,median_days_on_market_mm,median_dom_mm_day,median_days_on_market_yy,median_dom_yy_day,median_dom_vs_us,ldp_unique_viewers_per_property_mm,ldp_unique_viewers_per_property_yy,ldp_unique_viewers_per_property_vs_us,median_listing_price,median_listing_price_mm,median_listing_price_yy,median_listing_price_vs_us,quality_flag,id,zip_code
202201,92014,"del mar, ca",7108,3889,1335,3627,61.351823,61.46237393328161,61.24127230411172,56,-0.22758620689655173,-16.5,-0.2727272727272727,-21,-5,0.20861530827660602,0.5278719119886055,1.2652,6000000,0.19426751592356695,0.5810276679841897,16,1,12,92014
202112,92014,"del mar, ca",7108,5224,158,2472,54.196939,37.26232802597001,71.13155047147937,72.5,0.18852459016393452,11.5,-0.05228758169934644,-4,19,0.018152280238971752,0.7547160370732917,1.5255,5024000,0.06893617021276599,0.3143230869849576,13.3973,1,12,92014
202111,92014,"del mar, ca",7108,5382,-1757,1939,52.180829,40.02912881836649,64.332528458089,61,0.5641025641025641,22,0.0990990990990992,5.5,14.5,0.07329206168814983,1.1162372261616667,1.3828,4700000,0.10588235294117654,0.30737134909596664,12.3863,1,12,92014
202110,92014,"del mar, ca",7108,3625,2809,596,59.46349,63.614739862568904,55.31224042890584,39,-0.1875,-9,0.625,15,-4,0.08668504512146291,0.941812976295735,1.2169,4250000,0.0005885815185402432,0.2898330804248861,11.1842,1,12,92014
202109,92014,"del mar, ca",7108,6434,605,-1337,46.337943,44.12703236590183,48.54885275793952,48,0.12941176470588234,5.5,0.1707317073170731,7,6.5,0.0775793121834174,0.42107563664006076,1.1037,4247500,0.12509105357261108,0.41819699499165286,11.1776,1,12,92014
202108,92014,"del mar, ca",7108,7039,548,-716,43.417948,46.22088597960116,40.615009894961176,42.5,0.011904761904761862,0.5,-0.19811320754716977,-10.5,5,-0.04030825364075352,0.2927161028236551,0.9735,3775250,-0.07864551555826726,0.6071732652192423,9.9228,1,12,92014
202107,92014,"del mar, ca",7108,7587,783,-2649,40.192688,42.51292186074795,37.8724536333232,42,-0.1063829787234043,-5,-0.134020618556701,-6.5,5.5,-0.038805716210813745,0.3180913332079409,0.9173,4097500,-0.1272630457933972,0.7094284522319567,10.6429,1,12,92014
202106,92014,"del mar, ca",7108,8370,704,-4277,35.902031,35.761359694762405,36.04270243188037,47,-0.24193548387096775,-15,0.03296703296703307,1.5,11.5,-0.07954987992470941,0.5042287713075431,0.8616,4695000,-0.1297497683039852,1.0894526034712952,12.1948,1,12,92014
202105,92014,"del mar, ca",7108,9074,646,-4665,30.79474,27.587793283238764,34.001686857843886,62,-0.3575129533678757,-34.5,-0.0461538461538461,-3,25,0.011044195350008001,0.4892656653011682,0.8145,5395000,-0.09242907530887268,1.248853689037099,14.2011,1,12,92014
202104,92014,"del mar, ca",7108,9720,-919,-4912,27.008138,22.364988513802906,31.651286843437294,96.5,0.3496503496503496,25,0.5078125,32.5,56.5,0.061952303336501036,0.7340804808908878,0.7519,5944439,0.0004198962494430525,1.505559114857745,15.9738,1,12,92014
202103,92014,"del mar, ca",7108,8801,-938,-3571,34.559713,39.16741445905349,29.952011236393428,71.5,0.059259259259259345,4,0.47422680412371143,23,23.5,0.0838856931682348,1.4186630026512765,0.7065,5941944,0.46896019777503084,1.5045074815595365,16.6603,1,12,92014
202102,92014,"del mar, ca",7108,7863,-347,-4196,40.969103,52.41982735049412,29.518378188352017,67.5,-0.12337662337662336,-9.5,0.40625,19.5,4,-0.00019930944132806605,0.7630069990191215,0.6954,4045000,0.06587615283267456,0.6889352818371608,11.6319,1,12,92014
202101,92014,"del mar, ca",7108,7516,180,-3770,42.061911,48.43307026281511,35.69075166653896,77,0.006535947712418277,0.5,0.0547945205479452,4,6,0.38805920014913986,0.6397749784431694,0.8232,3795000,-0.007194244604316502,0.38050200072753726,11.165,1,12,92014
202012,92014,"del mar, ca",7108,7696,-375,-2323,41.253309,42.064679479802045,40.441938082633214,76.5,0.3783783783783783,21,-0.012903225806451646,-1,12.5,0.2279204793368519,0.9470121320716958,0.9113,3822500,0.06328233657858129,0.39660211910851295,11.2094,1,12,92014
202011,92014,"del mar, ca",7108,7321,-3100,-2116,42.932916,54.26238266045944,31.60344959169656,55.5,1.3125,31.5,-0.15909090909090906,-10.5,-1,-0.015170687399089333,0.620426282601938,0.7947,3595000,0.09104704097116834,0.49791666666666656,10.2935,1,12,92014
202010,92014,"del mar, ca",7108,4221,876,2458,59.10169,87.59835849553858,30.605022401265014,24,-0.41463414634146345,-17,-0.6862745098039216,-52.5,-27,-0.20473204104903076,0.6754249181350382,0.7696,3295000,0.10016694490818034,0.42640692640692635,9.4143,1,12,92014
202009,92014,"del mar, ca",7108,5097,1226,650,54.479245,67.84905660377359,41.109433962264156,41,-0.2264150943396226,-12,-0.3787878787878788,-25,-10,-0.01975370415700728,1.009021379323083,0.928,2995000,0.2750106428267347,0.30501089324618746,8.5571,1,12,92014
202008,92014,"del mar, ca",7108,6323,-1385,-584,47.580886,54.666766065304905,40.49500521842851,53,0.09278350515463907,4.5,-0.18461538461538463,-12,0,-0.021470088703710366,0.9493027253867525,0.921,2349000,-0.020025031289111372,0.03486688904273394,6.7114,0,12,92014
202007,92014,"del mar, ca",7108,4938,-845,2064,55.292646,64.61733836327643,45.967952788256824,48.5,0.06593406593406592,3,-0.291970802919708,-20,-9,0.09693164659018705,1.1975473718082341,1.0123,2397000,0.06675567423230966,0.059213433495360235,6.8682,0,12,92014
202006,92014,"del mar, ca",7108,4093,316,3286,60.207883,73.5936219357723,46.82214440056628,45.5,-0.30000000000000004,-19.5,-0.31060606060606055,-20.5,-23,-0.08870592917930198,1.2591380991380992,1.019,2247000,-0.06335973322217592,-0.007947019867549643,6.5615,0,12,92014
202005,92014,"del mar, ca",7108,4409,399,1805,59.414583,61.44645444077115,57.38271238066937,65,0.015625,1,0.1206896551724137,7,-6,0.1772459711679002,1.038853773296824,1.2069,2399000,0.011169652265542673,-0.020416496529195638,7.2697,0,12,92014
202004,92014,"del mar, ca",7108,4808,422,539,57.878981,56.311042921827635,59.446918384911875,64,0.31958762886597936,15.5,0.21904761904761916,11.5,2,0.48119119900405427,0.6465259584670358,1.2618,2372500,0,0.003686580243555948,7.3904,1,12,92014
202003,92014,"del mar, ca",7108,5230,-1563,178,56.230703,68.72372875051147,43.73767808652308,48.5,0.01041666666666674,0.5,-0.25384615384615383,-16.5,-10,-0.20993620810438984,0.03861398680671835,0.9509,2372500,-0.009394572025052228,0.03634945397815925,7.4141,0,12,92014
202002,92014,"del mar, ca",7108,3667,79,-217,65.007957,78.39298271586661,51.62293201080721,48,-0.34246575342465757,-25,-0.16521739130434787,-9.5,-31,-0.07008414786756567,0.27753950697308705,1.0699,2395000,-0.12877409967260822,0.024598930481283476,7.7283,0,12,92014
202001,92014,"del mar, ca",7108,3746,1627,517,64.234975,69.93454329068729,58.53540612912823,73,-0.058064516129032295,-4.5,0.01388888888888884,1,-12,0.6481335172524549,0.5071733237357186,1.2099,2749000,0.004384362440628342,0.0014571948998178819,9.1664,0,12,92014
201912,92014,"del mar, ca",7108,5373,-168,-879,55.085437,59.08669706067682,51.08417658178583,77.5,0.1742424242424243,11.5,0.06164383561643838,4.5,-1.5,0.021952860430011434,0.15818137550136457,1.0783,2737000,0.14041666666666663,-0.004365223717715527,9.1249,0,12,92014
201911,92014,"del mar, ca",7108,5205,1474,-643,55.05486,60.04917250743092,50.06054823676196,66,-0.13725490196078427,-10.5,0.10000000000000009,6,-3,0.018255250582537963,0.24407972230084973,1.0759,2400000,0.03896103896103886,-0.10946196660482377,7.7444,1,12,92014
201910,92014,"del mar, ca",7108,6679,-932,-4479,46.903141,46.694487151328794,47.111794421260704,76.5,0.15909090909090917,10.5,0.59375,28.5,10.5,-0.04638500088587416,-0.110730089066992,1.0453,2310000,0.006535947712418277,-0.1412639405204461,7.3691,1,12,92014
201909,92014,"del mar, ca",7108,5747,-8,-2084,51.621681,56.07217210270645,47.17118959786698,66,0.01538461538461533,1,0.1578947368421053,9,0,-0.04889176605933576,0.0009246944074989827,1.0475,2295000,0.01107684561646427,-0.13232514177693766,7.288,1,12,92014
201908,92014,"del mar, ca",7108,5739,1263,-1558,50.326202,53.005066151547176,47.647337536902725,65,-0.051094890510948954,-3.5,0.1206896551724137,7,1,0.10314616955058176,0.010513902279283949,1.0783,2269857.1428571427,0.0030301117353701557,-0.1418309478800973,7.1434,1,12,92014
201907,92014,"del mar, ca",7108,7002,377,-2057,44.855711,44.90325884203211,44.80816356387842,68.5,0.037878787878787845,2.5,0.09600000000000009,6,9,0.12767538336298934,-0.11440956998848195,0.9912,2263000,-0.0008830022075054789,-0.14442344045368616,7.0325,1,12,92014
201906,92014,"del mar, ca",7108,7379,-1165,-1847,42.907555,43.82359394426973,41.991516126673005,66,0.13793103448275867,8,0.1578947368421053,9,9,-0.17756450763914744,-0.1048882655791552,0.9259,2265000,-0.07513270722743981,-0.15955473098330242,6.9714,1,12,92014
201905,92014,"del mar, ca",7108,6214,-867,-634,50.423027,52.63564465697995,48.210410152657715,58,0.10476190476190483,5.5,0.13725490196078427,7,2.5,-0.04928638021237408,0.16204925460304587,1.0278,2449000,0.03604991992264206,-0.08362956033676328,7.5482,0,12,92014
201904,92014,"del mar, ca",7108,5347,61,-1117,55.645845,63.029297954671094,48.262391744978814,52.5,-0.1923076923076923,-12.5,0.2068965517241379,9,-6,-0.06567771463930838,0.013596583868653145,1.0345,2363785.7142857146,0.03254290171606877,-0.0905018413675589,7.4431,1,12,92014
201903,92014,"del mar, ca",7108,5408,-1958,-1769,54.477914,59.73739379896281,49.218433925484575,65,0.13043478260869557,7.5,0.5116279069767442,22,0,-0.028187834944457646,-0.0077463769575325525,1.088,2289285.714285714,-0.020626432391138372,-0.15054333421680366,7.4602,1,12,92014
201902,92014,"del mar, ca",7108,3450,813,-889,66.502627,78.12476874121216,54.880485458447424,57.5,-0.20138888888888884,-14.5,0.45569620253164556,18,-25.5,0.09706538075968796,-0.043552277757017865,1.1459,2337500,-0.14845173041894355,-0.07754538279400158,7.8308,1,12,92014
201901,92014,"del mar, ca",7108,4263,231,-1101,61.448072,73.06032097399003,49.835823648773285,72,-0.013698630136986356,-1,-0.05882352941176472,-4.5,-15,0.2665016783139822,-0.23727648975766646,1.0656,2745000,-0.0014550745725718794,0.020446096654274992,9.4655,0,12,92014
201812,92014,"del mar, ca",7108,4494,68,-617,60.050251,66.11157979679419,53.98892271576863,73,0.21666666666666656,13,-0.013513513513513487,-1,-8,0.09774760473760491,-0.04669219211942033,1.1424,2749000,0.020037105751391504,0.19782135076252727,9.4144,0,12,92014
201811,92014,"del mar, ca",7108,4562,-2362,-1259,59.874757,70.92686856849892,48.82264620793203,60,0.25,12,0.10091743119266061,5.5,-11.5,-0.2721497346505035,-0.02610445770226333,1.0539,2695000,0.0018587360594795044,0.16818378846987425,9.036,0,12,92014
201810,92014,"del mar, ca",7108,2200,1463,761,73.365816,79.68903974597613,67.04259279535749,48,-0.1578947368421053,-9,0,0,-20.5,0.07334881101427437,0.32221795607749026,1.4043,2690000,0.017013232514177634,0.17750054716568187,8.9967,0,12,92014
201809,92014,"del mar, ca",7108,3663,518,-475,64.488853,66.65818089246099,62.31952576644725,57,-0.017241379310344862,-1,0,0,-8,-0.03977981726360513,0.11570664031178324,1.2903,2645000,0,0.060120240480961984,8.8462,0,12,92014
201808,92014,"del mar, ca",7108,4181,764,-1114,61.216335,61.783811400627684,60.64885774760966,58,-0.07199999999999995,-4.5,0.04504504504504503,2.5,-4,-0.03322884677359439,0.035136678106493235,1.2548,2645000,0,0.05927112535042056,8.8388,0,12,92014
201807,92014,"del mar, ca",7108,4945,,,57.256767,52.648134601316755,61.86539868324799,62.5,,,,,3,,,1.2703,2645000,,,8.8196,0,12,92014
201806,92014,"del mar, ca",7108,5532,,,54.423407,54.04764510597935,54.799168217139105,57,,,,,0,,,1.1262,2695000,,,8.9833,0,12,92014
201805,92014,"del mar, ca",7108,5580,,,55.317936,61.906513184509585,48.72935897907396,51,,,,,-6,,,0.9985,2672500,,,8.9113,0,12,92014
201804,92014,"del mar, ca",7108,4230,,,63.833788,73.73718752304403,53.93038861440896,43.5,,,,,-16,,,1.0972,2599000,,,8.7221,0,12,92014
201803,92014,"del mar, ca",7108,3639,,,67.875285,78.1602002503129,57.59037031583597,43,,,,,-22,,,1.1584,2695000,,,9.3253,0,12,92014
201802,92014,"del mar, ca",7108,2561,,,74.463082,86.67333185218101,62.25283270384359,39.5,,,,,-45,,,1.2571,2534000,,,9.1398,0,12,92014
201801,92014,"del mar, ca",7108,3162,,,70.343654,69.66670365849147,71.02060444641735,76.5,,,,,-13.5,,,1.4952,2690000,,,9.9051,0,12,92014
201712,92014,"del mar, ca",7108,3877,,,65.530066,66.74890451817211,64.31122730787642,74,,,,,-11,,,1.3158,2295000,,,8.4654,0,12,92014
201711,92014,"del mar, ca",7108,3303,,,68.85601,78.90080035244878,58.81121961964902,54.5,,,,,-23,,,1.1908,2307000,,,8.3891,0,12,92014
201710,92014,"del mar, ca",7108,2961,,,70.656908,82.05672461116194,59.25709057639524,48,,,,,-26.5,,,1.1998,2284500,,,8.2323,0,12,92014
201709,92014,"del mar, ca",7108,3188,,,68.954451,70.63199737427519,67.27690456219686,57,,,,,-14,,,1.386,2495000,,,8.9578,0,12,92014
201708,92014,"del mar, ca",7108,3067,,,70.233086,68.73650700720846,71.7296644589996,55.5,,,,,-11,,,1.4726,2497000,,,8.9498,0,12,92014
202201,92021,"el cajon, ca",250,5460,-1115,-2359,52.742436,73.7199379363848,31.764934057408844,45,0.21621621621621623,8,-0.021739130434782594,-1,-16,0.3246248076867253,-0.3434650455927052,0.7444,729000,0.0429184549356223,0.21702838063439067,1.944,0,16,92021
202201,92020,"el cajon, ca",491,1750,109,32,74.77308,96.1210240496509,53.42513576415826,13,-0.5272727272727273,-14.5,-0.1875,-3,-48,0.4002071542189174,-0.03394433129667351,1.1034,799000,0.03229974160206717,0.1837037037037037,2.1307,0,15,92020
202201,92019,"el cajon, ca",1533,3745,-263,-506,62.220714,77.7734678044996,46.66795965865012,42,0.25373134328358216,8.5,0,0,-19,0.6075737732326469,-0.038349389141106416,0.9839,795000,0.019230769230769162,0.25196850393700787,2.12,0,14,92019
202112,92021,"el cajon, ca",250,4345,305,-923,58.536868,82.2963363734735,34.777399907249965,37,0.2542372881355932,7.5,0.27586206896551735,8,-16.5,0.03464329686835543,-0.005880421317079221,0.819,699000,-0.0006433626420758731,0.2732240437158471,1.864,1,16,92021
202112,92019,"el cajon, ca",1533,3482,0,760,63.143453,86.63626526511052,39.65064152110063,33.5,0.42553191489361697,10,-0.2717391304347826,-12.5,-20,0.009367844400676839,-0.03030216949843023,0.8919,780000,-0.10806174957118353,0.1729323308270676,2.08,0,14,92019
202112,92020,"el cajon, ca",491,1859,1091,58,73.146932,91.58293399288915,54.710929046220436,27.5,-0.15384615384615385,-5,0.07843137254901955,2,-26,-0.0022587860132426973,0.04310444619836895,1.1484,774000,0.09802808909065108,0.1648732034013094,2.064,0,15,92020
202111,92019,"el cajon, ca",1533,3482,1347,905,61.525047,90.5752941627381,32.474799739373736,23.5,-0.265625,-8.5,-0.265625,-8.5,-23,-0.04689653496622437,0.2516655785121067,0.8155,874500,0.13586180023379657,0.33971658368441204,2.3047,1,14,92019
202111,92020,"el cajon, ca",491,2950,930,1293,64.541413,80.90529301291633,48.17753248246522,32.5,0.08333333333333326,2.5,0.1206896551724137,3.5,-14,0.11612858576421314,0.6567925713541924,1.0623,704900,0.03661764705882353,0.06400000000000006,1.8577,0,15,92020
202111,92021,"el cajon, ca",250,4650,1164,-1155,55.741443,84.73419953240581,26.74868728680388,29.5,-0.13235294117647056,-4.5,0.15686274509803932,4,-17,-0.021889241817428462,0.028607736645436477,0.7305,699450,0.028602941176470553,0.23917087430241835,1.8433,0,16,92021
202110,92020,"el cajon, ca",491,3880,75,-962,58.091067,79.74779128596239,36.43434267160009,30,0.11111111111111116,3,1,15,-13,0.04153603437279729,0.24990560799555794,0.899,680000,0.05516331755760717,0.21645796064400713,1.7895,1,15,92020
202110,92021,"el cajon, ca",250,5814,-983,-3447,49.048554,74.29962999320395,23.797477912859623,34,0.3600000000000001,9,1.2666666666666666,19,-9,0.022491513288566356,-0.13352346383199387,0.7054,680000,-0.014421334879339054,0.10569105691056913,1.7895,1,16,92021
202110,92019,"el cajon, ca",1533,4829,1615,-1460,53.505626,76.4630370761912,30.54821415087216,32,-0.01538461538461533,-0.5,0.8823529411764706,15,-11,0.23947884048114654,0.2092867450010305,0.8082,769900,0.026670222696359547,0.18464379135251585,2.0261,1,14,92019
202109,92021,"el cajon, ca",250,4831,-323,-2647,53.508205,85.38975839538064,21.62665248442486,25,0.28205128205128216,5.5,0.3513513513513513,6.5,-16.5,-0.06588892240482858,-0.2709448515419992,0.68,689950,0.038377605538415294,0.1854810996563574,1.8157,1,16,92021
202109,92020,"el cajon, ca",491,3955,838,-842,57.804665,82.66220939067011,32.947120498404495,27,0.125,3,0.17391304347826098,4,-14.5,0.08007343750329343,0.0630024045585329,0.8507,644450,-0.01074526057256886,0.11424248973416895,1.6959,0,15,92020
202109,92019,"el cajon, ca",1533,6444,-254,-3919,46.294256,73.08159854125513,19.506913842881023,32.5,0.18181818181818188,5,0.5853658536585367,12,-9,-0.060593425867809025,-0.27552572769255534,0.6427,749900,0.05619718309859145,0.23592913061392662,1.9734,1,14,92019
202108,92020,"el cajon, ca",491,4793,1138,-1946,53.937053,81.99878215862384,25.875323489115544,24,-0.07692307692307687,-2,0.04347826086956519,1,-13.5,-0.002953127287199764,-0.05485835336618272,0.7486,651450,-0.05174603474966144,0.08756260434056751,1.7123,0,15,92020
202108,92019,"el cajon, ca",1533,6190,-883,-4780,47.617598,75.46049627036079,19.77469934541026,27.5,0.2790697674418605,6,0.5277777777777777,9.5,-10,-0.09946743042623851,-0.40513928271410615,0.6502,710000,0.0078069552874378,0.08413498244006723,1.8661,1,14,92019
202108,92021,"el cajon, ca",250,4508,2286,-2680,55.200563,88.14888110823566,22.252245395037296,19.5,-0.3275862068965517,-9.5,-0.15217391304347827,-3.5,-18,-0.03753219892937587,-0.32273934729291875,0.6919,664450,-0.007468817686160256,0.12618644067796603,1.7464,0,16,92021
202107,92021,"el cajon, ca",250,6794,-541,-4870,44.365689,67.99939191243539,20.73198540589845,29,0.09433962264150941,2.5,-0.13432835820895528,-4.5,-7.5,-0.1642329891907719,-0.31337625024302784,0.6501,669450,0.0182523385808806,0.3152259332023575,1.7388,1,16,92021
