san_diego_ca_suburb_4.csv
month_date_yyyymm,postal_code,zip_name,nielsen_hh_rank,hotness_rank,hotness_rank_mm,hotness_rank_yy,hotness_score,supply_score,demand_score,median_days_on_market,median_days_on_market_mm,median_dom_mm_day,median_days_on_market_yy,median_dom_yy_day,median_dom_vs_us,ldp_unique_viewers_per_property_mm,ldp_unique_viewers_per_property_yy,ldp_unique_viewers_per_property_vs_us,median_listing_price,median_listing_price_mm,median_listing_price_yy,median_listing_price_vs_us,quality_flag,id,zip_code
202107,92020,"el cajon, ca",491,5931,-825,-4338,48.40377,74.19428397689268,22.613256308908483,26,0.33333333333333326,6.5,0.33333333333333326,6.5,-10.5,-0.10320860778872021,-0.19821647838681367,0.679,686999.5,-0.044506954102920715,0.17335525192143475,1.7844,1,15,92020
202107,92019,"el cajon, ca",1533,5307,-1223,-3846,51.514518,82.07281848586196,20.95621769534813,21.5,0.43333333333333335,6.5,0.3870967741935485,6,-15,-0.2036434750199161,-0.23865979665410775,0.653,704500,-0.06378737541528234,0.029218407596786067,1.8299,1,14,92019
202106,92021,"el cajon, ca",250,6253,-434,-4963,47.749258,69.77685281535437,25.72166339075808,26.5,-0.08620689655172409,-2.5,-0.0535714285714286,-1.5,-9,-0.23060992865986685,-0.15769950369394758,0.7022,657450,0.03535433070866145,0.16983985765124565,1.7077,0,16,92021
202106,92020,"el cajon, ca",491,5106,-88,-2545,53.22966,81.96708675376729,24.492234169653525,19.5,-0.1875,-4.5,-0.3035714285714286,-8.5,-16,-0.24955378520743532,0.15029562142337638,0.6835,719000,0.1504000000000001,0.2559500414865279,1.8675,0,15,92020
202106,92019,"el cajon, ca",1533,4084,566,-2477,58.170501,87.96007245538983,28.38093035803754,15,-0.4642857142857143,-13,-0.375,-9,-20.5,-0.3133819565562075,0.02696108190200297,0.7402,752500,0.09216255442670529,0.1367069486404835,1.9545,0,14,92019
202105,92019,"el cajon, ca",1533,4650,-1424,-2538,55.32127,68.8544701732863,41.78806931452231,28,0.6000000000000001,10.5,0.1200000000000001,3,-9,-0.05038941510096995,0.9066381156316918,0.9381,689000,-0.07392473118279574,0.06163328197226492,1.8136,0,14,92019
202105,92020,"el cajon, ca",491,5018,44,-2917,53.620994,74.69329857383838,32.548688851403156,24,-0.21311475409836067,-6.5,-0.040000000000000036,-1,-13,-0.16862576555280973,0.6069254984260231,0.7926,625000,-0.021909233176838794,0.1384335154826959,1.6452,0,15,92020
202105,92021,"el cajon, ca",250,5819,-1154,-4206,49.633875,66.60788222665235,32.65986811838675,29,0.20833333333333326,5,-0.30952380952380953,-13,-8,-0.0690232456019978,0.22905797101449288,0.7942,635000,0.02008032128514059,0.11423056676609922,1.6715,0,16,92021
202104,92020,"el cajon, ca",491,5062,-1772,-1892,54.695713,69.37663045594363,40.01479577930927,30.5,0.45238095238095233,9.5,-0.14084507042253525,-5,-9.5,-0.07860607860607871,1.4836922152304663,0.8897,639000,0.0003913894324854006,0.06508875739644981,1.7171,0,15,92020
202104,92019,"el cajon, ca",1533,3226,165,-1576,64.390842,86.71105400459447,42.0706303780711,17.5,-0.2857142857142857,-7,-0.20454545454545459,-4.5,-22.5,-0.07898286416270528,1.1356396638990698,0.922,744000,-0.051564790617630196,0.05539399957443791,1.9993,0,14,92019
202104,92021,"el cajon, ca",250,4665,-1257,-2552,56.837207,79.26254721021687,34.41186777245649,24,-0.020408163265306145,-0.5,-0.2941176470588235,-10,-16,-0.20206530439641768,0.8201706530763984,0.7962,622500,-0.02337621587700034,0.16355140186915884,1.6728,0,16,92021
202103,92019,"el cajon, ca",1533,3391,-2048,-1858,65.354454,83.05567476883462,47.65323241387382,24.5,1.5789473684210527,15,0.16666666666666674,3.5,-23.5,-0.161790810021346,1.3312664310252313,0.9989,784450,0.15914296268932393,0.155301914580265,2.1995,0,14,92019
202103,92020,"el cajon, ca",491,3290,-901,-446,65.93383,86.16128906402403,45.70637119113574,21,0.2727272727272727,4.5,-0.25,-7,-27,-0.007033487726164411,1.8983804122586978,0.9635,638750,0.0011755485893416573,0.12159789288849865,1.791,0,15,92020
202103,92021,"el cajon, ca",250,3408,-673,-1413,65.26862,83.05567476883462,47.48156529202918,24.5,-0.020000000000000018,-0.5,-0.05769230769230771,-1.5,-23.5,0.006686486455667939,1.5082894137399143,0.9956,637400,0.0641068447412354,0.19140186915887858,1.7872,0,16,92021
202102,92019,"el cajon, ca",1533,1343,1896,-189,79.094567,96.71887816882153,61.47025506816139,9.5,-0.7738095238095238,-32.5,-0.5681818181818181,-12.5,-54,0.47936833557706726,1.3218038724679158,1.2714,676750,0.06574803149606301,0.07437688521987607,1.9461,0,14,92019
202102,92020,"el cajon, ca",491,2389,-607,-124,71.608531,93.29323073317448,49.92383110034764,16.5,0.03125,0.5,-0.25,-5.5,-47,0.07906361326621658,1.5619933951340057,1.0353,638000,-0.05481481481481476,0.10000000000000009,1.8347,0,15,92020
202102,92021,"el cajon, ca",250,2735,366,-988,69.481661,87.96531385492754,50.998007890316785,25,-0.4565217391304348,-21,0.04166666666666674,1,-38.5,0.10792308944854545,1.2666326787852595,1.0552,599000,0,0.16310679611650492,1.7225,0,16,92021
202101,92019,"el cajon, ca",1533,3239,1003,-2024,65.380048,83.44571297218604,47.31438203969044,42,-0.08695652173913049,-4,0.5849056603773586,15.5,-29,0.6210261634239811,0.786270326782611,1.0171,635000,-0.045112781954887216,-0.08751257364563869,1.8682,1,14,92019
202101,92020,"el cajon, ca",491,1782,135,610,74.860164,95.89686614052563,53.823461803693206,16,-0.37254901960784315,-9.5,-0.6631578947368422,-31.5,-55,0.5118821362799264,1.439280414676288,1.1355,675000,0.015877793663932493,0.17391304347826098,1.9859,1,15,92020
202101,92021,"el cajon, ca",250,3101,321,-1372,66.171175,79.00927132020534,53.33307792506321,46,0.5862068965517242,17,0.1358024691358024,5.5,-25,1.0057354858116914,1.1827076450950869,1.1271,599000,0.09107468123861562,0.3252212389380531,1.7623,1,16,92021
202012,92020,"el cajon, ca",491,1917,2326,560,74.222197,94.01542179767523,54.42897149652818,25.5,-0.12068965517241381,-3.5,-0.4137931034482759,-18,-38.5,0.5847408545632926,1.4601062520067525,1.1541,664450,0.0029433962264151514,0.08058220848918518,1.9485,0,15,92020
202012,92019,"el cajon, ca",1533,4242,145,-1413,60.250508,76.7253615682664,43.77565504277439,46,0.4375,14,-0.12380952380952381,-6.5,-18,0.30287079866911815,1.005855707979738,0.9642,665000,0.018766756032171594,0.03341103341103335,1.9501,0,14,92019
202012,92021,"el cajon, ca",250,3422,73,-1439,64.813749,92.24306594544827,37.3844324241378,29,0.13725490196078427,3.5,-0.3626373626373627,-16.5,-35,0.0705373102470368,0.6201602913574538,0.8636,549000,-0.02737177783683231,0.09821964392878568,1.6099,0,16,92021
202011,92019,"el cajon, ca",1533,4387,-1018,-1676,58.494238,85.53766313058078,31.4508127909639,32,0.8823529411764706,15,-0.1351351351351351,-5,-24.5,-0.07916666666666672,0.6758579881656805,0.7924,652750,0.004385290044622181,-0.03865979381443296,1.869,0,14,92019
202011,92020,"el cajon, ca",491,4243,-1325,-1670,59.423414,88.27749370373196,30.56933526673281,29,0.9333333333333333,14,-0.21621621621621623,-8,-27.5,-0.1579782510428679,0.6010147485977566,0.7798,662500,0.18515205724508044,0.10435072512085353,1.8969,0,15,92020
202011,92021,"el cajon, ca",250,3495,-1128,-1265,63.641914,91.17377699763412,36.11005113332825,25.5,0.7,10.5,-0.3928571428571429,-16.5,-31,-0.17606100795755975,0.5614051789794363,0.8637,564450,-0.08219512195121947,0.13116232464929856,1.6162,0,16,92021
202010,92020,"el cajon, ca",491,2918,195,446,66.539287,95.14702006701555,37.93155378186062,15,-0.34782608695652173,-8,-0.589041095890411,-21.5,-36,-0.11420886354117654,1.107425525344948,0.8833,559000,-0.03349902744759026,-0.05733558178752107,1.5971,0,15,92020
202010,92019,"el cajon, ca",1533,3369,-844,-1357,63.822898,93.55822446444034,34.08757200406611,17,-0.1707317073170732,-3.5,-0.5277777777777778,-19,-34,-0.2574378783939383,0.4961719991963316,0.8207,649900,0.07111660486196958,0.012305295950155726,1.8569,0,14,92019
202010,92021,"el cajon, ca",250,2367,-183,221,70.18561,95.14702006701555,45.2242008960506,15,-0.18918918918918914,-3.5,-0.6103896103896104,-23.5,-36,-0.13967352732434346,0.9875643560054745,0.9998,615000,0.05670103092783507,0.1603773584905661,1.7571,1,16,92021
202009,92020,"el cajon, ca",491,3113,-266,-218,65.801887,88.80754716981131,42.79622641509434,23,0,0,-0.34285714285714286,-12,-28,-0.039680077081989396,1.173863553829876,0.9562,578375,-0.03443238731218701,-0.0415981156864369,1.6525,0,15,92020
202009,92021,"el cajon, ca",250,2184,-356,181,72.066038,92.52075471698113,51.611320754716985,18.5,-0.19565217391304346,-4.5,-0.5487804878048781,-22.5,-32.5,-0.13225127145581694,1.0755506501197947,1.1144,582000,-0.013559322033898313,0.11643967005563005,1.6629,0,16,92021
202009,92019,"el cajon, ca",1533,2525,-1115,643,69.741509,90.84528301886793,48.637735849056604,20.5,0.13888888888888884,2.5,-0.4383561643835616,-16,-30.5,-0.22865988500663426,1.4861514878760427,1.0599,606750,-0.07352267521759048,-0.0174009506149847,1.7336,0,14,92019
202008,92019,"el cajon, ca",1533,1410,51,1886,77.616669,93.21977038914568,62.01356791411957,18,0.16129032258064524,2.5,-0.47058823529411764,-16,-35,0.15255828753838707,2.3672542794453166,1.3368,654900,-0.043243243243243246,-0.013067814854682336,1.8711,0,14,92019
202008,92021,"el cajon, ca",250,1828,96,1029,74.032727,89.82406441031759,58.24138959296258,23,-0.31343283582089554,-10.5,-0.3783783783783784,-14,-30,-0.02422612630755916,1.7049565903053727,1.2494,590000,0.1591355599214146,0.10735735735735741,1.6857,0,16,92021
202008,92020,"el cajon, ca",491,2847,-1254,-423,66.672879,89.82406441031759,43.521693752795585,23,0.17948717948717952,3.5,-0.1785714285714286,-5,-30,-0.15418418428152658,1.1766237720970039,0.9687,599000,0.02305721605465405,-0.04698047594154153,1.7114,0,15,92020
202007,92021,"el cajon, ca",250,1924,-634,1298,73.331341,82.58693459828932,64.07574795502931,33.5,0.1964285714285714,5.5,0.015151515151515138,0.5,-24,0.025258692624607004,2.1207613922316066,1.3771,509000,-0.09430604982206403,-0.043233082706766957,1.4585,0,16,92021
202007,92019,"el cajon, ca",1533,1461,146,2870,77.195309,95.93620438501476,58.454413028050645,15.5,-0.35416666666666663,-8.5,-0.6025641025641026,-23.5,-42,0.074194105183371,2.1176466059697083,1.2474,684500,0.03398791540785506,-0.013688760806916389,1.9613,1,14,92019
202007,92020,"el cajon, ca",491,1593,968,1347,76.016883,94.22552571620663,57.80823964441788,19.5,-0.3035714285714286,-8.5,-0.417910447761194,-14,-38,0.28660066462239375,1.634803679342316,1.2317,585500,0.022752085243897158,-0.09923076923076923,1.6777,0,15,92020
202006,92019,"el cajon, ca",1533,1607,505,2426,76.277848,92.24349899411371,60.31219730273452,24,-0.040000000000000036,-1,-0.33333333333333337,-12,-44.5,0.27476313911116135,1.9624302873008208,1.2824,662000,0.02003081664098616,-0.0868965517241379,1.9331,0,14,92019
202006,92021,"el cajon, ca",250,1290,323,1322,78.893153,89.47544892332911,68.31085612100439,28,-0.33333333333333337,-14,0.07692307692307687,2,-40.5,0.1226694085389739,1.991382372672065,1.4832,562000,-0.013862081066853826,0.042671614100185495,1.6411,0,16,92021
202006,92020,"el cajon, ca",491,2561,-460,-1,69.18635,89.47544892332911,48.89725057745324,28,0.1200000000000001,3,-0.03448275862068961,-1,-40.5,0.048348907262003804,1.0337769161270893,1.0572,572475,0.04275956284153004,-0.09846456692913386,1.6717,0,15,92020
202005,92021,"el cajon, ca",250,1613,500,26,76.165447,85.09713606478215,67.23375803276252,42,0.23529411764705888,8,0.826086956521739,19,-29,0.37872794206187654,0.9116883116883114,1.4259,569900,0.06523364485981298,0.06523364485981298,1.727,1,16,92021
202005,92019,"el cajon, ca",1533,2112,-462,1194,72.502879,93.91181605438133,51.09394153263251,25,0.13636363636363646,3,-0.19354838709677424,-6,-46,0.06366594360086753,0.8965821901353848,1.0857,649000,-0.07936733101638416,-0.05600000000000005,1.9667,0,14,92019
202005,92020,"el cajon, ca",491,2101,1069,-448,72.549311,93.91181605438133,51.1868058393076,25,-0.295774647887324,-10.5,0.28205128205128216,5.5,-46,0.284986588402645,0.5159968947027398,1.0883,549000,-0.08492374364530375,-0.0574298223023435,1.6636,1,15,92020
202004,92019,"el cajon, ca",1533,1650,-117,1973,77.457621,95.69659095161471,59.21865060060622,22,0.04761904761904767,1,-0.2786885245901639,-8.5,-40,0.00538324300290971,0.819293435365146,1.2563,704950,0.038217967599410985,0.11994598458972128,2.1959,0,14,92019
202004,92021,"el cajon, ca",250,2113,-118,1081,74.13277,88.24608015567115,60.01945889308835,34,0.3076923076923077,8,-0.16049382716049387,-6.5,-28,0.09959532995186637,0.4072893606467063,1.2729,535000,0,-0.025500910746812377,1.6665,0,16,92021
202004,92020,"el cajon, ca",491,3170,-326,-1510,67.361449,86.67814242412902,48.0447554541032,35.5,0.2678571428571428,7.5,0.5434782608695652,12.5,-26.5,0.07523391077447439,0.09038754313347463,1.0424,599950,0.05346795434591756,0.031563563120985405,1.8689,1,15,92020
202003,92021,"el cajon, ca",250,1995,-248,1124,76.029461,90.71532195067515,61.34360004463788,26,0.08333333333333326,2,-0.29729729729729726,-11,-32.5,-0.09030095371261981,0.4857781375964496,1.2922,535000,0.03883495145631066,-0.020146520146520186,1.6719,0,16,92021
202003,92019,"el cajon, ca",1533,1533,-379,2270,79.607931,93.79161551910128,65.42424580589964,21,-0.045454545454545414,-1,-0.43243243243243246,-16,-37.5,-0.16519308246772824,0.8411329538817058,1.3949,679000,0.07794888077472617,0.13085891030216512,2.1219,0,14,92019
202003,92020,"el cajon, ca",491,2844,-579,-490,70.211658,89.18647472380314,51.236841126362386,28,0.2727272727272727,6,-0.09677419354838712,-3,-30.5,-0.12227751910167428,0.14856495437576167,1.0823,569500,-0.018103448275862077,0.005929851122886687,1.7797,0,15,92020
202002,92021,"el cajon, ca",250,1747,-18,1357,77.325216,93.49716865909174,61.153262518968134,24,-0.40740740740740744,-16.5,-0.040000000000000036,-1,-55,0.06690079082982026,0.8940571730986733,1.2627,515000,0.13938053097345127,-0.04452690166975881,1.6618,0,16,92021
202002,92019,"el cajon, ca",1533,1154,61,2262,82.149598,94.4002368703505,69.89895999111737,22,-0.16981132075471694,-4.5,-0.33333333333333337,-11,-57,0.13814598707437198,1.2387904969144148,1.4852,629900,-0.09484121281793356,0.04556394721553647,2.0326,0,14,92019
202002,92020,"el cajon, ca",491,2265,127,-19,73.757356,94.4002368703505,53.11447499907472,22,-0.5368421052631579,-25.5,-0.19999999999999996,-5.5,-57,0.0273792052037809,0.3699812656444337,1.096,580000,0.008695652173912993,0.0564663023679417,1.8716,0,15,92020
202001,92021,"el cajon, ca",250,1729,254,1068,77.160815,94.13121094912229,60.190419518000596,40.5,-0.10989010989010994,-5,0.20895522388059695,7,-44.5,0.488799013638443,0.7341296085139317,1.2446,452000,-0.09581916383276656,-0.094188376753507,1.5072,1,16,92021
202001,92020,"el cajon, ca",491,2392,85,-26,72.710875,91.15962511157394,54.2621243677477,47.5,0.09195402298850586,4,0.7272727272727273,20,-37.5,0.5247901280153413,0.4564904425306444,1.1219,575000,-0.06488859977232075,-0.024514377809822685,1.9173,1,15,92020
202001,92019,"el cajon, ca",1533,1215,1614,2573,81.387608,97.27387682237429,65.50133888723593,26.5,-0.49523809523809526,-26,-0.3764705882352941,-16,-58.5,0.8202981564078797,1.211781853105398,1.3724,695900,0.08142968142968132,0.14561812180526634,2.3204,0,14,92019
201912,92020,"el cajon, ca",491,2477,96,468,71.668705,92.12350346565847,51.213907112939694,43.5,0.17567567567567566,6.5,0.14473684210526305,5.5,-35.5,0.031334918478260754,0.3914189150484044,1.0807,614900,0.025004167361226903,0.026544240400667718,2.05,0,15,92020
201912,92021,"el cajon, ca",250,1983,247,1757,75.021313,91.04859335038363,58.99403239556692,45.5,0.08333333333333326,3.5,-0.10784313725490191,-5.5,-33.5,0.0317142750794952,0.6301455318408664,1.2279,499900,0.0018036072144289594,-0.05411542100283817,1.6666,0,16,92021
201912,92019,"el cajon, ca",1533,2829,-118,538,69.309463,85.73705474628414,52.8818710849179,52.5,0.41891891891891886,15.5,0.34615384615384626,13.5,-26.5,0.08852617205279922,0.5508133268005881,1.1074,643500,-0.052282768777614175,0.07250000000000001,2.1454,1,14,92019
201911,92019,"el cajon, ca",1533,2711,-699,1718,69.280026,90.93244284613408,47.62760999596345,37,0.02777777777777768,1,0,0,-32,-0.1778986889169818,0.6699052584726901,1.0373,679000,0.05763239875389403,0.09533795773511855,2.191,0,14,92019
201911,92021,"el cajon, ca",250,2230,358,1703,72.589997,87.44266265458148,57.737330740156324,42,0.09090909090909083,3.5,0.15068493150684925,5.5,-27,0.04881922652326498,0.7730952940255262,1.2136,499000,-0.058490566037735836,-0.04038461538461535,1.6102,0,16,92021
201911,92020,"el cajon, ca",491,2573,791,109,70.287329,90.93244284613408,49.642214964588455,37,0.013698630136986356,0.5,0.34545454545454546,9.5,-32,0.10835838845460022,0.31835205992509374,1.0685,599900,0.011635750421585156,0.001502504173622743,1.9358,1,15,92020
201910,92021,"el cajon, ca",250,2588,-223,1353,69.909949,86.97562047001976,52.84427849769383,38.5,-0.060975609756097615,-2.5,0.28333333333333344,8.5,-27.5,-0.10158825082476464,0.7115094314522699,1.1447,530000,0.016689046614233538,0.022179363548698205,1.6907,1,16,92021
201910,92020,"el cajon, ca",491,3364,-469,131,65.110916,88.81689728384215,41.404934475437436,36.5,0.04285714285714293,1.5,0.19672131147540983,6,-29.5,-0.08628369320989515,0.29712990683111995,0.9537,593000,-0.017363618071419173,0.014629138506287998,1.8917,0,15,92020
201910,92019,"el cajon, ca",1533,2012,1156,1933,73.786514,89.28545281499379,58.28757595724431,36,-0.013698630136986356,-0.5,0.07462686567164178,2.5,-30,0.2338968544144291,0.791007201711585,1.2483,642000,0.03968453185855747,0.05679012345679002,2.048,0,14,92019
201909,92021,"el cajon, ca",250,2365,492,1296,71.111071,85.56557945870922,56.65656159830527,41,0.10810810810810811,4,0.4137931034482758,12,-25,0.13089152600020704,0.7848849284633763,1.2176,521300,-0.021584084084084076,-0.016229477259860348,1.6554,1,16,92021
201909,92020,"el cajon, ca",491,2895,-471,-37,67.622996,91.17937105080536,44.066620402498266,35,0.25,7,0.5217391304347827,12,-31,-0.038460730730257686,0.313360660163573,0.9975,603478.5714285714,-0.03985499011296245,0.09743329956095903,1.9164,1,15,92020
