san_diego_ca_suburb_4.csv
month_date_yyyymm,postal_code,zip_name,nielsen_hh_rank,hotness_rank,hotness_rank_mm,hotness_rank_yy,hotness_score,supply_score,demand_score,median_days_on_market,median_days_on_market_mm,median_dom_mm_day,median_days_on_market_yy,median_dom_yy_day,median_dom_vs_us,ldp_unique_viewers_per_property_mm,ldp_unique_viewers_per_property_yy,ldp_unique_viewers_per_property_vs_us,median_listing_price,median_listing_price_mm,median_listing_price_yy,median_listing_price_vs_us,quality_flag,id,zip_code
201909,92019,"el cajon, ca",1533,3168,128,39,66.003141,89.83527521092807,42.171006976149606,36.5,0.07352941176470584,2.5,0.2586206896551724,7.5,-29.5,0.04470637279555545,0.304445054676991,0.9668,617495,-0.06943702906350913,0.04837860780984715,1.9609,1,14,92019
201908,92019,"el cajon, ca",1533,3296,1035,-468,63.738747,90.55290301417793,36.92459088092722,34,-0.1282051282051282,-5,0.6585365853658536,13.5,-30,0.06712149874176587,0.12393091844351134,0.9061,663571.4285714285,-0.043845203787566955,0.16620637710268626,2.0883,1,14,92019
201908,92020,"el cajon, ca",491,2424,516,373,69.220396,94.40536501804134,44.035426613696835,28,-0.16417910447761197,-5.5,0.05660377358490565,1.5,-36,0.023860279332480694,0.1964242558326954,1.0157,628528.5714285715,-0.03303296703296699,0.04929644645838316,1.978,0,15,92020
201908,92021,"el cajon, ca",250,2857,365,-78,66.5634,86.93005795094216,46.19674162627109,37,0.1212121212121211,4,0.7209302325581395,15.5,-27,0.12576942768012045,0.29018289633930694,1.0542,532800,0.0015037593984963404,-0.01968721251149952,1.6768,1,16,92021
201907,92019,"el cajon, ca",1533,4331,-298,-1140,59.13829,82.0525950038404,36.22398595515892,39,0.08333333333333326,3,0.5294117647058822,13.5,-20.5,0.02071387614678888,0.05323639730002161,0.861,694000,-0.04275862068965519,0.15685947657943,2.1567,1,14,92019
201907,92020,"el cajon, ca",491,2940,-380,-453,67.069602,88.36545846896601,45.77374638820819,33.5,0.15517241379310343,4.5,0.48888888888888893,11,-26,-0.006886641119329906,0.08913263290652962,1.006,650000,0.023622047244094446,0.06566111976391498,2.0199,1,15,92020
201907,92021,"el cajon, ca",250,3222,-610,-54,65.498702,88.94334515928459,42.05405800811967,33,0.26923076923076916,7,0.10000000000000009,3,-26.5,-0.01724598741176553,0.09139956994920828,0.9496,532000,-0.012987012987012991,-0.018441129530715195,1.6532,0,16,92021
201906,92020,"el cajon, ca",491,2560,-907,-619,70.05595,89.59994149052878,50.51195787318073,29,0.4871794871794872,9.5,0.3181818181818181,7,-28,-0.21855063091152982,-0.041047351709539326,1.067,635000,0.09022233668126023,0.009538950715421324,1.9544,1,15,92020
201906,92021,"el cajon, ca",250,2612,-973,-368,69.735976,91.96226139106268,47.50969063117092,26,0.13043478260869557,3,0.18181818181818188,4,-31,-0.2825410733844469,-0.01995077082523644,1.0178,539000,0.007476635514018781,0.007495467204994499,1.659,0,16,92021
201906,92019,"el cajon, ca",1533,4033,-727,-789,61.111314,82.51298178892709,39.70964674906751,36,0.16129032258064524,5,0.3846153846153846,10,-21,-0.18388187001620437,-0.005479129923574466,0.8886,725000,0.05454545454545445,0.08532934131736525,2.2315,1,14,92019
201905,92020,"el cajon, ca",491,1653,7,26,77.331249,95.00091962479308,59.66157807614493,19.5,-0.15217391304347827,-3.5,0.18181818181818188,3,-36,-0.07576765230606686,0.09098070292683946,1.2465,582450,0.0014737850484507486,-0.06651173972273416,1.7952,0,15,92020
201905,92019,"el cajon, ca",1533,3306,317,90,66.321501,86.46312304579732,46.179878609527314,31,0.016393442622950838,0.5,0.16981132075471694,4.5,-24.5,0.020319856782160306,0.1353371762982707,0.9939,687500,0.09222336960838828,0.07421875,2.119,0,14,92019
201905,92021,"el cajon, ca",250,1639,1555,709,77.399301,93.01820857090307,61.78039359941144,23,-0.4320987654320988,-17.5,0.045454545454545414,1,-32.5,0.014950581759039183,0.25484693331048236,1.2951,535000,-0.025500910746812377,0.019049560094400286,1.6489,0,16,92021
201904,92019,"el cajon, ca",1533,3623,180,-247,64.798231,87.51059517228671,42.085866961488854,30.5,-0.17567567567567566,-6.5,0.10909090909090913,3,-28,0.017452261405866976,0.0021834996810072838,0.9322,629450,0.04833452295979046,0,1.982,0,14,92019
201904,92020,"el cajon, ca",491,1660,694,796,77.125484,93.14906946747743,61.10189791781831,23,-0.25806451612903225,-8,0.09523809523809534,2,-35.5,0.13260280296579108,0.22090770891623457,1.2905,581592.8571428572,0.02728993186979567,-0.07241968557758027,1.8313,0,15,92020
201904,92021,"el cajon, ca",250,3194,-75,-633,67.259996,76.57637737239727,57.943615257048094,40.5,0.09459459459459452,3.5,0.6875,16.5,-18,0.16092308172845238,0.1396554129693801,1.221,549000,0.005494505494505475,0.05576923076923079,1.7287,1,16,92021
201903,92021,"el cajon, ca",250,3119,-15,-460,66.53426,86.82923241016589,46.23928794733164,37,0.48,12,0.48,12,-28,0.15967650915161213,-0.017387903679082273,1.0335,546000,0.01298701298701288,0.10325318246110315,1.7793,1,16,92021
201903,92019,"el cajon, ca",1533,3803,-387,-859,62.606201,86.82923241016589,38.383169664202434,37,0.1212121212121211,4,0.6086956521739131,14,-28,0.015112890022035641,-0.06752878277130758,0.9003,600428.5714285715,-0.0033553466203477544,0.007599549301177122,1.9566,1,14,92019
201903,92020,"el cajon, ca",491,2354,-108,275,71.004818,91.0404943175549,50.96914193239913,31,0.1272727272727272,3.5,0.40909090909090917,9,-34,0.04692673295015548,0.09574775052684115,1.1197,566142.8571428572,0.031225604996096834,-0.0371720116618075,1.8449,1,15,92020
201902,92021,"el cajon, ca",250,3104,-307,-1172,68.526604,96.1629541922593,40.89025382964553,25,-0.25373134328358204,-8.5,0,0,-58,-0.023184581224605427,-0.260281374025477,0.9122,539000,0.08016032064128265,0.12291666666666656,1.8057,0,16,92021
201902,92019,"el cajon, ca",1533,3416,372,-1423,66.726486,92.77362539776512,40.67934581514098,33,-0.22352941176470587,-9.5,0.6097560975609757,12.5,-50,0.12441545730398018,-0.23053464575793492,0.9078,602450,-0.008222966688342104,0.012606101353054955,2.0183,1,14,92019
201902,92020,"el cajon, ca",491,2246,120,-64,73.525494,95.14171538518464,51.90927255235699,27.5,0,0,0.14583333333333326,3.5,-55.5,0.09225434738346672,-0.042676983956972836,1.0947,549000,-0.06862329290016111,0.00273972602739736,1.8392,0,15,92020
201901,92020,"el cajon, ca",491,2366,579,-563,72.283711,97.08171923999262,47.48570374469655,27.5,-0.2763157894736842,-10.5,-0.2666666666666667,-10,-59.5,0.4566671799873381,-0.1745513363272443,1.0224,589450,-0.015943238731218723,0.1445631067961166,2.0326,0,15,92020
201901,92019,"el cajon, ca",1533,3788,-421,-2252,64.191109,93.61372440509132,34.7684928979893,42.5,0.08974358974358965,3.5,0.5740740740740742,15.5,-44.5,0.27632055383056775,-0.35596118407447697,0.8236,607445,0.012408333333333355,-0.0545595755327436,2.0946,1,14,92019
201901,92021,"el cajon, ca",250,2797,943,-1427,69.65689,96.10772920125437,43.206050544180044,33.5,-0.3431372549019608,-17.5,0.763157894736842,14.5,-53.5,0.399525760921404,-0.279644475036845,0.9527,499000,-0.05581835383159883,0.024640657084188833,1.7207,1,16,92021
201812,92019,"el cajon, ca",1533,3367,1062,-1348,66.357334,94.8758390492609,37.83882918240839,39,0.054054054054053946,2,-0.09302325581395354,-4,-42,0.17211758970772117,-0.25221403587110225,0.8762,600000,-0.03210195192773024,-0.11751728195322841,2.0548,1,14,92019
201812,92020,"el cajon, ca",491,2945,-263,-1489,68.880901,95.30499211385394,42.45680959542237,38,0.38181818181818183,10.5,0.31034482758620685,9,-43,-0.022823033707865092,-0.22617748420448014,0.9531,599000,0,0.2004008016032064,2.0514,1,15,92020
201812,92021,"el cajon, ca",250,3740,193,-2440,64.226241,87.59124087591242,40.861240509114914,51,0.3972602739726028,14.5,0.9615384615384615,25,-30,0.1221867558392864,-0.27456133570379526,0.9243,528500,0.016346153846153788,0.059118236472945895,1.8099,1,16,92021
201811,92020,"el cajon, ca",491,2682,813,-1332,70.674186,96.57230746694987,44.7760647453034,27.5,-0.09836065573770492,-3,-0.09836065573770492,-3,-44,0.09051660543033724,-0.2500822855638207,0.9878,599000,0.02489520061596373,0.23505409289503687,2.0084,0,15,92020
201811,92021,"el cajon, ca",250,3933,8,-2590,63.46175,92.47811916358442,34.445380305416194,36.5,0.21666666666666656,6.5,0.553191489361702,13,-35,0.0123900300968256,-0.34348547242366256,0.8341,520000,0.0028929604628735728,0.05263157894736836,1.7435,1,16,92021
201811,92019,"el cajon, ca",1533,4429,-484,-2909,60.618157,92.16684366645916,29.069469366829022,37,0.10447761194029859,3.5,0.4509803921568627,11.5,-34.5,-0.11827969807527772,-0.3807717139700326,0.7571,619900,0.020411522633744905,-0.04550003849411044,2.0785,1,14,92019
201810,92020,"el cajon, ca",491,3495,-637,-1854,65.677579,93.68225117705026,37.67290777035658,30.5,0.326086956521739,7.5,0.326086956521739,7.5,-38,-0.07485052532651748,-0.22706847368759564,0.8784,584450,0.0628296053827968,0.10796313551008097,1.9547,1,15,92020
201810,92021,"el cajon, ca",250,3941,-280,-2873,63.206686,93.96693309974816,32.44643965108215,30,0.034482758620689724,1,0.36363636363636354,8,-38.5,-0.06307171833892611,-0.4018014690772995,0.799,518500,-0.021513493111907867,0.08586387434554976,1.7341,1,16,92021
201810,92019,"el cajon, ca",1533,3945,-738,-1938,63.195737,91.79167122887696,34.59980291251505,33.5,0.15517241379310343,4.5,-0.0821917808219178,-3,-35,-0.10131536702687627,-0.27603091109508615,0.8327,607500,0.03140916808149408,-0.038689769760265835,2.0318,0,14,92019
201809,92019,"el cajon, ca",1533,3207,-379,-1607,66.945485,93.89751609266466,39.99345383132705,29,0.41463414634146334,8.5,0,0,-36,-0.09986412316105575,-0.1955057939242093,0.9138,589000,0.03514938488576447,-0.016694490818030094,1.9699,0,14,92019
201809,92020,"el cajon, ca",491,2858,-61,-2112,68.991163,96.35960286576719,41.622722478815874,23,-0.13207547169811318,-3.5,0.2777777777777777,5,-42,-0.12407235911368997,-0.3394145177571809,0.9364,549900,-0.08196994991652751,-0.043652173913043435,1.8391,1,15,92020
201809,92021,"el cajon, ca",250,3661,-882,-2847,64.501582,93.89751609266466,35.1056478888606,29,0.34883720930232553,7.5,0.20833333333333326,5,-36,-0.1825484762669598,-0.4118515463917526,0.8411,529900,-0.0250229990800368,0.1062630480167015,1.7722,1,16,92021
201808,92020,"el cajon, ca",491,2797,-310,-2234,69.628129,93.55156557915481,45.70469308809576,26.5,0.1777777777777778,4,0.1777777777777778,4,-35.5,-0.06795634046913313,-0.3622111805896703,0.9983,599000,-0.01795229117140751,0.07947377905928987,2.0017,0,15,92020
201808,92021,"el cajon, ca",250,2779,389,-2077,69.752208,96.15356543318005,43.3508503028976,21.5,-0.2833333333333333,-8.5,-0.10416666666666663,-2.5,-40.5,-0.04768209784969768,-0.3489838345936297,0.9608,543500,0.0027767783835643822,0.07634419249430646,1.8162,0,16,92021
201808,92019,"el cajon, ca",1533,2828,363,-817,69.445661,96.4601124005547,42.43120940077367,20.5,-0.196078431372549,-5,-0.2807017543859649,-8,-41.5,0.00000025301614270389905,-0.07078640937386793,0.948,569000,-0.05150858476412734,-0.034775233248515725,1.9014,0,14,92019
201807,92020,"el cajon, ca",491,2487,,,72.335406,95.04389173372348,49.62692026335041,22.5,,,,,-37,,,1.0483,609950,,,2.0338,0,15,92020
201807,92021,"el cajon, ca",250,3168,,,67.821873,89.85369422092174,45.79005120702268,30,,,,,-29.5,,,0.9874,541995,,,1.8073,0,16,92021
201807,92019,"el cajon, ca",1533,3191,,,67.648135,93.40526700804682,41.89100219458668,25.5,,,,,-34,,,0.9278,599900,,,2.0003,0,14,92019
201806,92020,"el cajon, ca",491,1941,,,76.3708,93.47707124876874,59.26452883878734,22,,,,,-35,,,1.2114,629000,,,2.0967,0,15,92020
201806,92019,"el cajon, ca",1533,3244,,,67.972712,90.22655138448069,45.718871985699174,26,,,,,-31,,,0.9727,668000,,,2.2267,1,14,92019
201806,92021,"el cajon, ca",250,2244,,,74.223852,93.47707124876874,54.970632227937685,22,,,,,-35,,,1.1307,534990,,,1.7833,1,16,92021
201805,92021,"el cajon, ca",250,2348,,,75.078151,92.4239638115553,57.73233790592476,22,,,,,-35,,,1.1652,524999,,,1.7506,0,16,92021
201805,92019,"el cajon, ca",1533,3396,,,68.419698,88.6469787797433,48.192416608436616,26.5,,,,,-30.5,,,0.9884,640000,,,2.134,0,14,92019
201805,92020,"el cajon, ca",491,1679,,,79.599868,95.67871722261042,63.521017983891724,16.5,,,,,-40.5,,,1.2899,623950,,,2.0805,0,15,92020
201804,92021,"el cajon, ca",250,2561,,,74.15198,91.88112971019837,56.42283017476587,24,,,,,-35.5,,,1.1518,520000,,,1.7451,1,16,92021
201804,92020,"el cajon, ca",491,2456,,,74.758499,93.77995723029275,55.7370400412949,21,,,,,-38.5,,,1.1363,627000,,,2.1042,0,15,92020
201804,92019,"el cajon, ca",1533,3376,,,69.13207,89.48455128677826,48.77958852591991,27.5,,,,,-32,,,0.9999,629450,,,2.1124,0,14,92019
201803,92019,"el cajon, ca",1533,2944,,,72.106677,93.37038945741,50.84296547154531,23,,,,,-42,,,1.02,595900,,,2.0619,0,14,92019
201803,92021,"el cajon, ca",250,2659,,,73.69506,92.00839284399616,55.38172715894869,25,,,,,-40,,,1.1112,494900,,,1.7125,1,16,92021
201803,92020,"el cajon, ca",491,2629,,,73.947213,94.1397334903924,53.75469336670838,22,,,,,-43,,,1.0796,588000,,,2.0346,0,15,92020
201802,92020,"el cajon, ca",491,2182,,,77.045842,94.30126638524771,59.79041694438273,24,,,,,-60.5,,,1.1998,547500,,,1.9748,0,15,92020
201802,92019,"el cajon, ca",1533,1993,,,78.438125,95.54543434792268,61.33081537436126,20.5,,,,,-64,,,1.2378,594950,,,2.1459,0,14,92019
201802,92021,"el cajon, ca",250,1932,,,78.84359,93.98652151373769,63.70065911278975,25,,,,,-59.5,,,1.2939,480000,,,1.7313,0,16,92021
201801,92021,"el cajon, ca",250,1370,,,83.020752,97.67691340213813,68.364591425295,19,,,,,-71,,,1.4154,487000,,,1.7932,0,16,92021
201801,92020,"el cajon, ca",491,1803,,,79.438094,94.02212111123441,64.85406725113751,37.5,,,,,-52.5,,,1.3256,515000,,,1.8963,0,15,92020
201801,92019,"el cajon, ca",1533,1536,,,81.576222,96.50427255576518,66.6481707542633,27,,,,,-63,,,1.3686,642499.5,,,2.3658,0,14,92019
201712,92019,"el cajon, ca",1533,2019,,,77.670582,92.27086938910777,63.070294951577864,43,,,,,-42,,,1.2866,679900,,,2.5079,0,14,92019
201712,92020,"el cajon, ca",491,1456,,,81.627205,97.31192694332952,65.94248260117097,29,,,,,-56,,,1.3523,499000,,,1.8406,0,15,92020
201712,92021,"el cajon, ca",250,1300,,,82.774239,97.76116655006076,67.78731082225578,26,,,,,-59,,,1.399,499000,,,1.8406,0,16,92021
201711,92021,"el cajon, ca",250,1343,,,82.66209,97.33827740656436,67.98590204860857,23.5,,,,,-54,,,1.3981,494000,,,1.7964,0,16,92021
201711,92020,"el cajon, ca",491,1350,,,82.618034,95.26764079594685,69.96842646302959,30.5,,,,,-47,,,1.4493,484999,,,1.7636,0,15,92020
201711,92019,"el cajon, ca",1533,1520,,,81.323886,96.87568837653279,65.77208311917174,25.5,,,,,-52,,,1.3453,649450,,,2.3616,0,14,92019
201710,92019,"el cajon, ca",1533,2007,,,77.200366,90.57639524245197,63.82433668801464,36.5,,,,,-38,,,1.2993,631950,,,2.2773,0,14,92019
201710,92021,"el cajon, ca",250,1068,,,84.536139,97.1747483989021,71.8975297346752,22,,,,,-52.5,,,1.5089,477500,,,1.7207,0,16,92021
201710,92020,"el cajon, ca",491,1641,,,80.016468,96.88929551692588,63.14364135407137,23,,,,,-51.5,,,1.2838,527499.5,,,1.9009,0,15,92020
201709,92021,"el cajon, ca",250,814,,,86.785675,95.80248714488896,77.7688632799679,24,,,,,-47,,,1.7139,479000,,,1.7198,0,16,92021
201709,92020,"el cajon, ca",491,746,,,87.480398,97.48368039094125,77.47711607891762,18,,,,,-53,,,1.6988,575000,,,2.0644,0,15,92020
201709,92019,"el cajon, ca",1533,1600,,,80.133839,93.9353050581671,66.33237299879654,29,,,,,-42,,,1.3613,599000,,,2.1506,0,14,92019
201708,92019,"el cajon, ca",1533,2011,,,77.597058,92.98547330674374,62.20864283361996,28.5,,,,,-38,,,1.2393,589500,,,2.1129,0,14,92019
201708,92020,"el cajon, ca",491,563,,,89.423323,95.8981301913718,82.94851622818251,22.5,,,,,-44,,,1.9014,554900,,,1.9889,0,15,92020
201708,92021,"el cajon, ca",250,702,,,88.025541,95.38951297156866,80.661568297413,24,,,,,-42.5,,,1.7929,504950,,,1.8099,0,16,92021
