san_diego_ca_suburb_4.csv
month_date_yyyymm,postal_code,zip_name,nielsen_hh_rank,hotness_rank,hotness_rank_mm,hotness_rank_yy,hotness_score,supply_score,demand_score,median_days_on_market,median_days_on_market_mm,median_dom_mm_day,median_days_on_market_yy,median_dom_yy_day,median_dom_vs_us,ldp_unique_viewers_per_property_mm,ldp_unique_viewers_per_property_yy,ldp_unique_viewers_per_property_vs_us,median_listing_price,median_listing_price_mm,median_listing_price_yy,median_listing_price_vs_us,quality_flag,id,zip_code
202201,91977,"spring valley, ca",746,4800,386,-3034,56.219938,86.65244375484872,25.787432117920865,34,0.0793650793650793,2.5,0.6190476190476191,13,-27,0.6095879237403345,-0.4371320854553873,0.6621,694900,0.02955774501814945,0.2634545454545454,1.8531,1,23,91977
202112,91977,"spring valley, ca",746,5186,-164,-3012,54.301283,88.71927654969856,19.883289534703973,31.5,0.5,10.5,0.0862068965517242,2.5,-22,0.005278274359163726,-0.43913975910852143,0.5995,674950,-0.031566109477007,0.22718181818181815,1.7999,0,23,91977
202111,91977,"spring valley, ca",746,5022,814,-1912,53.899812,92.34985243953854,15.449771952014105,21,-0.27586206896551724,-8,-0.1923076923076923,-5,-25.5,-0.12051715176715183,-0.2878053431659634,0.5503,696950,-0.002932761087267477,0.2557657657657657,1.8367,0,23,91977
202110,91977,"spring valley, ca",746,5836,44,-3332,48.946613,81.25047194744394,16.642754662840744,29,0.09433962264150941,2.5,0.8125,13,-14,0.048524382711399694,-0.2588303416328894,0.591,699000,0.007204610951008661,0.270909090909091,1.8395,1,23,91977
202109,91977,"spring valley, ca",746,5880,49,-4322,48.772983,83.26622093906701,14.27974471964747,26.5,0.1777777777777778,4,1.65,16.5,-15,-0.010924121382788199,-0.4547730154574343,0.5556,694000,0.06851506429181242,0.2630812630812631,1.8263,1,23,91977
202108,91977,"spring valley, ca",746,5929,-749,-3955,48.666083,84.08433551529913,13.247830720048714,22.5,0.32352941176470584,5.5,-0.13461538461538458,-3.5,-15,-0.1497374316165746,-0.47335883117876554,0.5339,649499.5,0.016431142410015642,0.2277873345935728,1.7071,0,23,91977
202107,91977,"spring valley, ca",746,5180,1529,-3361,52.143509,88.64776527820007,15.63925205229553,17,-0.4035087719298246,-11.5,-0.24444444444444446,-5.5,-19.5,-0.2544466239291445,-0.3072636006055126,0.5678,639000,0.051851851851851816,0.1899441340782122,1.6597,0,23,91977
202106,91977,"spring valley, ca",746,6709,-1732,-5096,45.307743,65.82649246541025,24.78899294716152,28.5,0.42500000000000004,8.5,0.3255813953488371,7,-7,-0.12636686656263185,-0.02309536321700678,0.6876,607500,-0.020159709935016035,0.12084870848708484,1.5779,1,23,91977
202105,91977,"spring valley, ca",746,4977,-1697,-4166,53.824183,81.86627817819353,25.782088636712157,20,0.6666666666666667,8,0.05263157894736836,1,-17,-0.22745433308471252,0.015452209425044883,0.6849,619999,0.04729560810810818,0.1832041984732824,1.632,0,23,91977
202104,91977,"spring valley, ca",746,3280,-170,-2160,64.063778,91.69878908227233,36.42876610987813,12,-0.19999999999999996,-3,-0.4285714285714286,-9,-28,-0.10332355660382142,0.6646532082154504,0.8274,592000,0.011965811965811923,0.13955726660250245,1.5908,0,23,91977
202103,91977,"spring valley, ca",746,3110,-751,-1311,67.03406,90.79239982833288,43.27572080683547,15,-0.09090909090909094,-1.5,-0.33333333333333337,-7.5,-33,-0.057727972605351896,1.2847186241644017,0.9207,585000,0.030837912632522224,0.1101622544833476,1.6403,0,23,91977
202102,91977,"spring valley, ca",746,2359,-593,-160,71.780399,93.29323073317448,50.26756767313777,16.5,-0.2142857142857143,-4.5,-0.3125,-7.5,-47,0.05504954346312885,1.4995049850101094,1.0424,567499.5,0.03181727272727275,0.08095142857142856,1.6319,0,23,91977
202101,91977,"spring valley, ca",746,1766,408,318,74.994253,94.5023369856716,55.48616964217301,21,-0.27586206896551724,-8,-0.32258064516129037,-10,-50,0.6038467415137534,1.5829219904256981,1.1693,550000,0,0.07317073170731714,1.6181,0,23,91977
202012,91977,"spring valley, ca",746,2174,936,-631,72.476695,92.24306594544827,52.71032339739901,29,0.11538461538461542,3,-0.17142857142857137,-6,-35,0.2765280250422808,1.0557340344421497,1.1204,550000,-0.009009009009009028,0.07843242983571552,1.6129,0,23,91977
202011,91977,"spring valley, ca",746,3110,-606,-253,65.942914,90.8646874761505,41.02114019690147,26,0.625,10,-0.2571428571428571,-9,-30.5,-0.08473618004638617,1.098862540967804,0.9397,555000,0.009090909090909038,0.1212121212121211,1.5891,0,23,91977
202010,91977,"spring valley, ca",746,2504,-946,-365,69.169082,94.40909604307068,43.92906893565755,16,0.6000000000000001,6,-0.4576271186440678,-13.5,-35,-0.22867351496203658,0.9728498410634299,0.9793,550000,0.0010010010010010895,0.12359550561797761,1.5714,0,23,91977
202009,91977,"spring valley, ca",746,1558,416,1340,76.907547,97.09056603773585,56.72452830188679,10,-0.6153846153846154,-16,-0.7333333333333334,-27.5,-41,-0.044639954486345945,1.6800290363185653,1.2175,549450,0.03865784499054814,0.10088158685634152,1.5699,1,23,91977
202008,91977,"spring valley, ca",746,1974,-155,1230,72.765394,87.65096168182495,57.87982704636947,26,0.15555555555555545,3.5,-0.16129032258064513,-5,-27,0.118423444715122,2.1417435167521655,1.2398,529000,-0.014897579143389184,0.06417219875276614,1.5114,0,23,91977
202007,91977,"spring valley, ca",746,1819,-206,1668,74.151197,92.48496619728832,55.81742800582676,22.5,0.04651162790697683,1,-0.375,-13.5,-35,0.05138772942992742,1.6865710636796285,1.1922,537000,-0.009225092250922495,0.08048289738430592,1.5387,0,23,91977
202006,91977,"spring valley, ca",746,1613,-802,2594,76.19775,93.4580135608375,58.937486029356975,21.5,0.13157894736842102,2.5,-0.3857142857142857,-13.5,-47,-0.09189427281532536,2.070277075558766,1.2522,542000,0.03435114503816794,0.0323809523809524,1.5827,0,23,91977
202005,91977,"spring valley, ca",746,811,309,1650,82.862821,96.18884885405446,69.53679283830468,19,-0.09523809523809523,-2,-0.13636363636363635,-3,-52,0.2664511544582002,1.4944820812335746,1.4882,524000,0.008662175168431263,0.032513332525450744,1.5879,0,23,91977
202004,91977,"spring valley, ca",746,1120,679,1761,81.755417,96.23919470119372,67.27163866332373,21,-0.06666666666666665,-1.5,-0.16000000000000003,-4,-41,0.23067877439346884,0.9524449111215711,1.4463,519500,-0.014137963753676819,0.040145199865051495,1.6183,0,23,91977
202003,91977,"spring valley, ca",746,1799,400,2370,77.545289,92.89141836848566,62.19915932001636,22.5,-0.0625,-1.5,-0.4767441860465116,-20.5,-36,0.030855005425399318,0.6894333344263106,1.3119,526950,0.003714285714285781,0.05722360896269052,1.6467,0,23,91977
202002,91977,"spring valley, ca",746,2199,-115,1620,74.234798,93.49716865909174,54.9724268107628,24,-0.22580645161290325,-7,-0.33333333333333337,-12,-55,0.09026014476561928,0.7793809854634035,1.1312,525000,0.024390243902439046,0.07143075802195509,1.6941,0,23,91977
202001,91977,"spring valley, ca",746,2084,-541,1904,74.672716,96.64162451651295,52.70380839036001,31,-0.11428571428571432,-4,-0.16216216216216217,-6,-54,0.27649319057272925,0.891497223607832,1.0912,512500,0.004902945983280338,0.05236139630390135,1.7089,0,23,91977
201912,91977,"spring valley, ca",746,1543,1314,2402,78.192298,96.0005930538567,60.38400237221543,35,0,0,-0.25531914893617025,-12,-44,0.3033090902656119,0.8396745900218798,1.2556,509999.5,0.030302020202020108,0.05154536082474226,1.7003,0,23,91977
201911,91977,"spring valley, ca",746,2857,-718,1511,68.391986,92.4773402810906,44.30663094932296,35,0.18644067796610164,5.5,0.06060606060606055,2,-34,-0.139687308491398,0.6312814302862371,0.9823,495000,0.011235955056179803,0.020618556701030855,1.5973,0,23,91977
201910,91977,"spring valley, ca",746,2139,759,2557,72.909803,93.80262098250239,52.016985138004245,29.5,-0.21333333333333337,-8,0.20408163265306123,5,-36.5,0.04781283063540398,1.1014431839618863,1.1295,489500,-0.019234622320176364,-0.015090543259557387,1.5615,1,23,91977
201909,91977,"spring valley, ca",746,2898,306,713,67.602907,89.05000182621717,46.15581284926403,37.5,0.20967741935483875,6.5,0.6304347826086956,14.5,-28.5,0.11994914550612323,0.5625033973121405,1.0302,499100,0.004023335345000989,0.009302325581395321,1.5849,1,23,91977
201908,91977,"spring valley, ca",746,3204,283,402,64.303678,92.05816962495899,36.54918540656777,31,-0.13888888888888884,-5,0.26530612244897966,6.5,-33,-0.04361255223700511,0.27941100651659423,0.9007,497100,0.0002012072434607326,0.014696876913655954,1.5644,1,23,91977
201907,91977,"spring valley, ca",746,3487,720,-1128,63.931458,85.43944991039099,42.423466588639776,36,0.02857142857142847,1,0.894736842105263,17,-23.5,0.20155081204932945,0.03411250210800865,0.9549,497000,-0.053333333333333344,0.01646385110952031,1.5445,1,23,91977
201906,91977,"spring valley, ca",746,4207,-1746,-1374,60.065457,84.01594383090763,36.11497111094859,35,0.5909090909090908,13,0.75,15,-22,-0.2621990105191083,-0.07338620620419645,0.8372,525000,0.03448377781652989,0.05953582240161448,1.6159,1,23,91977
201905,91977,"spring valley, ca",746,2461,420,56,71.138495,93.64355343020048,48.63343755747655,22,-0.12,-3,0.1578947368421053,3,-33.5,-0.008741682167882847,0.07316422729784722,1.0359,507499.5,0.016117745637947323,0.041078004000205226,1.5642,0,23,91977
201904,91977,"spring valley, ca",746,2881,1288,290,69.021559,91.8629076838032,46.18021006080708,25,-0.41860465116279066,-18,0.3157894736842106,6,-33.5,0.06489547212724545,0.12991980708676198,0.9999,499449.5,0.0020491562474831415,0.015244435410102675,1.5727,1,23,91977
201903,91977,"spring valley, ca",746,4169,-350,-1548,60.759866,81.73526058332415,39.784471661333626,43,0.19444444444444442,7,1.263157894736842,24,-22,0.08573908069986436,-0.07645084828220772,0.9227,498428.14285714284,0.017202367468388324,-0.003141720569155404,1.6242,1,23,91977
201902,91977,"spring valley, ca",746,3819,169,-2038,64.552653,91.01975875083254,38.08554725079553,36,-0.027027027027026973,-1,1.1818181818181817,19.5,-47,0.15895586930607664,-0.28623469791270195,0.8699,489999,0.006158110882956924,0.031576842105263125,1.6415,1,23,91977
201901,91977,"spring valley, ca",746,3988,-43,-2131,62.993913,95.25917727356577,30.728647850950008,37,-0.21276595744680848,-10,1.0555555555555554,19,-50,0.2415202400104033,-0.3249570060460105,0.7657,487000,0.004123711340206171,0.025263157894736876,1.6793,1,23,91977
201812,91977,"spring valley, ca",746,3945,423,-1810,62.900268,90.57697245350842,35.2235630708286,47,0.4242424242424243,14,0.34285714285714275,12,-34,0.15567390472477838,-0.21808202182033953,0.8375,485000,0,0.021052631578947434,1.661,1,23,91977
201811,91977,"spring valley, ca",746,4368,328,-2394,61.002673,94.53619950928334,27.469147105137875,33,0.346938775510204,8.5,0.5348837209302326,11.5,-38.5,0.10826875613328668,-0.31325294836158757,0.7339,485000,-0.024144869215291798,0.02754237288135597,1.6262,1,23,91977
201810,91977,"spring valley, ca",746,4696,-1085,-2989,59.111646,96.47432388043359,21.74896894047228,24.5,0.0652173913043479,1.5,-0.14035087719298245,-4,-44,-0.22091107667807264,-0.44332663255360627,0.6422,497000,0.005055611729019249,0.014389223390141925,1.6622,0,23,91977
201809,91977,"spring valley, ca",746,3611,-5,-1693,64.765247,96.35960286576719,33.170891369967634,23,-0.061224489795918324,-1.5,-0.07999999999999996,-2,-42,-0.08296182525794271,-0.19748672820316615,0.8129,494500,0.009389671361502261,-0.009018036072144242,1.6538,0,23,91977
201808,91977,"spring valley, ca",746,3606,-1247,-2038,64.588351,94.59528501569228,34.58141741478724,24.5,0.2894736842105263,5.5,0.19512195121951215,4,-37.5,-0.22697849904884704,-0.22793440796097375,0.8278,489900,0.001942938950812989,0.04456289978678041,1.6371,0,23,91977
201807,91977,"spring valley, ca",746,2359,,,73.158376,96.7117776152158,49.60497439648866,19,,,,,-40.5,,,1.048,488950,,,1.6304,0,23,91977
201806,91977,"spring valley, ca",746,2833,,,70.550144,94.77946809674947,46.32082010871548,20,,,,,-37,,,0.9836,495500,,,1.6517,1,23,91977
201805,91977,"spring valley, ca",746,2517,,,74.088853,94.45404729506086,53.72365856349527,19,,,,,-38,,,1.0898,487475,,,1.6255,0,23,91977
201804,91977,"spring valley, ca",746,3171,,,70.47231,94.81232947422757,46.13229112897279,19,,,,,-40.5,,,0.9514,491950,,,1.6509,0,23,91977
201803,91977,"spring valley, ca",746,2621,,,73.985865,95.2403739969079,52.73135537068394,19,,,,,-46,,,1.0556,499999,,,1.7301,0,23,91977
201802,91977,"spring valley, ca",746,1781,,,79.9489,96.8118195956454,63.08598089313486,16.5,,,,,-68,,,1.2788,475000,,,1.7133,0,23,91977
201801,91977,"spring valley, ca",746,1857,,,79.040432,97.81748233640364,60.263381792623825,18,,,,,-72,,,1.2139,475000,,,1.749,0,23,91977
201712,91977,"spring valley, ca",746,2135,,,76.845749,95.7727289464963,57.91876864160253,35,,,,,-50,,,1.176,475000,,,1.7521,0,23,91977
201711,91977,"spring valley, ca",746,1974,,,77.909538,97.70174021587488,58.11733607460165,21.5,,,,,-56,,,1.1759,472000,,,1.7164,0,23,91977
201710,91977,"spring valley, ca",746,1707,,,79.46935,94.95333943275389,63.98536139066788,28.5,,,,,-46,,,1.3031,489950,,,1.7656,0,23,91977
201709,91977,"spring valley, ca",746,1918,,,77.615696,95.41956894351044,59.81182305532256,25,,,,,-46,,,1.214,499000,,,1.7916,0,23,91977
201708,91977,"spring valley, ca",746,1568,,,80.908559,96.68484027955651,65.13227706831572,20.5,,,,,-46,,,1.3024,469000,,,1.681,0,23,91977
