san_diego_ca_suburb_4.csv
month_date_yyyymm,postal_code,zip_name,nielsen_hh_rank,hotness_rank,hotness_rank_mm,hotness_rank_yy,hotness_score,supply_score,demand_score,median_days_on_market,median_days_on_market_mm,median_dom_mm_day,median_days_on_market_yy,median_dom_yy_day,median_dom_vs_us,ldp_unique_viewers_per_property_mm,ldp_unique_viewers_per_property_yy,ldp_unique_viewers_per_property_vs_us,median_listing_price,median_listing_price_mm,median_listing_price_yy,median_listing_price_vs_us,quality_flag,id,zip_code
202201,92118,"coronado, ca",6214,3413,225,5391,64.133049,57.71528316524438,70.55081458494958,59,0.06306306306306309,3.5,-0.2716049382716049,-22,-2,0.4676427525622253,1.3046948623332386,1.499,2600000,-0.0516140798832756,0.3000650032501626,6.9333,1,11,92118
202112,92118,"coronado, ca",6214,3638,1511,5524,62.256531,54.587262328025965,69.92579996908333,55.5,0.15625,7.5,-0.29299363057324845,-23,2,0.2344779945876656,1.4358535534816945,1.4885,2741500,0.05849420849420839,0.30547619047619046,7.3107,1,11,92118
202111,92118,"coronado, ca",6214,5149,1263,3189,53.265494,55.348587635583144,51.18240006132383,48,0.02127659574468077,1,-0.1351351351351351,-7.5,1.5,0.07001732510604142,1.2306737067320626,1.1128,2590000,0.059304703476482645,0.23509775870290883,6.8257,0,11,92118
202110,92118,"coronado, ca",6214,6412,-1830,-634,46.309371,50.9136902514536,41.70505172543986,47,0.22077922077922074,8.5,0.5666666666666667,17,4,-0.12332213275851134,0.9986828919112387,0.9823,2445000,-0.05780346820809246,0.20740740740740748,6.4342,1,11,92118
202109,92118,"coronado, ca",6214,4582,2030,3970,54.699134,60.81142683482753,48.58684090563744,38.5,-0.04938271604938271,-2,-0.3125,-17.5,-3,0.05681865142436715,1.0945951223443204,1.1043,2595000,0.01964636542239684,0.2658536585365854,6.8289,0,11,92118
202108,92118,"coronado, ca",6214,6612,1900,805,45.623383,49.288323945806056,41.958441163038515,40.5,-0.18999999999999995,-9.5,-0.11956521739130432,-5.5,3,-0.012464126670852615,0.9837245705319271,0.9932,2545000,0.024144869215291687,0.10700304480208778,6.6892,0,11,92118
202107,92118,"coronado, ca",6214,8512,687,120,34.946032,32.56308908482822,37.328975372453634,50,-0.04761904761904767,-2.5,-0.15254237288135597,-9,13.5,0.049142768627943534,1.344426720863896,0.9095,2485000,0.057446808510638325,0.11210561646900863,6.4545,0,11,92118
202106,92118,"coronado, ca",6214,9199,37,-604,30.668285,30.504489921763593,30.832080780051648,52.5,0.09375,4.5,-0.25531914893617025,-18,17,0.11673616902974704,1.3931346521643464,0.7826,2350000,0.010752688172043001,0.04677060133630295,6.1039,0,11,92118
202105,92118,"coronado, ca",6214,9236,-326,-751,29.704033,38.28400552062567,21.12406072688238,48,0.09090909090909083,4,-0.37662337662337664,-29,11,0.162927108639626,1.0345022624434388,0.6099,2325000,0.08695652173913038,0.059225512528473745,6.12,0,11,92118
202104,92118,"coronado, ca",6214,8910,228,-1248,32.807694,50.192734493633914,15.422653116847721,44,-0.2142857142857143,-12,-0.32307692307692304,-21,4,0.020853617532884394,0.9712701181092931,0.4894,2139000,0.0258995265946107,-0.009722222222222188,5.7479,0,11,92118
202103,92118,"coronado, ca",6214,9138,-1678,-2768,32.203191,48.62471226249463,15.781670633217587,56,0.23076923076923084,10.5,0.20430107526881724,9.5,8,-0.004069768588163658,1.166464469894334,0.4784,2084999.5,0.0831166233766234,-0.03472245370370375,5.846,1,11,92118
202102,92118,"coronado, ca",6214,7460,1344,-2287,43.097926,68.53247920003125,17.663372524510763,45.5,-0.43827160493827155,-35.5,-0.0714285714285714,-3.5,-18,-0.06201591745838264,0.7464816462100934,0.5125,1925000,-0.0374518725936297,-0.1805023414218817,5.5356,1,11,92118
202101,92118,"coronado, ca",6214,8804,358,-2365,34.42265,44.6211018312773,24.224197379511146,81,0.031847133757961776,2.5,-0.0357142857142857,-3,10,0.5511653505623355,0.7596845081723405,0.6466,1999900,-0.047666666666666635,-0.09074789724937482,5.8838,0,11,92118
202012,92118,"coronado, ca",6214,9162,-824,-1786,31.641539,40.510990908044654,22.772087313461466,78.5,0.4144144144144144,23,-0.16489361702127658,-15.5,14.5,0.13049390844125108,0.5407865488272672,0.6406,2100000,0.0014306151645206988,-0.08655937364071331,6.1582,0,11,92118
202011,92118,"coronado, ca",6214,8338,-2560,-452,36.85034,54.26238266045944,19.438296573303823,55.5,0.8500000000000001,25.5,-0.39010989010989006,-35.5,-1,-0.041264836141742256,0.40552804945136844,0.6067,2097000,0.03555555555555556,-0.08786428882122665,6.0043,0,11,92118
202010,92118,"coronado, ca",6214,5778,2774,1899,50.69651,81.2281164112797,20.164903429840745,30,-0.4642857142857143,-26,-0.6319018404907976,-51.5,-21,-0.08125236273209024,0.46430464716814335,0.6036,2025000,-0.012195121951219523,-0.10969443833809633,5.7857,1,11,92118
202009,92118,"coronado, ca",6214,8552,-1135,-566,35.996226,49.72075471698113,22.271698113207545,56,0.21739130434782616,10,-0.32530120481927716,-27,5,0.0008794077017382218,0.5979329152386272,0.6299,2050000,-0.10830795998260112,-0.10772578890097928,5.8571,1,11,92118
202008,92118,"coronado, ca",6214,7417,1215,492,42.067989,62.911883107201426,21.22409422990905,46,-0.22033898305084743,-13,-0.41025641025641024,-32,-7,0.16710027371577318,0.5505709444861167,0.6123,2299000,0.02886551801297821,-0.040083507306889365,6.5686,0,11,92118
202007,92118,"coronado, ca",6214,8632,-37,-1213,35.655324,53.72203339185,17.588615396108022,59,-0.16312056737588654,-11.5,-0.13235294117647056,-9,1.5,0.07093981327170362,0.33792491495290333,0.5643,2234500,-0.00467706013363034,-0.06701461377870566,6.4026,0,11,92118
202006,92118,"coronado, ca",6214,8595,-110,-2319,35.822591,53.19648312346323,18.44869979882274,70.5,-0.08441558441558439,-6.5,0.2589285714285714,14.5,2,-0.050616621012677054,0.2761741235843911,0.5818,2245000,0.02277904328018221,-0.02178649237472763,6.5557,1,11,92118
202005,92118,"coronado, ca",6214,8485,-823,-1959,36.527246,49.43352772928197,23.620965045874968,77,0.18461538461538463,12,0.4259259259259258,23,6,0.12678344041127176,0.2880070366743934,0.6614,2195000,0.01620370370370372,-0.002272727272727315,6.6515,1,11,92118
202004,92118,"coronado, ca",6214,7662,-1292,-983,41.396924,55.46532949144931,27.32851850465891,65,0.3978494623655915,18.5,0.031746031746031855,2,3,0.12193812051965236,0.03884669059975243,0.7225,2160000,0,-0.03786191536748329,6.7285,0,11,92118
202003,92118,"coronado, ca",6214,6370,-1197,-1091,49.810289,70.92586392887699,28.694714131607334,46.5,-0.05102040816326525,-2.5,-0.211864406779661,-12.5,-12,-0.19713713553244738,-0.16356752677423403,0.7188,2160000,-0.08045977011494254,-0.08085106382978724,6.75,0,11,92118
202002,92118,"coronado, ca",6214,5173,1266,-394,56.312225,77.50101780228728,35.12343165920278,49,-0.41666666666666663,-35,-0.3422818791946308,-25.5,-30,-0.05492504742750903,-0.018225588467169596,0.7959,2349000,0.0679699931802682,0.010322580645161228,7.5799,0,11,92118
202001,92118,"coronado, ca",6214,6439,937,-1863,49.61507,59.059803629872064,40.170336209461475,84,-0.1063829787234043,-10,0.08387096774193559,6.5,-1,0.358206369410911,0.06981402215142651,0.8856,2199500,-0.043279686820356655,0.02302325581395359,7.3341,0,11,92118
201912,92118,"coronado, ca",6214,7376,510,-2352,44.047222,44.36413506801586,43.730308758664144,94,0.03296703296703307,3,0.1898734177215189,15,15,0.03125309554231914,0.0383779516406082,0.9578,2299000,0,0.09528346831824686,7.6646,0,11,92118
201911,92118,"coronado, ca",6214,7886,-209,-2471,40.394848,38.92701185277605,41.86268393820411,91,0.1165644171779141,9.5,0.22972972972972983,17,22,-0.0011722950750455707,0.019843691307668276,0.947,2299000,0.01077159815344042,0.09528346831824686,7.4185,1,11,92118
201910,92118,"coronado, ca",6214,7677,309,-3043,41.474486,42.521414452009665,40.42755692217585,81.5,-0.01807228915662651,-1.5,0.05161290322580636,4,15.5,0.00258992773621447,-0.22752804916939673,0.9379,2274500,-0.01001088139281825,0.03386363636363643,7.2558,0,11,92118
201909,92118,"coronado, ca",6214,7986,-77,-2780,38.801636,40.18408269111362,37.41918989006173,83,0.0641025641025641,5,0.2769230769230768,18,17,-0.028786181374184205,-0.02122925936707276,0.894,2297500,-0.04070981210855951,0.00547045951859948,7.296,1,11,92118
201908,92118,"coronado, ca",6214,7909,-490,-3291,38.242155,39.87680868899661,36.6075008200605,78,0.1470588235294117,10,0.31092436974789917,18.5,14,0.0070435925588614445,-0.11175236410611566,0.9013,2395000,0,0.0010449320794148065,7.5372,1,11,92118
201907,92118,"coronado, ca",6214,7419,-1143,-2649,42.456384,45.59087085329725,39.32189751655024,68,0.2142857142857142,12,0.03816793893129766,2.5,8.5,0.02151149316309553,-0.2583735249840394,0.9076,2395000,0.04357298474945526,0.0010449320794148065,7.4427,0,11,92118
201906,92118,"coronado, ca",6214,6276,250,-834,49.182696,55.73758502157536,42.62780662619762,56,0.03703703703703698,2,-0.11111111111111116,-7,-1,-0.04181376973631912,-0.19368128939103624,0.9359,2295000,0.04318181818181821,-0.018811457887986327,7.0637,0,11,92118
201905,92118,"coronado, ca",6214,6526,153,-762,48.535957,57.208019128195694,39.86389553062351,54,-0.1428571428571429,-9,-0.12903225806451613,-8,-1.5,-0.09118877866055641,-0.13059289572101707,0.8916,2200000,-0.020044543429844075,-0.09278350515463918,6.7807,0,11,92118
201904,92118,"coronado, ca",6214,6679,-1400,-1466,48.201585,53.79030772065598,42.61286161783674,63,0.06779661016949157,4,0.050000000000000044,3,4.5,-0.09666605723050081,-0.1562680367831899,0.9388,2245000,-0.044680851063829796,-0.1002004008016032,7.0691,1,11,92118
201903,92118,"coronado, ca",6214,5279,-500,-833,55.250285,64.9159586597521,45.58461142373754,59,-0.20805369127516782,-15.5,-0.01666666666666672,-1,-6,-0.057628390174375044,-0.17616132293194275,1.0213,2350000,0.010752688172043001,-0.06930693069306926,7.658,0,11,92118
201902,92118,"coronado, ca",6214,4779,-203,-1542,59.313254,65.88100347813217,52.745504329164504,74.5,-0.03870967741935483,-3,0.3423423423423424,19,-8.5,0.02982357695348803,-0.07664689335027897,1.1092,2325000,0.08139534883720922,-0.03125,7.7889,1,11,92118
201901,92118,"coronado, ca",6214,4576,448,-1452,59.704852,67.64434606161225,51.76535694521306,77.5,-0.01898734177215189,-1.5,0.054421768707483054,4,-9.5,0.3182960015217522,-0.1733671276231984,1.0988,2150000,0.024297284421152865,-0.09947643979057597,7.4138,0,11,92118
201812,92118,"coronado, ca",6214,5024,391,-890,56.921469,60.39687488537579,53.44606242893298,79,0.06756756756756754,5,-0.03658536585365857,-3,-2,0.01284600849686246,-0.12843140810120546,1.1318,2099000,0,-0.10680851063829788,7.1884,1,11,92118
201811,92118,"coronado, ca",6214,5415,-781,-320,55.212949,57.014684879334965,53.41121324202586,74,-0.04516129032258065,-3.5,-0.12941176470588234,-11,2.5,-0.24344642973894093,-0.07624661106683406,1.1316,2099000,-0.0459090909090909,-0.14326530612244903,7.0377,1,11,92118
201810,92118,"coronado, ca",6214,4634,572,65,59.472973,49.98357604292127,68.96237088944852,77.5,0.1923076923076923,12.5,0.019736842105263053,1.5,9,0.270344748526254,0.2363202166384366,1.4506,2200000,-0.03719912472647702,-0.06878306878306883,7.3579,0,11,92118
201809,92118,"coronado, ca",6214,5206,-588,-154,55.731534,58.046332327162965,53.4167363712405,65,0.09243697478991586,5.5,-0.19753086419753085,-16,0,-0.11861037265580998,-0.05797662645647106,1.1262,2285000,-0.04493207941483801,-0.08085277554304104,7.6421,0,11,92118
201808,92118,"coronado, ca",6214,4618,152,-145,58.805927,59.92993212174294,57.68192102766222,59.5,-0.09160305343511455,-6,-0.25625,-20.5,-2.5,-0.159186965935183,-0.1796920973194478,1.1931,2392500,0,-0.04185022026431717,7.995,0,11,92118
201807,92118,"coronado, ca",6214,4770,,,58.269934,49.55376737381126,66.98610095098756,65.5,,,,,6,,,1.3889,2392500,,,7.9777,0,11,92118
201806,92118,"coronado, ca",6214,5442,,,54.954215,48.097479114224214,61.81095180766846,63,,,,,6,,,1.2636,2339000,,,7.7967,0,11,92118
201805,92118,"coronado, ca",6214,5764,,,54.253246,51.12353352212129,57.38295759626347,62,,,,,5,,,1.1579,2425000,,,8.086,0,11,92118
201804,92118,"coronado, ca",6214,5213,,,57.798097,56.983260821473344,58.61293414939901,60,,,,,0.5,,,1.1962,2495000,,,8.373,0,11,92118
201803,92118,"coronado, ca",6214,4446,,,62.961054,61.864094824412874,64.05801369358757,60,,,,,-5,,,1.3097,2525000,,,8.737,0,11,92118
201802,92118,"coronado, ca",6214,3237,,,70.210324,78.03080796859958,62.38983929497148,55.5,,,,,-29,,,1.2605,2400000,,,8.6564,0,11,92118
201801,92118,"coronado, ca",6214,3124,,,70.54341,72.52617171605075,68.56064809677062,73.5,,,,,-16.5,,,1.4226,2387500,,,8.7913,0,11,92118
201712,92118,"coronado, ca",6214,4134,,,63.981662,59.207570792060984,68.75575358102883,82,,,,,-3,,,1.4258,2350000,,,8.6683,0,11,92118
201711,92118,"coronado, ca",6214,5095,,,58.23849,50.60944269035905,65.8675379983846,85,,,,,7.5,,,1.348,2450000,,,8.9091,0,11,92118
201710,92118,"coronado, ca",6214,4699,,,60.040256,55.17657822506862,64.903934126258,76,,,,,1.5,,,1.3254,2362500,,,8.5134,0,11,92118
201709,92118,"coronado, ca",6214,5052,,,57.767769,46.37686444695671,69.15867400897122,81,,,,,10,,,1.4327,2486000,,,8.9255,1,11,92118
201708,92118,"coronado, ca",6214,4473,,,62.104358,44.121629038750044,80.0870869772037,80,,,,,13.5,,,1.7669,2497000,,,8.9498,1,11,92118
