san_diego_ca_suburb_4.csv
month_date_yyyymm,postal_code,zip_name,nielsen_hh_rank,hotness_rank,hotness_rank_mm,hotness_rank_yy,hotness_score,supply_score,demand_score,median_days_on_market,median_days_on_market_mm,median_dom_mm_day,median_days_on_market_yy,median_dom_yy_day,median_dom_vs_us,ldp_unique_viewers_per_property_mm,ldp_unique_viewers_per_property_yy,ldp_unique_viewers_per_property_vs_us,median_listing_price,median_listing_price_mm,median_listing_price_yy,median_listing_price_vs_us,quality_flag,id,zip_code
202111,91950,"national city, ca",1335,5618,1417,-3016,51.103829,76.9690697941819,25.23858801885708,35,-0.14634146341463417,-6,0.37254901960784315,9.5,-11.5,-0.09212476099426392,-0.16835249042145595,0.7074,625000,-0.038461538461538436,0.13122171945701355,1.6471,1,22,91950
202110,91950,"national city, ca",1335,7035,1145,-3971,43.619271,61.54194668881673,25.696594427244584,41,0,0,0.7083333333333333,17,-2,0.13981634622010897,-0.07231545913494342,0.736,650000,-0.025414198965439727,0.4161220043572984,1.7105,1,22,91950
202109,91950,"national city, ca",1335,8180,733,-5449,37.547485,55.99832852150129,19.096641847743502,41,-0.023809523809523836,-1,1.1025641025641026,21.5,-0.5,-0.044409584517209444,-0.23408677178627657,0.6364,666950,0.03004656406613182,0.38673458779498904,1.7551,1,22,91950
202108,91950,"national city, ca",1335,8913,-1797,-4059,32.895037,46.97442533110062,18.815649261683664,42,0.4736842105263157,13.5,-0.16000000000000003,-8,4.5,-0.007392796431833992,-0.30587670068027206,0.633,647495,0.04942548575809225,0.5093123543123543,1.7019,1,22,91950
202107,91950,"national city, ca",1335,7116,-1978,-5423,42.634539,69.06354515050167,16.205533596837945,28.5,0.1875,4.5,0.07547169811320753,2,-8,-0.3401171330936076,-0.3559328337590907,0.5767,616999.5,-0.04259449343974975,0.3354967532467532,1.6026,1,22,91950
202106,91950,"national city, ca",1335,5138,126,-3849,53.044668,74.87570817435541,31.213627779704783,24,0.04347826086956519,1,0.23076923076923084,4.5,-11.5,-0.06174725350926713,0.037100694794547806,0.789,644449.5,0.09228913947311779,0.39204989739712715,1.6739,1,22,91950
202012,91950,"national city, ca",1335,2793,-191,-2166,68.490812,96.36705412974258,40.61457014616182,18.5,-0.27450980392156865,-7,-0.13953488372093026,-3,-45.5,-0.05328224776500645,0.2873747167428211,0.9147,550000,-0.004524886877828038,0.3750171877148465,1.6129,1,22,91950
202011,91950,"national city, ca",1335,2602,462,-2457,68.867817,91.17377699763412,46.56185606349691,25.5,0.0625,1.5,-0.0892857142857143,-2.5,-31,0.012714899713466954,-0.013605442176870763,1.0345,552500,0.20370370370370372,0.20370370370370372,1.582,0,22,91950
202010,91950,"national city, ca",1335,3064,-333,-2615,65.639471,87.59835849553858,43.68058431534958,24,0.23076923076923084,4.5,-0.40740740740740744,-16.5,-27,-0.05894689536364317,-0.06980286141281067,0.9743,459000,-0.04563883979623662,-0.022364217252396124,1.3114,0,22,91950
202009,91950,"national city, ca",1335,2731,2123,-2428,68.332075,91.65283018867925,45.011320754716984,19.5,-0.61,-30.5,-0.38095238095238093,-12,-31.5,-0.13397817460317452,0.07472749663166578,0.9928,480950,0.12109557109557101,0.02662112918718651,1.3741,0,22,91950
202006,91950,"national city, ca",1335,1289,-180,3046,78.898741,94.34095819983608,63.45652335891513,19.5,-0.45833333333333337,-16.5,-0.6953125,-44.5,-49,-0.06370730953484793,0.782388549445576,1.3534,462950,-0.012899786780383837,0.015241228070175472,1.3519,1,22,91950
202005,91950,"national city, ca",1335,1109,83,218,80.433491,88.87114148805765,71.99583967906096,36,0.43999999999999995,11,0.33333333333333326,9,-35,0.3175392670157069,0.8276140958983247,1.5601,469000,0.04454342984409809,0.053932584269662964,1.4212,1,22,91950
202004,91950,"national city, ca",1335,1192,639,-109,81.053774,94.40182614227444,67.70572166298695,25,0.4285714285714286,7.5,0.16279069767441867,3.5,-37,0.30747094083684967,0.30013153567905304,1.4574,449000,-0.01847196414908736,-0.05063960249497834,1.3986,0,22,91950
202003,91950,"national city, ca",1335,1831,-597,-407,77.377897,95.54365212215899,59.2121415020645,17.5,-0.375,-10.5,-0.41666666666666663,-12.5,-41,-0.2793411586520257,0.06054415160582338,1.2443,457450,0.09176610978520294,-0.020449678800856574,1.4295,0,22,91950
202002,91950,"national city, ca",1335,1234,-402,378,81.503757,91.72804322883896,71.27947000259077,28,-0.2911392405063291,-11.5,-0.11111111111111116,-3.5,-51,-0.015580736543909346,0.6135566986843899,1.5347,419000,-0.06868192931762618,-0.08515283842794763,1.352,0,22,91950
201912,91950,"national city, ca",1335,627,-482,1354,86.928722,98.35798213425257,75.49946254494236,21.5,-0.2321428571428571,-6.5,-0.5943396226415094,-31.5,-57.5,-0.2746189384844847,0.49882954277001046,1.6368,399995,-0.1285511982570806,-0.1285511982570806,1.3335,1,22,91950
201909,91950,"national city, ca",1335,303,392,-42,89.298367,93.54614850798056,85.05058621571277,31.5,0.125,3.5,0.75,13.5,-34.5,0.2489287514703411,0.3959150134992371,2.0949,468478.5714285714,0.021699847337757427,0.0074807987711214,1.4877,1,22,91950
201908,91950,"national city, ca",1335,695,2177,247,83.330904,94.40536501804134,72.25644203083428,28,-0.3913043478260869,-18,0.6470588235294117,11,-36,0.2737139975921221,0.34465842293426885,1.6423,458528.5714285714,0.018952380952380832,-0.01391705069124427,1.443,1,22,91950
201907,91950,"national city, ca",1335,2872,1463,-1492,67.479244,72.87590066200944,62.08258659156578,46,-0.28125,-18,1.0909090909090908,24,-13.5,-0.11640784114052949,0.10933837630513543,1.3075,450000,-0.013157894736842146,-0.00989990087997894,1.3984,1,22,91950
201906,91950,"national city, ca",1335,4335,-3008,-2305,59.401741,46.094492796021356,72.70898851751627,64,1.3703703703703702,37,0.6842105263157894,26,7,-0.039950228858374626,0.0775814770108636,1.5587,456000,0.024719101123595433,0.024719101123595433,1.4035,1,22,91950
201905,91950,"national city, ca",1335,1327,-244,641,79.742505,90.32922567592422,69.15578443994849,27,0.2558139534883721,5.5,-0.0847457627118644,-2.5,-28.5,-0.06272645062927851,0.16266491324820764,1.4822,445000,-0.05909715614758426,-0.03783679766140291,1.3716,0,22,91950
201904,91950,"national city, ca",1335,1083,341,542,81.700755,93.87875437626681,69.52275658743321,21.5,-0.2833333333333333,-8.5,0.07499999999999996,1.5,-37,0.06653105600953935,0.17026912821778573,1.5132,472950,0.012740899357601698,0.050999999999999934,1.4892,0,22,91950
201903,91950,"national city, ca",1335,1424,188,596,77.400787,91.7135606311376,63.088013534885434,30,-0.04761904761904767,-1.5,0.15384615384615374,4,-35,0.09644082159376821,0.10792485088690729,1.3942,467000,0.01965065502183405,0.086046511627907,1.5218,0,22,91950
201902,91950,"national city, ca",1335,1612,1064,-459,78.117368,93.56915562791386,62.6655812920891,31.5,-0.33684210526315794,-16,0.8,14,-51.5,0.258000782659324,-0.1235415914188035,1.3015,458000,0.01789087676408485,0.06511627906976747,1.5343,1,22,91950
201901,91950,"national city, ca",1335,2676,-695,-1287,70.372625,91.40011068068623,49.34513927319683,47.5,-0.10377358490566035,-5.5,0.23376623376623384,9,-39.5,0.06948782785462826,-0.26177471132193,1.0554,449950,-0.019716775599128544,0.05870588235294116,1.5516,1,22,91950
201812,91950,"national city, ca",1335,1981,-253,-733,74.652459,85.52983897590141,63.77507977845431,53,1.0384615384615383,27,0.32499999999999996,13,-28,0.15662875408982813,-0.04719387755102045,1.34,459000,0.022271714922049046,0.08000000000000007,1.5719,1,22,91950
201811,91950,"national city, ca",1335,1728,-631,-731,76.452924,97.04837587431794,55.85747244296334,26,0.08333333333333326,2,0,0,-45.5,-0.16989948703108237,-0.1817735586142658,1.1733,449000,0.044428936962084276,0.044187260682861274,1.5054,0,22,91950
201810,91950,"national city, ca",1335,1097,-836,-415,81.143472,96.6057155370634,65.68122924194314,24,0.33333333333333326,6,0.09090909090909083,2,-44.5,-0.2693703314542243,-0.11668922502837098,1.3707,429900,-0.0754838709677419,-0.010585742906493611,1.4378,0,22,91950
201809,91950,"national city, ca",1335,261,681,634,89.827981,97.66519983998253,81.99076262865039,18,0.05882352941176472,1,-0.3571428571428571,-10,-47,0.20306934811135058,0.3099652777777777,1.8503,465000,0,0.08164689462665731,1.5552,0,22,91950
201808,91950,"national city, ca",1335,942,438,-410,83.198307,97.64980658346106,68.74680680242318,17,-0.2272727272727273,-5,-0.19047619047619047,-4,-45,0.050809479839950766,-0.08263379780194757,1.4361,465000,0.023103435757354962,0.07638888888888884,1.5539,0,22,91950
201807,91950,"national city, ca",1335,1380,,,80.126189,95.4059985369422,64.8463789319678,22,,,,,-37.5,,,1.3376,454499.5,,,1.5155,1,22,91950
201806,91950,"national city, ca",1335,2030,,,75.752435,77.84466090255737,73.6602094049834,38,,,,,-19,,,1.5748,445000,,,1.4833,1,22,91950
201805,91950,"national city, ca",1335,1968,,,77.453937,85.6533411790666,69.25453274980691,29.5,,,,,-27.5,,,1.4392,462499.5,,,1.5422,1,22,91950
201804,91950,"national city, ca",1335,1625,,,80.528722,94.29614335226016,66.76130078902736,20,,,,,-39.5,,,1.39,450000,,,1.5102,0,22,91950
201803,91950,"national city, ca",1335,2020,,,78.127071,91.40837811970846,64.84576308621071,26,,,,,-39,,,1.3295,430000,,,1.4879,1,22,91950
201802,91950,"national city, ca",1335,1153,,,84.764497,96.55261793675479,72.97637562023253,17.5,,,,,-67,,,1.5581,430000,,,1.5509,0,22,91950
201801,91950,"national city, ca",1335,1389,,,82.913476,93.76687752006806,72.06007472348611,38.5,,,,,-51.5,,,1.5301,425000,,,1.5649,0,22,91950
201712,91950,"national city, ca",1335,1248,,,83.252937,93.53021320469861,72.97566005081563,40,,,,,-45,,,1.5442,425000,,,1.5677,0,22,91950
201711,91950,"national city, ca",1335,997,,,85.450474,96.761876789779,74.13907041633013,26,,,,,-51.5,,,1.5779,429999.5,,,1.5636,0,22,91950
201710,91950,"national city, ca",1335,682,,,88.012809,97.1747483989021,78.8508691674291,22,,,,,-52.5,,,1.753,434499.5,,,1.5657,0,22,91950
201709,91950,"national city, ca",1335,895,,,85.985194,94.59173626053024,77.37865139856315,28,,,,,-43,,,1.6928,429900,,,1.5435,0,22,91950
201708,91950,"national city, ca",1335,532,,,89.780087,96.60433971239343,82.95583446156098,21,,,,,-45.5,,,1.9018,432000,,,1.5484,0,22,91950
202111,91942,"la mesa, ca",984,3378,507,-1435,62.216856,85.83419569966655,38.599517074853395,28.5,0.017857142857142794,0.5,0.78125,12.5,-18,0.010496352845825951,-0.008372388152336208,0.9065,755000,0.08011444921316158,0.4004822852902987,1.9897,1,10,91942
202111,91941,"la mesa, ca",2710,2498,24,102,67.364225,84.26277260357978,50.4656778199379,30,0.15384615384615374,4,0.13207547169811318,3.5,-16.5,0.003497225690760608,0.2788056648592918,1.1015,887500,-0.04054054054054057,-0.058854718981972476,2.3389,0,9,91941
202110,91941,"la mesa, ca",2710,2522,3102,-944,65.328853,85.59238843162426,45.06531752624028,26,-0.2676056338028169,-9.5,0.625,10,-17,0.19478481519815705,0.05265037862551791,1.0368,925000,-0.025751751013744828,0.028921023359288034,2.4342,1,9,91941
202110,91942,"la mesa, ca",984,3885,-739,-2589,58.057087,83.05519897304237,33.058974552593824,28,0.24444444444444446,5.5,1.1538461538461537,15,-15,-0.06508200033379896,-0.17154199423990035,0.8473,699000,-0.029099243002986275,0.16500000000000004,1.8395,1,10,91942
202109,91942,"la mesa, ca",984,3146,646,-1886,61.981462,88.22747302841513,35.735450539431696,22.5,0.04651162790697683,1,0.21621621621621623,4,-19,0.012258477481818408,-0.25525841555831585,0.8933,719950,-0.05019788918205803,0.20091743119266048,1.8946,1,10,91942
202109,91941,"la mesa, ca",2710,5624,-421,-4337,50.015195,66.76796839386111,33.26242212429722,35.5,0.2456140350877194,7,1.0882352941176472,18.5,-6,-0.005723098095118839,-0.26714952225084665,0.8553,949450,0.04077829542340372,0.003753039433343819,2.4986,1,9,91941
202108,91941,"la mesa, ca",2710,5203,-444,-4149,51.967575,73.37874866798599,30.556401278733446,28.5,0.1399999999999999,3.5,0.017857142857142794,0.5,-9,-0.10111535714833042,-0.4213468101349088,0.8175,912250,0.00027412280701755165,0.10575757575757572,2.3977,0,9,91941
202108,91942,"la mesa, ca",984,3792,1316,-2531,58.709469,85.5038818693865,31.91505556401279,21.5,-0.20370370370370372,-5.5,0.023809523809523725,0.5,-16,-0.09610317808039526,-0.2829117627934197,0.8387,758000,0.10334788937409023,0.20700636942675166,1.9923,0,10,91942
202107,91942,"la mesa, ca",984,5108,-639,-4305,52.50076,72.16859227728793,32.832927941623595,27,0.17391304347826098,4,0.6363636363636365,10.5,-9.5,-0.12267612593756005,-0.2260578091683283,0.8391,687000,-0.03909364291209172,0.11264069965179369,1.7844,1,10,91942
202107,91941,"la mesa, ca",2710,4759,-1656,-3900,53.950669,76.14016418364244,31.761173608999695,25,0.5625,9,0.4285714285714286,7.5,-11.5,-0.19162468416038458,-0.23308663027303123,0.8225,912000,0.038133181559476315,0.12039312039312033,2.3688,1,9,91941
202106,91942,"la mesa, ca",984,4469,-696,-4006,56.231934,76.27471383975026,36.18915481558562,23,0.5333333333333334,8,0.5333333333333334,8,-12.5,-0.0407395955015003,-0.15597758137592632,0.8635,714950,0.05918518518518523,0.2544082814281954,1.857,1,10,91942
202106,91941,"la mesa, ca",2710,3103,764,-2284,63.381123,86.95802983003816,39.80421628704667,16,-0.40740740740740744,-11,-0.5,-16,-19.5,-0.22065009313331452,-0.13067261923919438,0.9186,878500,-0.075165806927045,0.055318637756021305,2.2818,0,9,91941
202105,91941,"la mesa, ca",2710,3867,-862,-2755,59.105199,71.35025302867658,46.8601441496703,27,0.42105263157894735,8,-0.09999999999999998,-3,-10,-0.036404830514066955,0.536082474226804,1.0256,949900,-0.07322082350559422,0.1584146341463415,2.5004,0,9,91941
202105,91942,"la mesa, ca",984,3773,-18,-3237,59.595921,87.26422327863824,31.927618463425855,15,-0.3023255813953488,-6.5,-0.25,-5,-22,-0.19779638676884947,0.01808758197588345,0.7833,675000,-0.002953473377749871,0.3527054108216432,1.7768,1,10,91942
202104,91942,"la mesa, ca",984,3755,-2074,-3109,61.756804,82.10489428805046,41.408713935287935,21.5,0.43333333333333335,6.5,0.04878048780487809,1,-18.5,-0.2838827088329938,0.566222800797384,0.9113,676999.5,-0.021677023121387307,0.34085858585858575,1.8192,1,10,91942
202104,91941,"la mesa, ca",2710,3005,-11,-1206,65.593973,85.18085893392517,46.00708639956391,19,-0.24,-6,-0.4242424242424242,-14,-21,-0.09276684061904439,1.1368536935332245,0.9934,1024947.5,-0.01205118318955134,0.238607250755287,2.7542,0,9,91941
202103,91942,"la mesa, ca",984,1681,568,-1053,75.818345,90.79239982833288,60.84429011743592,15,-0.375,-9,0.30434782608695654,3.5,-33,0.1714111500536184,1.3345150358261364,1.2697,692000,0.3208627600687155,0.4661016949152543,1.9403,1,10,91942
202103,91941,"la mesa, ca",2710,2994,-719,-1058,67.67196,82.66552221918771,52.67839725332605,25,-0.23076923076923073,-7.5,-0.1071428571428571,-3,-23,-0.11802398003324777,1.6306220310119204,1.0926,1037450,-0.13147760569275846,0.23139465875370924,2.9089,0,9,91941
202102,91941,"la mesa, ca",2710,2275,445,-813,72.311628,81.14917386039608,63.47408304363111,32.5,-0.33673469387755106,-16.5,-0.14473684210526316,-5.5,-31,0.23417045214957932,1.1840387012524487,1.3216,1194500,0.24556830031282595,0.40694935217903416,3.4349,1,9,91941
202102,91942,"la mesa, ca",984,2249,-1066,-1701,72.528417,88.78168821530409,56.27514550212882,24,0.19999999999999996,4,0.09090909090909083,2,-39.5,0.000628124263917007,0.6082665903890163,1.1565,523900,-0.0019051247856735065,-0.06446428571428575,1.5065,0,10,91942
202101,91941,"la mesa, ca",2710,2720,-1211,-1930,68.427707,76.6837790207647,60.171634357520496,49,0.6333333333333333,19,0.1807228915662651,7.5,-22,0.47221402214022135,0.7966940251391839,1.2674,959000,0.08361581920903949,0.13022981732469052,2.8214,0,9,91941
202101,91942,"la mesa, ca",984,1183,18,-797,79.662478,94.82415140602252,64.50080453605088,20,-0.16666666666666663,-4,-0.49367088607594933,-19.5,-51,0.5456267980379701,0.556965460751236,1.3678,524900,0.020263375285485274,-0.07831431079894646,1.5443,0,10,91942
202012,91941,"la mesa, ca",2710,1509,1091,-160,77.296966,91.84025779721487,62.75367322668508,30,0.13207547169811318,3.5,-0.42307692307692313,-22,-34,0.35215175774899965,0.9559758562115201,1.3229,885000,-0.06150583244962882,0.10108864696734066,2.5952,0,9,91941
202012,91942,"la mesa, ca",984,1201,742,-407,79.5431,94.74047646449534,64.3457244792266,24,0.5,8,-0.4418604651162791,-19,-40,0.30971897572723894,0.831591008335868,1.3599,514475,-0.04567798182155447,-0.11213219432220212,1.5087,1,10,91942
202011,91942,"la mesa, ca",984,1943,-647,-1182,73.488896,96.14973670151873,50.82805464397466,16,0.23076923076923084,3,-0.5428571428571429,-19,-40.5,-0.15577805286536084,0.48223489685353704,1.1117,539100,-0.10150000000000003,-0.019818181818181846,1.5436,0,10,91942
202011,91941,"la mesa, ca",2710,2600,-1022,-763,68.875448,90.38388155384263,47.36701518736167,26.5,0.65625,10.5,-0.28378378378378377,-10.5,-30,-0.1739700850564614,0.8268133064877217,1.0475,943000,0.04894327030033363,0.18022528160200246,2.7001,0,9,91941
202010,91942,"la mesa, ca",984,1296,-36,-498,77.768156,96.62663303339482,58.90967960543654,13,-0.29729729729729726,-5.5,-0.5094339622641509,-13.5,-38,-0.15955629910820213,0.8590919737663958,1.256,600000,0.0008340283569641116,0.1131725417439704,1.7143,0,10,91942
202010,91941,"la mesa, ca",2710,1578,-291,719,75.484733,94.40909604307068,56.56037046797937,16,-0.05882352941176472,-1,-0.5733333333333333,-21.5,-35,-0.1681961642680424,1.296492067879801,1.2095,899000,-0.049582408288402546,0.1098765432098765,2.5686,0,9,91941
202009,91942,"la mesa, ca",984,1260,1,-330,79.328302,92.52075471698113,66.13584905660377,18.5,-0.11904761904761907,-2.5,-0.46376811594202894,-16,-32.5,-0.02532816432020668,1.0200175062787395,1.4331,599500,-0.04538216560509556,0.0949771689497716,1.7129,0,10,91942
202009,91941,"la mesa, ca",2710,1287,-233,418,79.111321,93.67924528301886,64.5433962264151,17,-0.3928571428571429,-11,-0.5405405405405406,-20,-34,-0.2149264845081088,1.3835416161186838,1.3944,945900,0.14654545454545453,0.19817594527835825,2.7026,0,9,91941
