san_diego_ca_suburb_4.csv
month_date_yyyymm,postal_code,zip_name,nielsen_hh_rank,hotness_rank,hotness_rank_mm,hotness_rank_yy,hotness_score,supply_score,demand_score,median_days_on_market,median_days_on_market_mm,median_dom_mm_day,median_days_on_market_yy,median_dom_yy_day,median_dom_vs_us,ldp_unique_viewers_per_property_mm,ldp_unique_viewers_per_property_yy,ldp_unique_viewers_per_property_vs_us,median_listing_price,median_listing_price_mm,median_listing_price_yy,median_listing_price_vs_us,quality_flag,id,zip_code
202008,91942,"la mesa, ca",984,1261,-458,-303,78.815044,91.70269867302818,65.92738929476666,21,0.2727272727272727,4.5,-0.34375,-11,-32,-0.024438206701873022,1.0413311421528348,1.4305,628000,0.017086403757389235,0.14181818181818184,1.7943,0,10,91942
202008,91941,"la mesa, ca",2710,1054,-195,1006,80.641494,85.8207842552557,75.46220366780975,28,0.6000000000000001,10.5,-0.2222222222222222,-8,-25,0.19132956064048945,2.198406700470454,1.728,825000,0.013513513513513598,0.005869750753313641,2.3571,0,9,91941
202007,91941,"la mesa, ca",2710,859,-40,1522,82.951107,95.20785866357897,70.69435625443545,17.5,-0.453125,-14.5,-0.5,-17.5,-40,-0.08367382323673977,1.8793364622261923,1.56,814000,-0.022163493302901127,-0.009009009009009028,2.3324,0,9,91941
202007,91942,"la mesa, ca",984,803,-340,96,83.485228,95.64486609644044,71.3255892130131,16.5,0.10000000000000009,1.5,-0.43103448275862066,-12.5,-41,-0.04323471846507265,1.1576390076988878,1.577,617450,0.08334064391613305,0.12776255707762552,1.7692,0,10,91942
202006,91941,"la mesa, ca",2710,819,293,1548,83.211013,86.60308471797929,79.81894046643319,32,0.06666666666666665,2,0.032258064516129004,1,-36.5,0.3770942451858659,2.364486929467597,1.8799,832450,0.01518292682926825,0.06876726820800938,2.4309,0,9,91941
202006,91942,"la mesa, ca",984,463,73,1208,87.219656,96.09567096341554,78.34364056329632,15,-0.25,-5,-0.4,-10,-53.5,0.15709142808452636,1.987387613582018,1.8201,569950,0.14218436873747486,0.017767857142857224,1.6643,0,10,91942
202005,91941,"la mesa, ca",2710,1112,687,1247,80.398202,91.86880130752944,68.9276029865161,30,-0.09090909090909094,-3,0.05263157894736836,1.5,-41,0.34046311414576236,1.223892504723914,1.4733,820000,-0.009063444108761365,0.09479305740987987,2.4848,0,9,91941
202005,91942,"la mesa, ca",984,536,110,637,86.010921,96.00683481297129,76.01500687195869,20,-0.024390243902439046,-0.5,0.08108108108108114,1.5,-51,0.2341075681192588,1.0913391143246791,1.6977,499000,-0.011685482273717573,-0.11122985127794105,1.5121,1,10,91942
202004,91941,"la mesa, ca",2710,1799,137,85,76.318153,89.1067619653482,63.52954383864087,33,0.1785714285714286,5,0.4042553191489362,9.5,-29,0.11686988377100316,0.4885473123547204,1.3528,827500,-0.017804154302670572,0.12174794764182151,2.5777,1,9,91941
202004,91942,"la mesa, ca",984,646,-18,126,85.922239,96.3739101148823,75.47056842420386,20.5,0.7826086956521738,9,0.17142857142857149,3,-41.5,0.06740023373004855,0.3916579963926654,1.6931,504900,0.06970338983050839,-0.08532608695652177,1.5728,0,10,91942
202003,91941,"la mesa, ca",2710,1936,-474,-767,76.47956,89.18647472380314,63.7726444221255,28,-0.26315789473684215,-10,0.2727272727272727,6,-30.5,-0.267751224434545,0.1515225945997445,1.3521,842500,-0.00765606595995294,0.1893717858223254,2.6328,1,9,91941
202003,91942,"la mesa, ca",984,628,-80,-253,87.451177,97.75694676933378,77.14540787858498,11.5,-0.4772727272727273,-10.5,-0.36111111111111116,-6.5,-47,-0.19300523349436394,0.09656930018939747,1.7707,472000,-0.15714285714285714,-0.1014413924394888,1.475,1,10,91942
202002,91942,"la mesa, ca",984,548,-162,-274,88.171287,94.4002368703505,81.94233687405159,22,-0.44303797468354433,-17.5,-0.04347826086956519,-1,-57,-0.03129031104328872,0.2941398110353095,1.9503,560000,-0.01668129938542584,0.06768452591470542,1.807,0,10,91942
202002,91941,"la mesa, ca",2710,1462,-672,118,79.540323,84.55901402716607,74.52163292497872,38,-0.08433734939759041,-3.5,0.10144927536231885,3.5,-41,0.01528726396143032,0.6624917495570815,1.6413,849000,0.0005892751915144157,0.22643553629469126,2.7396,0,9,91941
202001,91941,"la mesa, ca",2710,790,559,602,85.222032,93.70351085986314,76.74055340672419,41.5,-0.20192307692307687,-10.5,0,0,-43.5,0.6027298149774007,0.6742127440766157,1.7001,848500,0.055676516329704606,0.21387696709585113,2.8293,0,9,91941
202001,91942,"la mesa, ca",984,386,408,47,90.012273,94.4956858077953,85.52886045819696,39.5,-0.08139534883720934,-3.5,0.4363636363636363,12,-45.5,0.8182523741813568,0.5596860814875582,2.1174,569500,-0.01717145569074119,0.07972319651151771,1.899,1,10,91942
201912,91942,"la mesa, ca",984,794,-33,-249,84.951258,92.35701842173543,77.54549835056896,43,0.22857142857142865,8,0.72,18,-36,0.059904291983833735,0.2718803815146942,1.7105,579450,0.05354545454545456,0.08308411214953271,1.9318,1,10,91942
201912,91941,"la mesa, ca",2710,1349,488,231,79.65084,86.29304273694355,73.00863634678825,52,0.4054054054054055,15,0.23809523809523814,10,-27,0.262862634833829,0.5019913641176099,1.5581,803750,0.005944931163955003,0.13363892806770106,2.6796,1,9,91941
201911,91941,"la mesa, ca",2710,1837,460,199,75.470625,90.93244284613408,60.008807016256284,37,-0.013333333333333308,-0.5,0.2542372881355932,7.5,-32,0.03840449418798508,0.36601512437822414,1.258,799000,-0.013580246913580285,0.1423261133747944,2.5783,1,9,91941
201911,91942,"la mesa, ca",984,761,37,624,84.140032,92.4773402810906,75.80272283585924,35,0.320754716981132,8.5,0.09375,3,-34,0.058864724698578286,0.530244312460296,1.6455,550000,0.020408163265306145,-0.026548672566371723,1.7748,0,10,91942
201910,91942,"la mesa, ca",984,798,132,543,83.12651,95.3656929497035,70.88732703711838,26.5,-0.23188405797101452,-8,0.15217391304347827,3.5,-39.5,-0.08680634804545151,0.4322819702221117,1.5374,539000,-0.015525114155251152,-0.06988783433994827,1.7195,0,10,91942
201910,91941,"la mesa, ca",2710,2297,-592,-393,71.881177,87.93103448275862,55.83132000878541,37.5,0.013513513513513598,0.5,0.47058823529411775,12,-28.5,-0.13666627172602885,0.25271339978687424,1.1985,810000,0.0260307809234277,0.1498332032081766,2.584,1,9,91941
201909,91942,"la mesa, ca",984,930,28,-14,82.351437,91.51904744512217,73.1838270207093,34.5,0.078125,2.5,0.8157894736842106,15.5,-31.5,-0.015044193741810985,0.3910382261012513,1.6088,547500,-0.004545454545454519,-0.055871702017589286,1.7386,1,10,91942
201909,91941,"la mesa, ca",2710,1705,355,446,75.680266,89.45176960444135,61.908762189999635,37,0.02777777777777768,1,0.15625,5,-29,0.05346782088076196,0.4014922267406196,1.3267,789450,-0.03747409123369272,0.05400534045393868,2.507,0,9,91941
201908,91941,"la mesa, ca",2710,2060,321,174,71.904727,88.15103692094617,55.658417465466336,36,0.02857142857142847,1,0.35849056603773577,9.5,-28,0.07248357189081567,0.3062984326573961,1.233,820185.7142857143,-0.001478312289123096,0.11673458272954496,2.5812,1,9,91941
201908,91942,"la mesa, ca",984,958,-59,263,81.003754,91.26726682946386,70.74024128002333,32,0.10344827586206895,3,0.6000000000000001,12,-32,0.031145871522261448,0.4039286902346484,1.5993,550000,0.004566210045662045,0,1.7309,1,10,91942
201907,91942,"la mesa, ca",984,899,772,-414,82.50064,92.2351047876815,72.76617534106288,29,0.15999999999999992,4,0.5263157894736843,10,-30.5,0.32470201964463086,-0.0067002068835808615,1.5728,547500,-0.022321428571428603,-0.03002923199574803,1.7014,1,10,91942
201907,91941,"la mesa, ca",2710,2381,-14,212,70.818551,86.69763359057825,54.93946819794447,35,0.12903225806451624,4,0.09375,3,-24.5,0.07072149618296852,0.16451595829545052,1.1658,821400,0.054580376125964225,0.08221343873517784,2.5526,0,9,91941
201906,91941,"la mesa, ca",2710,2367,-8,45,71.260879,87.47531631682878,55.046441892781395,31,0.08771929824561409,2.5,0.06896551724137923,2,-26,-0.08975435649800534,0.05233044403892939,1.147,778888,0.039903871829105375,0.018154248366013093,2.3973,0,9,91941
201906,91942,"la mesa, ca",984,1671,-498,-1137,76.307321,92.26943611497111,60.34520588020186,25,0.3513513513513513,6.5,0.5625,9,-32,-0.18997101300107733,-0.2531275951672962,1.2507,560000,-0.002582598628551036,-0.014084507042253502,1.7236,1,10,91942
201905,91941,"la mesa, ca",2710,2359,-475,-790,71.870517,88.83207651278279,54.908957145484635,28.5,0.2127659574468086,5,0.2666666666666666,6,-27,-0.10277013766003673,-0.08657534135962464,1.1503,749000,0.015334396113261928,0.033174701703565734,2.3085,1,9,91941
201905,91942,"la mesa, ca",984,1173,-401,-676,80.972963,95.58212249402244,66.36380356814419,18.5,0.05714285714285716,1,0.37037037037037046,5,-37,-0.17877705541960287,-0.18864401225124194,1.4095,561450,0.01711956521739122,-0.01749934377460849,1.7305,1,10,91942
201904,91941,"la mesa, ca",2710,1884,-715,-286,75.526073,92.79896812235121,58.25317855168601,23.5,0.06818181818181812,1.5,-0.02083333333333337,-0.5,-35,-0.13600266802683714,-0.10224733787858187,1.2268,737688,0.04140687707976198,0.03252571908461044,2.3228,0,9,91941
201904,91942,"la mesa, ca",984,772,-397,762,84.639764,95.9093421779989,73.3701861065045,17.5,-0.02777777777777779,-0.5,-0.32692307692307687,-8.5,-41,-0.15893248890361666,0.1509223879358914,1.6423,552000,0.05085667663856408,0.004641004641004587,1.7381,0,10,91942
201903,91941,"la mesa, ca",2710,1169,411,471,79.280224,95.42829820883445,63.132149030858066,22,-0.3623188405797102,-12.5,-0.2142857142857143,-6,-43,0.057172089987503005,-0.029383015905926957,1.3953,708357.1428571428,0.023267812000206334,0.004761904761904745,2.3083,0,9,91941
201903,91942,"la mesa, ca",984,375,-101,935,87.224613,96.56110927213211,77.88811651770938,18,-0.21739130434782605,-5,-0.09999999999999998,-2,-47,-0.04760779418892469,0.32107840300045143,1.9188,525285.7142857143,0.0014989800480540438,-0.07666423925871979,1.7118,0,10,91942
201902,91942,"la mesa, ca",984,274,159,430,90.686746,96.73277584548214,84.64071634722119,23,-0.1636363636363637,-4.5,0.022222222222222143,0.5,-60,0.16748051948051934,0.07619626230627019,2.0622,524499.5,-0.005593895155938999,-0.026902597402597372,1.7571,0,10,91942
201902,91941,"la mesa, ca",2710,1580,-188,-145,78.357878,91.85969066824539,64.85606453045216,34.5,-0.1686746987951807,-7,0.32692307692307687,8.5,-48.5,0.022445300360597553,-0.07059101861017891,1.3509,692250,-0.00965665236051505,-0.07675380101360363,2.3191,1,9,91941
201901,91942,"la mesa, ca",984,433,112,92,88.400664,97.08171923999262,79.71960892824202,27.5,0.10000000000000009,2.5,0.2790697674418605,6,-59.5,0.4827339621817548,-0.06770905814081918,1.8019,527450,-0.014112149532710228,-0.03662100456621009,1.8188,1,10,91942
201901,91941,"la mesa, ca",2710,1392,188,-656,79.162516,93.9752813134108,64.34975096845601,41.5,-0.011904761904761862,-0.5,0.360655737704918,11,-45.5,0.4378616753616753,-0.2472071313796005,1.3479,699000,-0.014104372355430161,-0.05156037991858886,2.4103,1,9,91941
201812,91942,"la mesa, ca",984,545,840,-258,86.639401,98.01195759821003,75.26684517477901,25,-0.21875,-7,0.08695652173913038,2,-56,0.27520837504307427,-0.22419492162067423,1.6502,535000,-0.053097345132743334,0.01904761904761898,1.8322,0,10,91942
201812,91941,"la mesa, ca",2710,1580,456,-267,77.333749,93.98452114587536,60.6829769284378,42,0.423728813559322,12.5,-0.1428571428571429,-7,-39,0.14853487204209093,-0.16041458049828405,1.2729,709000,0.01365358495961111,-0.05441451053614299,2.4281,0,9,91941
201811,91942,"la mesa, ca",984,1385,-44,-1013,78.957776,95.01959204599552,62.89596074266671,32,0.3913043478260869,9,0.2549019607843137,6.5,-39.5,-0.00892109727784185,-0.3323773568275161,1.3105,565000,-0.025021570319240682,0.13567839195979903,1.8944,1,10,91942
201811,91941,"la mesa, ca",2710,2036,-132,-796,74.431464,95.92412201999487,52.93880689932984,29.5,0.15686274509803932,4,-0.048387096774193505,-1.5,-42,-0.04772414224893562,-0.1796091254610589,1.1224,699450,-0.007097735822272688,-0.08568627450980393,2.3452,0,9,91941
201810,91941,"la mesa, ca",2710,1904,247,-1221,75.20165,96.15314427533852,54.25015511515019,25.5,-0.203125,-6.5,0.18604651162790709,4,-43,-0.034132220933519086,-0.2615703648289104,1.143,704450,-0.05947930574098803,-0.01811972959788144,2.356,0,9,91941
201810,91942,"la mesa, ca",984,1341,-425,-768,79.185372,96.8903974597613,61.48034599802913,23,0.21052631578947367,4,0.045454545454545414,1,-45.5,-0.11310251465024845,-0.2190846838032755,1.2823,579500,-0.0006897740989826318,0.23957219251336892,1.9381,0,10,91942
201809,91941,"la mesa, ca",2710,2151,83,-1603,73.553479,91.58453649489036,55.52242062770484,32,0.2075471698113207,5.5,0.28,7,-33,-0.01808705248978093,-0.2880236087512297,1.1671,749000,0.01981074273265704,0.07015287898271172,2.505,1,9,91941
201809,91942,"la mesa, ca",984,916,305,-636,82.898134,97.45426773829873,68.3420009455577,19,-0.050000000000000044,-1,0.05555555555555558,1,-46,-0.005916811578390524,-0.24058897307698923,1.426,579900,0.05436363636363639,0.16212424849699403,1.9395,0,10,91942
201808,91942,"la mesa, ca",984,1221,-736,-1096,80.689366,96.76300999927012,64.61572148018394,20,0.05263157894736836,1,0.4285714285714286,6,-42,-0.2704494266836842,-0.35889672888686797,1.3395,550000,-0.025600141730888426,0.10675118221149016,1.8379,1,10,91942
201808,91941,"la mesa, ca",2710,2234,359,-1545,73.213634,93.55156557915481,52.875702503466904,26.5,-0.171875,-5.5,-0.171875,-5.5,-35.5,-0.043921202649014224,-0.3392388177579596,1.1099,734450,-0.03234519104084321,0.023623693379790867,2.4543,0,9,91941
201807,91942,"la mesa, ca",984,485,,,88.388808,96.7117776152158,80.06583760058523,19,,,,,-40.5,,,1.797,564450,,,1.8821,0,10,91942
201807,91941,"la mesa, ca",2710,2593,,,71.497805,88.09802487198243,54.89758595464521,32,,,,,-27.5,,,1.1362,759000,,,2.5308,0,9,91941
201806,91942,"la mesa, ca",984,534,,,88.486374,96.59625697712598,80.37649118966839,16,,,,,-41,,,1.823,568000,,,1.8933,1,10,91942
201806,91941,"la mesa, ca",2710,2412,,,73.085623,88.0157600963117,58.15548502426034,29,,,,,-28,,,1.1866,765000,,,2.55,0,9,91941
201805,91941,"la mesa, ca",2710,1569,,,80.282079,91.93115369055937,68.63300356735684,22.5,,,,,-34.5,,,1.4218,724950,,,2.4173,0,9,91941
201805,91942,"la mesa, ca",984,497,,,89.83855,97.06520539884521,82.61189364127837,13.5,,,,,-43.5,,,1.9613,571450,,,1.9055,0,10,91942
201804,91942,"la mesa, ca",984,1534,,,81.118649,90.63859597374825,71.59870216060763,26,,,,,-33.5,,,1.534,549450,,,1.8439,0,10,91942
201804,91941,"la mesa, ca",2710,1598,,,80.665143,91.88112971019837,69.4491556669862,24,,,,,-35.5,,,1.469,714450,,,2.3976,0,9,91941
201803,91941,"la mesa, ca",2710,1640,,,80.935728,90.6022233674446,71.26923360082455,28,,,,,-37,,,1.5188,705000,,,2.4394,0,9,91941
201803,91942,"la mesa, ca",984,1310,,,83.503276,95.05263932857248,71.95391297945962,20,,,,,-45,,,1.5345,568900,,,1.9685,1,10,91942
201802,91941,"la mesa, ca",2710,1435,,,82.698289,93.49033548100422,71.90624305709842,26,,,,,-58.5,,,1.5251,749800,,,2.7044,0,9,91941
201802,91942,"la mesa, ca",984,704,,,88.83026,94.77153225209213,82.88898763237799,22.5,,,,,-62,,,2.0105,539000,,,1.9441,0,10,91942
201801,91941,"la mesa, ca",2710,736,,,88.724892,95.86061480412829,81.5891687936966,30.5,,,,,-59.5,,,1.9162,737000,,,2.7138,0,9,91941
201801,91942,"la mesa, ca",984,525,,,90.792735,97.28110087670625,84.30436873450967,21.5,,,,,-68.5,,,2.0685,547500,,,2.016,1,10,91942
201712,91941,"la mesa, ca",2710,1313,,,82.678499,89.13355672570607,76.22344146997091,49,,,,,-36,,,1.6646,749800,,,2.7657,0,9,91941
201712,91942,"la mesa, ca",984,287,,,93.340575,98.27300511838568,88.4081452295909,23,,,,,-62,,,2.3355,525000,,,1.9365,0,10,91942
201711,91941,"la mesa, ca",2710,1240,,,83.458771,95.12812981863573,71.78941185109039,31,,,,,-46.5,,,1.5054,765000,,,2.7818,0,9,91941
201711,91942,"la mesa, ca",984,372,,,91.875321,96.87568837653279,86.87495410823115,25.5,,,,,-52,,,2.16,497500,,,1.8091,0,10,91942
201710,91942,"la mesa, ca",984,573,,,89.257091,97.1747483989021,81.33943275388839,22,,,,,-52.5,,,1.855,467500,,,1.6847,0,10,91942
201710,91941,"la mesa, ca",2710,683,,,87.99817,97.2772186642269,78.71912168344008,21.5,,,,,-53,,,1.7486,717450,,,2.5854,0,9,91941
201709,91941,"la mesa, ca",2710,548,,,89.424164,95.41956894351044,83.42875898034353,25,,,,,-46,,,1.9645,699900,,,2.5129,0,9,91941
201709,91942,"la mesa, ca",984,280,,,92.742788,97.48368039094125,88.00189635680682,18,,,,,-53,,,2.2504,499000,,,1.7916,0,10,91942
201708,91941,"la mesa, ca",2710,689,,,88.206667,90.84489004354349,85.56844377767206,32,,,,,-34.5,,,2.0406,717500,,,2.5717,0,9,91941
201708,91942,"la mesa, ca",984,125,,,95.085806,98.37901130667058,91.79260126605438,14,,,,,-52.5,,,2.5382,496950,,,1.7812,0,10,91942
