san_diego_ca_suburb_4.csv
month_date_yyyymm,postal_code,zip_name,nielsen_hh_rank,hotness_rank,hotness_rank_mm,hotness_rank_yy,hotness_score,supply_score,demand_score,median_days_on_market,median_days_on_market_mm,median_dom_mm_day,median_days_on_market_yy,median_dom_yy_day,median_dom_vs_us,ldp_unique_viewers_per_property_mm,ldp_unique_viewers_per_property_yy,ldp_unique_viewers_per_property_vs_us,median_listing_price,median_listing_price_mm,median_listing_price_yy,median_listing_price_vs_us,quality_flag,id,zip_code
202111,91902,"bonita, ca",7264,2206,-744,582,69.249933,93.10490207351194,45.394963780614006,20,-0.09090909090909094,-2,-0.4871794871794872,-19,-26.5,-0.21074766355140195,-0.024752265065765555,1.0162,929900,-0.03125325554745284,-0.1134944468277802,2.4507,1,2,91902
202106,91902,"bonita, ca",7264,4289,-1225,-3045,57.108722,67.87682583728369,46.34061741241762,27.5,0.25,5.5,-0.19117647058823528,-6.5,-8,-0.1625236742424242,0.10477318967378091,1.025,964450,0.015210526315789563,0.19067901234567897,2.5051,0,2,91902
202011,91902,"bonita, ca",7264,2788,-1382,-1875,67.812715,76.56643516751889,59.058994123483174,39,0.625,15,0.11428571428571432,4,-17.5,-0.1508602732877854,0.7842043067226889,1.2673,1048950,0.05422110552763826,0.32946768060836495,3.0034,1,2,91902
202010,91902,"bonita, ca",7264,1406,-446,-456,76.766688,87.59835849553858,65.93501750687098,24,0.11627906976744184,2.5,-0.3846153846153846,-15,-27,-0.18090660478992293,0.8821020360558498,1.4234,995000,0.01790281329923271,0.2347709003589522,2.8429,0,2,91902
202009,91902,"bonita, ca",7264,960,213,262,82.056604,90.00377358490566,74.10943396226415,21.5,-0.10416666666666663,-2.5,-0.4487179487179487,-17.5,-29.5,0.044985431057318115,1.4100364274208608,1.6664,977500,0.03003161222339301,0.18198307134220082,2.7929,0,2,91902
202008,91902,"bonita, ca",7264,1173,579,-217,79.547488,88.93693156403756,70.15804383479947,24,-0.4545454545454546,-20,-0.040000000000000036,-1,-29,-0.11083209679260353,1.3965931177847182,1.5515,949000,0.05456161795755077,0.21422043502101995,2.7114,0,2,91902
202007,91902,"bonita, ca",7264,1752,-508,1727,74.60688,69.88383819519666,79.32992193627909,44,0.2941176470588236,10,-0.18518518518518523,-10,-13.5,0.2553824108902025,1.9062197946752835,1.8766,899900,0.11098765432098756,0.17633986928104584,2.5785,0,2,91902
202006,91902,"bonita, ca",7264,1244,-875,1866,79.314135,84.7850383726995,73.84323075776767,34,0.2142857142857142,6,-0.24444444444444446,-11,-34.5,-0.10961422240128949,1.5570781342840165,1.6507,810000,0.08000144000192,0.04516129032258065,2.3653,0,2,91902
202005,91902,"bonita, ca",7264,369,632,2739,88.068794,92.93859812042643,83.19898963634338,28,-0.31707317073170727,-13,-0.2911392405063291,-11.5,-43,0.15701751627409655,1.82727220333122,2.0008,749999,-0.013157912049884257,-0.025975324675324707,2.2727,0,2,91902
202004,91902,"bonita, ca",7264,1001,-90,1104,82.861206,80.86666916139656,84.85574224450848,41,0.49090909090909096,13.5,0.22388059701492535,7.5,-21,0.24716388758699548,1.1179051052910594,2.1284,759999,0.016789763054226414,-0.009063172305886935,2.3674,1,2,91902
202003,91902,"bonita, ca",7264,911,23,1187,84.821263,89.51009931927241,80.13242569653684,27.5,0.10000000000000009,2.5,-0.23611111111111116,-8.5,-31,0.013519126921188729,0.7942217163205838,1.9051,747449.5,-0.028024057217165166,-0.0047276964047936465,2.3358,0,2,91902
202002,91902,"bonita, ca",7264,934,-493,2225,84.20741,92.97161256893297,75.44320663236982,25,-0.1071428571428571,-3,-0.4444444444444444,-20,-54,-0.07893298022297213,1.1317544928419125,1.6708,769000,0.02540169344622978,-0.0011689829848031685,2.4814,0,2,91902
202001,91902,"bonita, ca",7264,441,923,1749,89.335391,97.076762868194,81.59401963701279,28,-0.49549549549549554,-27.5,-0.30000000000000004,-12,-57,0.6997412643723679,1.282046851253694,1.9077,749950,-0.049493029150823875,0.010714285714285676,2.5007,0,2,91902
201912,91902,"bonita, ca",7264,1364,-451,51,79.524816,83.1758034026465,75.87382779198636,55.5,0.5857142857142856,20.5,0.5857142857142856,20.5,-23.5,0.07873376623376616,0.5938048438048438,1.6485,789000,0,0.052000000000000046,2.6304,1,2,91902
201911,91902,"bonita, ca",7264,913,37,875,82.690543,92.4773402810906,72.90374665149902,35,-0.10256410256410253,-4,0.06060606060606055,2,-34,-0.1042687193841847,0.5736300452992642,1.5582,789000,-0.020870110167624856,0.1075518471831125,2.546,0,2,91902
201910,91902,"bonita, ca",7264,950,272,1139,81.786734,86.62420382165605,76.94926422139248,39,0,0,0.08333333333333326,3,-27,0.04885116858645122,0.6963217259674559,1.721,805817.5,-0.025613663845223678,0.1278101043040738,2.5706,0,2,91902
201909,91902,"bonita, ca",7264,1222,-266,469,79.68516,87.59998539026262,71.77033492822966,39,0.56,14,0.3448275862068966,10,-27,0.03915644749710068,0.559679560106181,1.568,827000,0.058124657283860515,0.04816223067173642,2.6262,1,2,91902
201908,91902,"bonita, ca",7264,956,2523,708,81.018333,95.52064730108977,66.51601851514378,25,-0.537037037037037,-29,0.08695652173913038,2,-39,0.07824617450285909,0.42756651289696124,1.4775,781571.4285714285,0.02166199813258629,-0.021812980511353497,2.4597,0,2,91902
201907,91902,"bonita, ca",7264,3479,-369,-1261,63.995465,62.25814710508028,65.73278226838814,54,0.19999999999999996,9,0.6615384615384616,21.5,-5.5,0.10456577266922107,0.26614395520056755,1.3895,765000,-0.012903225806451646,-0.07831325301204817,2.3773,1,2,91902
201906,91902,"bonita, ca",7264,3110,-2,-1566,66.602062,69.42514444525708,63.77898047246398,45,0.139240506329114,5.5,0.5517241379310345,16,-12,-0.01553146714808884,-0.03817121085843567,1.3251,775000,0.006493506493506551,-0.03124878906098638,2.3853,1,2,91902
201905,91902,"bonita, ca",7264,3108,-1003,-103,67.415854,75.98307890380724,58.848629759058305,39.5,0.17910447761194037,6,0.08219178082191791,3,-16,-0.13328002102491032,0.07413556345954708,1.2288,770000,0.003976791185866135,-0.01218729955099418,2.3732,0,2,91902
201904,91902,"bonita, ca",7264,2105,-7,588,74.053805,84.32283029297955,63.784779804680305,33.5,-0.06944444444444442,-2.5,0.26415094339622636,7,-25,0.05655750360537026,0.2629438853695145,1.3566,766950,0.02123834886817577,-0.016730769230769216,2.415,1,2,91902
201903,91902,"bonita, ca",7264,2098,1061,-160,72.569789,87.66412887564825,57.47544963036522,36,-0.19999999999999996,-9,0.33333333333333326,9,-29,0.20418448441598014,-0.021385010560697304,1.2617,751000,-0.02454864268086765,-0.09408926417370322,2.4473,1,2,91902
201902,91902,"bonita, ca",7264,3159,-969,-1860,68.217642,85.71005698216531,50.72522755864723,45,0.125,5,0.5254237288135593,15.5,-38,-0.013996171072376273,-0.32267381885702506,1.0724,769900,0.03760107816711589,-0.024764076255621048,2.5792,1,2,91902
201901,91902,"bonita, ca",7264,2190,-775,-918,73.453237,94.48072311381664,52.42575170632725,40,0.1428571428571428,5,0.3114754098360655,9.5,-47,0.18711667066930215,-0.22122118799073054,1.1096,742000,-0.010666666666666713,-0.1371089661588557,2.5586,1,2,91902
201812,91902,"bonita, ca",7264,1415,373,-517,78.476323,96.43106041154678,60.521586032351536,35,0.06060606060606055,2,0,0,-46,0.06507887212328245,-0.176033934252386,1.2692,750000,0.05280593838698899,-0.15254237288135597,2.5685,1,2,91902
201811,91902,"bonita, ca",7264,1788,301,-797,76.006152,94.53619950928334,57.47610502801479,33,-0.08333333333333337,-3,-0.17500000000000004,-7,-38.5,-0.034430972847687924,-0.26966625260432076,1.2068,712382,-0.0029608221162424897,-0.18538364779874217,2.3885,1,2,91902
201810,91902,"bonita, ca",7264,2089,-398,-282,74.09942,90.09087922916895,58.10796014453082,36,0.24137931034482762,7,-0.26530612244897955,-13,-32.5,-0.03563592672563898,-0.1752012911478925,1.2121,714497.5,-0.09442648922686947,-0.1735135916714864,2.3896,1,2,91902
201809,91902,"bonita, ca",7264,1691,-27,-22,76.810197,93.89751609266466,59.72287885951195,29,0.26086956521739135,6,-0.32558139534883723,-14,-36,-0.04886555927754943,-0.07738888216059103,1.2396,789000,-0.01251564455569465,-0.07176470588235295,2.6388,0,2,91902
201808,91902,"bonita, ca",7264,1664,554,137,77.102036,95.38354864608422,58.82052404933946,23,-0.29230769230769227,-9.5,-0.4177215189873418,-16.5,-39,-0.04367686988223041,-0.0397595777593267,1.217,799000,-0.03734939759036149,0.030967741935483906,2.67,0,2,91902
201807,91902,"bonita, ca",7264,2218,,,74.120337,87.55303584491587,60.68763716166789,32.5,,,,,-27,,,1.2455,830000,,,2.7676,0,2,91902
201806,91902,"bonita, ca",7264,1544,,,79.513699,88.0157600963117,71.01163766371165,29,,,,,-28,,,1.4999,799999,,,2.6667,1,2,91902
201805,91902,"bonita, ca",7264,3005,,,70.881909,78.15821411496451,63.605604795704465,36.5,,,,,-20.5,,,1.2915,779500,,,2.5992,1,2,91902
201804,91902,"bonita, ca",7264,2693,,,73.420102,90.21827298871766,56.62193053609615,26.5,,,,,-33,,,1.1547,780000,,,2.6176,0,2,91902
201803,91902,"bonita, ca",7264,1938,,,78.543032,91.09180593388795,65.99425752779209,27,,,,,-38,,,1.3622,829000,,,2.8685,0,2,91902
201802,91902,"bonita, ca",7264,1299,,,83.729542,91.84995926831074,75.60912389839295,29.5,,,,,-55,,,1.6613,789450,,,2.8474,0,2,91902
201801,91902,"bonita, ca",7264,1272,,,83.886361,95.86061480412829,71.91210742425925,30.5,,,,,-59.5,,,1.5248,859900,,,3.1663,0,2,91902
201712,91902,"bonita, ca",7264,898,,,86.340538,95.7727289464963,76.90834775564312,35,,,,,-50,,,1.6913,885000,,,3.2644,0,2,91902
201711,91902,"bonita, ca",7264,991,,,85.476173,90.53161025038548,80.42073573683824,40,,,,,-37.5,,,1.8182,874500,,,3.18,0,2,91902
201710,91902,"bonita, ca",7264,1807,,,78.763038,81.13815187557182,76.38792314730101,49,,,,,-25.5,,,1.6601,864500,,,3.1153,1,2,91902
201709,91902,"bonita, ca",7264,1669,,,79.59046,84.23835746325808,74.94256226979323,43,,,,,-28,,,1.6102,850000,,,3.0518,0,2,91902
201708,91902,"bonita, ca",7264,1801,,,79.194263,84.54755022137655,73.84097478868601,39.5,,,,,-27,,,1.5396,775000,,,2.7778,0,2,91902
