san_diego_ca_suburb_4.csv
month_date_yyyymm,postal_code,zip_name,nielsen_hh_rank,hotness_rank,hotness_rank_mm,hotness_rank_yy,hotness_score,supply_score,demand_score,median_days_on_market,median_days_on_market_mm,median_dom_mm_day,median_days_on_market_yy,median_dom_yy_day,median_dom_vs_us,ldp_unique_viewers_per_property_mm,ldp_unique_viewers_per_property_yy,ldp_unique_viewers_per_property_vs_us,median_listing_price,median_listing_price_mm,median_listing_price_yy,median_listing_price_vs_us,quality_flag,id,zip_code
202111,91935,"jamul, ca",10417,8667,134,-6164,35.376183,40.38557356943007,30.366793147062204,60.5,0.12037037037037046,6.5,0.6575342465753424,24,14,-0.011010174418604635,-0.2500000000000001,0.7827,1100000,-0.12,0.17145899893503724,2.8989,1,18,91935
202110,91935,"jamul, ca",10417,8801,-1343,-7724,34.059503,41.610662236653326,26.50834403080873,54,0.3012048192771084,12.5,2.6,39,11,-0.048390602462012655,-0.3319680813501872,0.7475,1250000,0.2376237623762376,0.4723203769140165,3.2895,1,18,91935
202109,91935,"jamul, ca",10417,7458,-1227,-5425,41.370992,54.91566631211062,27.826318188725118,41.5,0.3833333333333333,11.5,0.7659574468085106,18,0,0.015925378227732878,-0.2561467217484009,0.7742,1010000,0.06315901385159362,0.2915601023017902,2.6579,1,18,91935
202108,91935,"jamul, ca",10417,6231,-2188,-5023,47.425407,70.52062718830872,24.330187243111585,30,0.33333333333333326,7.5,0.15384615384615374,4,-7.5,-0.24551286970359087,-0.4386334610472542,0.7243,949999,0.013332807110830514,0.061451396648044776,2.4969,0,18,91935
202009,91935,"jamul, ca",10417,2033,-825,2916,73.211321,88.37358490566038,58.049056603773586,23.5,-0.09615384615384615,-2.5,-0.5688073394495412,-31,-27.5,-0.23330779054916984,1.8852374217013539,1.2435,782000,-0.1262569832402235,-0.05506645952011058,2.2343,0,18,91935
202006,91935,"jamul, ca",10417,2199,-97,2819,71.682438,76.9912823187542,66.37359362193577,42,-0.16000000000000003,-8,-0.023255813953488413,-1,-26.5,0.07101023140179752,2.371497698675207,1.4298,829899,0.0375034379297412,-0.02353335686551361,2.4234,0,18,91935
202005,91935,"jamul, ca",10417,2102,468,1216,72.545596,77.3113925931429,67.77980015601204,50,0.28205128205128216,11,0.8181818181818181,22.5,-21,0.41413359148112305,1.6680445238422426,1.4408,799900,-0.0561095049855449,-0.0578327444051826,2.4239,1,18,91935
202004,91935,"jamul, ca",10417,2570,84,2419,71.210193,83.35890431463532,59.06148261796954,39,0.3928571428571428,11,-0.06024096385542166,-2.5,-23,0.2372933317172985,0.8878695699222086,1.254,847450,-0.08383783783783783,-0.005248639629744645,2.6398,0,18,91935
202003,91935,"jamul, ca",10417,2654,582,3023,71.472678,89.18647472380314,53.758881077260725,28,-0.34883720930232553,-15,-0.4042553191489362,-19,-30.5,-0.10406127037661606,0.8025162567147299,1.1313,925000,-0.0043057050592034685,0.09809042499067266,2.8906,0,18,91935
202002,91935,"jamul, ca",10417,3236,1307,1863,67.715311,80.91343128909287,54.51719160590696,43,-0.47878787878787876,-39.5,0.08860759493670889,3.5,-36,-0.035602477401168287,1.2079379444085325,1.1224,929000,0.05628197839681648,0.1194119773466682,2.9977,0,18,91935
202001,91935,"jamul, ca",10417,4543,-925,1690,59.796192,60.3875334721809,59.204849747099075,82.5,0.24060150375939848,16,0.044303797468354444,3.5,-2.5,0.49587680311890847,0.9442820658342792,1.224,879500,0.035924617196702036,0.04206161137440767,2.9326,0,18,91935
201912,91935,"jamul, ca",10417,3618,-744,3007,64.618778,71.377738240854,57.859816894621744,66.5,0.5113636363636365,22.5,-0.07638888888888884,-5.5,-12.5,0.11548898862331702,0.9606055589361777,1.2019,849000,0.03536585365853662,0.03663003663003672,2.8305,0,18,91935
201911,91935,"jamul, ca",10417,2874,458,2286,68.283733,85.2042126894426,51.36325272467065,44,-0.011235955056179803,-0.5,-0.03296703296703296,-1.5,-25,-0.002436383324309621,0.8144994650995796,1.0986,820000,-0.010856453558504175,0.013346515076618992,2.646,0,18,91935
201910,91935,"jamul, ca",10417,3332,1617,1487,65.341533,80.96127095687825,49.72179515337872,44.5,-0.1834862385321101,-10,0.059523809523809534,2.5,-21.5,0.06523857633576768,0.6523343584008947,1.0895,829000,0.0017262213015707406,0,2.6446,0,18,91935
201909,91935,"jamul, ca",10417,4949,248,-502,56.00095,69.17345410716243,42.82844515869827,54.5,0.028301886792452935,1.5,0.4342105263157894,16.5,-11.5,0.02374746597161903,0.4972528375944931,0.9774,827571.4285714286,-0.06760019314340893,-0.025239777889954462,2.628,1,18,91935
201908,91935,"jamul, ca",10417,5197,-302,-812,53.272953,67.75886576520756,38.787039399351244,53,0.08163265306122458,4,0.29268292682926833,12,-11,-0.0183000838851477,0.22131271790207663,0.9348,887571.4285714286,-0.021420696172625542,0.1834285714285715,2.7932,1,18,91935
201907,91935,"jamul, ca",10417,4895,123,2538,55.93614,68.70633846604002,43.16594126037819,49,0.13953488372093026,6,-0.24031007751937983,-15.5,-10.5,0.16845379855302678,0.33355614346643847,0.9656,907000,0.06718437463230975,0.08040564645958703,2.8186,0,18,91935
201906,91935,"jamul, ca",10417,5018,-1700,54,55.677247,72.8991442989834,38.455349959774736,43,0.5636363636363637,15.5,0.07499999999999996,3,-14,-0.15245293390133308,0.10027220545594417,0.8705,849900,0.0010600706713781438,-0.033105802047781574,2.6159,0,18,91935
201905,91935,"jamul, ca",10417,3318,1671,1326,66.284716,89.84734228434799,42.72208938752989,27.5,-0.3373493975903614,-14,-0.3125,-12.5,-28,0.0006203986871213818,0.0786684622962972,0.9376,849000,-0.0034292230168778692,-0.05608983267552392,2.6167,0,18,91935
201904,91935,"jamul, ca",10417,4989,688,-129,57.669062,75.44499723604201,39.893126957803574,41.5,-0.11702127659574468,-5.5,-0.18627450980392157,-9.5,-17,0.181353511003973,-0.12629403807853623,0.8966,851921.4285714286,0.011337041685038907,-0.04219300852051422,2.6825,0,18,91935
201903,91935,"jamul, ca",10417,5677,-578,-1371,53.074773,77.77777777777779,28.371767994409502,47,0.1898734177215189,7.5,-0.06000000000000005,-3,-18,0.09745313510019371,-0.3045366795366796,0.7458,842371.4285714285,0.015027628113541969,-0.11235887400270972,2.7451,1,18,91935
201902,91935,"jamul, ca",10417,5099,1134,-1260,57.62044,88.8662769185229,26.374602234884925,39.5,-0.5,-39.5,-0.32478632478632474,-19,-43.5,-0.15076381006432082,-0.3547878781260768,0.6956,829900,-0.016706161137440723,-0.14882051282051278,2.7802,1,18,91935
201901,91935,"jamul, ca",10417,6233,392,-2274,50.91865,66.19811842833425,35.63918096292197,79,0.09722222222222232,7,0.08219178082191791,6,-8,0.5084356468721289,-0.2283432533337021,0.8356,844000,0.030525030525030417,-0.11623036649214658,2.9103,1,18,91935
201812,91935,"jamul, ca",10417,6625,-1465,-2004,48.221032,67.37336316619594,29.068701170083997,72,0.5824175824175823,26.5,0,0,-9,0.032361743521593045,-0.23252459857055863,0.7522,819000,0.01211072664359869,-0.08989887765307258,2.8048,0,18,91935
201811,91935,"jamul, ca",10417,5160,-341,-1200,56.54411,85.18694840150877,27.90127073644121,45.5,0.08333333333333326,3.5,-0.1333333333333333,-7,-26,-0.091590452227858,-0.19762115180861295,0.7379,809200,-0.02388419782870932,-0.1131568853087841,2.7132,1,18,91935
201810,91935,"jamul, ca",10417,4819,-372,-583,58.367094,85.15274280083214,31.58144457826928,42,0.10526315789473695,4,-0.22935779816513757,-12.5,-26.5,-0.03474047306176087,-0.12897727272727288,0.7877,829000,-0.02355712603062421,-0.038840579710144874,2.7726,0,18,91935
201809,91935,"jamul, ca",10417,4447,-62,-2427,59.813798,86.91493617485544,32.712659562861404,38,-0.07317073170731703,-3,-0.02564102564102566,-1,-27,-0.1649267453585621,-0.2964267866066965,0.8049,849000,0.1319999999999999,-0.0011764705882353343,2.8395,0,18,91935
201808,91935,"jamul, ca",10417,4385,3048,-1725,60.066783,80.87730822567696,39.25625866725056,41,-0.3643410852713178,-23.5,0.18840579710144922,6.5,-21,0.07192198606124278,-0.04861418249501148,0.9,750000,-0.10661054592647168,-0.09831655701194131,2.5063,0,18,91935
201807,91935,"jamul, ca",10417,7433,,,42.668252,50.501097293343086,34.83540599853694,64.5,,,,,5,,,0.8218,839499.5,,,2.7993,1,18,91935
201806,91935,"jamul, ca",10417,5072,,,57.022728,75.13407026376272,38.91138593995112,40,,,,,-17,,,0.8613,879000,,,2.93,0,18,91935
201805,91935,"jamul, ca",10417,4644,,,61.069839,74.32606377110073,47.81361479901438,40,,,,,-17,,,0.9814,899450,,,2.9992,0,18,91935
201804,91935,"jamul, ca",10417,4860,,,59.921835,65.66993584543913,54.173733500479315,51,,,,,-8.5,,,1.1033,889450,,,2.9849,0,18,91935
201803,91935,"jamul, ca",10417,4306,,,63.87396,71.29500110432157,56.452919090039025,50,,,,,-15,,,1.133,949000,,,3.2837,0,18,91935
201802,91935,"jamul, ca",10417,3839,,,66.475968,76.36821447085833,56.58372213582167,58.5,,,,,-26,,,1.1312,975000,,,3.5167,0,18,91935
201801,91935,"jamul, ca",10417,3959,,,65.318315,72.98487034365405,57.651758961269564,73,,,,,-17,,,1.1589,955000,,,3.5165,1,18,91935
201712,91935,"jamul, ca",10417,4621,,,61.013735,69.14975880988327,52.87771108738079,72,,,,,-13,,,1.0761,899900,,,3.3194,1,18,91935
201711,91935,"jamul, ca",10417,3960,,,64.857919,80.65203025185403,49.0638079154123,52.5,,,,,-25,,,1.0119,912450,,,3.318,1,18,91935
201710,91935,"jamul, ca",10417,4236,,,62.872827,76.20860018298262,49.537053979871914,54.5,,,,,-20,,,1.0217,862500,,,3.1081,0,18,91935
201709,91935,"jamul, ca",10417,2020,,,76.995733,87.21782575398417,66.7736406403851,39,,,,,-32,,,1.371,850000,,,3.0518,0,18,91935
201708,91935,"jamul, ca",10417,2660,,,73.273812,88.83969409784478,57.70792930586557,34.5,,,,,-32,,,1.1492,831777.5,,,2.9813,0,18,91935
