san_diego_ca_suburb_4.csv
month_date_yyyymm,postal_code,zip_name,nielsen_hh_rank,hotness_rank,hotness_rank_mm,hotness_rank_yy,hotness_score,supply_score,demand_score,median_days_on_market,median_days_on_market_mm,median_dom_mm_day,median_days_on_market_yy,median_dom_yy_day,median_dom_vs_us,ldp_unique_viewers_per_property_mm,ldp_unique_viewers_per_property_yy,ldp_unique_viewers_per_property_vs_us,median_listing_price,median_listing_price_mm,median_listing_price_yy,median_listing_price_vs_us,quality_flag,id,zip_code
202111,91932,"imperial beach, ca",4717,8352,-959,-3308,37.292553,50.24337894293052,24.341727032309993,52,0.33333333333333326,13,1.1666666666666665,28,5.5,0.017003975079310507,0.4622465723421385,0.6955,674450,-0.0873477672530446,-0.0995327102803738,1.7774,1,8,91932
202110,91932,"imperial beach, ca",4717,7393,654,-2605,41.790002,63.614739862568904,19.965264668126554,39,0.054054054054053946,2,0.625,15,-4,0.20907418761496022,0.1694781233526621,0.6459,739000,-0.1223277909738717,0.06330935251798553,1.9447,1,8,91932
202109,91932,"imperial beach, ca",4717,8047,449,-2113,38.240769,63.74411183710682,12.737425923111989,37,0.07246376811594213,2.5,0.04225352112676051,1.5,-4.5,0.05710777827082758,-0.06670836116830137,0.5265,842000,-0.00824499411071844,0.2614232209737828,2.2158,0,8,91932
202108,91932,"imperial beach, ca",4717,8496,-389,-2373,35.444893,60.89587456233826,9.993910793119195,34.5,0.06153846153846154,2,-0.04166666666666663,-1.5,-3,-0.2060925574623902,-0.047298783169623104,0.4734,849000,0.06792452830188678,0.13959731543624154,2.2315,0,8,91932
202107,91932,"imperial beach, ca",4717,8107,-1203,-1414,37.22256,60.367892976588635,14.077227120705382,32.5,0.30000000000000004,7.5,-0.2441860465116279,-10.5,-4,-0.10862327319005682,0.26606108140986673,0.5393,795000,0.0291928280147582,0.1572052401746724,2.0649,0,8,91932
202106,91932,"imperial beach, ca",4717,6904,1210,1161,44.403977,72.84849886306702,15.959455813774232,25,-0.19354838709677424,-6,-0.5575221238938053,-31.5,-10.5,0.06712327024827025,0.8655368542235526,0.5461,772450,0.030070676090145243,0.12865283459964938,2.0064,0,8,91932
202105,91932,"imperial beach, ca",4717,8114,-841,331,37.220135,62.81628584572918,11.62398405152584,31,0,0,-0.5373134328358209,-36,-6,-0.20806660809171162,0.8472382115922279,0.4454,749900,-0.03487773487773482,0.01474966170500669,1.9739,0,8,91932
202104,91932,"imperial beach, ca",4717,7273,916,-628,43.207569,68.80037378810887,17.614764630300197,31,-0.4095238095238095,-21.5,-0.23456790123456794,-9.5,-9,-0.1685885491159489,1.9212624670549068,0.5249,777000,0.12283236994219648,0.08462746466585247,2.0879,0,8,91932
202103,91932,"imperial beach, ca",4717,8189,-908,-1419,38.424174,51.76544028715227,25.08290741679997,52.5,0.08247422680412364,4,0.36363636363636354,14,4.5,0.14575318923920944,2.9268056239070734,0.6299,692000,-0.07610146862483314,-0.010721237113107351,1.9403,1,8,91932
202102,91932,"imperial beach, ca",4717,7281,-841,-1240,44.193586,66.0716378266474,22.31553454943166,48.5,-0.0490196078431373,-2.5,0.10227272727272729,4.5,-15,0.1554991034070532,1.5509246188594017,0.5865,749000,0.03310344827586209,0.13502045764509774,2.1538,0,8,91932
202101,91932,"imperial beach, ca",4717,6440,-380,509,47.871811,74.5306873036549,21.212933874798868,51,0.2749999999999999,11,-0.29655172413793107,-21.5,-20,0.6755684843346965,1.2660165244480561,0.6008,725000,-0.018944519621109657,0.08622368716757811,2.133,0,8,91932
202012,91932,"imperial beach, ca",4717,6060,-1016,222,50.450761,83.64598918172402,17.25553381670311,40,0.6666666666666667,16,-0.3798449612403101,-24.5,-24,0.0198879514671082,0.8178970197347504,0.551,739000,-0.013351134846461998,0.16930379746835444,2.1671,0,8,91932
202011,91932,"imperial beach, ca",4717,5044,-256,1956,55.128597,92.45211020377013,17.805082805464398,24,0,0,-0.5789473684210527,-33,-32.5,-0.18661878050232117,1.013998356276967,0.5784,749000,0.07769784172661875,0.17031432861613838,2.1446,0,8,91932
202010,91932,"imperial beach, ca",4717,4788,1146,1970,56.180114,87.59835849553858,24.761868905538194,24,-0.323943661971831,-11.5,-0.5247524752475248,-26.5,-27,-0.03510907344438596,1.4716836019146031,0.6783,695000,0.04119850187265928,0.15842986915576307,1.9857,0,8,91932
202009,91932,"imperial beach, ca",4717,5934,189,519,50.058491,75.06415094339623,25.05283018867924,35.5,-0.01388888888888884,-0.5,-0.25263157894736843,-12,-15.5,0.07909234881840232,1.508758682520063,0.6741,667500,-0.10402684563758391,0.03916466506538563,1.9071,0,8,91932
202008,91932,"imperial beach, ca",4717,6123,570,567,48.639481,76.4947070225138,20.784255255702995,36,-0.16279069767441856,-7,-0.3076923076923077,-16,-17,0.055037295514934303,1.048415499727009,0.6077,745000,0.08442503639010179,0.16983332959465214,2.1286,0,8,91932
202007,91932,"imperial beach, ca",4717,6693,1372,10,46.150973,71.12015836850559,21.181787621857843,43,-0.23893805309734517,-13.5,-0.09473684210526312,-4.5,-14.5,0.3134406856652858,1.02491101492553,0.6195,687000,0.003798947983635337,0.057744863316884665,1.9685,0,8,91932
202006,91932,"imperial beach, ca",4717,8065,380,-2227,39.065643,63.58319052231577,14.548096267044183,56.5,-0.15671641791044777,-10.5,0.6142857142857143,21.5,-12,0.05665609168697028,0.822749168871701,0.5209,684400,-0.0738836265223275,-0.007937658361792499,1.9985,1,8,91932
202005,91932,"imperial beach, ca",4717,8445,-1800,-4024,36.852271,58.76824783626166,14.936295085620891,67,0.654320987654321,26.5,1.161290322580645,36,-4,0.25238059697514137,0.15552843254284476,0.532,739000,0.03158262083406038,0.16469661150512205,2.2394,1,8,91932
202004,91932,"imperial beach, ca",4717,6645,125,-1320,47.69487,81.27081540246229,14.118923773528422,40.5,0.051948051948051965,2,0.012499999999999956,0.5,-21.5,0.11759597021203505,-0.12509186631585,0.5228,716375,0.024125106594071966,0.13800635424940433,2.2315,0,8,91932
202003,91932,"imperial beach, ca",4717,6770,-729,-1972,47.559796,79.41449986980619,15.705092437599971,38.5,-0.125,-5.5,-0.03749999999999998,-1.5,-20,-0.2556978120401766,-0.20200008538524916,0.5222,699499.5,0.06000833459615085,0.13161462907326094,2.1859,0,8,91932
202002,91932,"imperial beach, ca",4717,6041,908,-1399,51.659943,80.25833672600763,23.0615492801362,44,-0.3931034482758621,-28.5,0.1428571428571428,5.5,-35,0.026443526769542647,0.12459559976699364,0.6237,659900,-0.011311708742227866,0.08180327868852455,2.1294,0,8,91932
202001,91932,"imperial beach, ca",4717,6949,-667,-1536,46.823862,70.37711990479025,23.270603986908657,72.5,0.12403100775193798,8,0.4948453608247423,24,-12.5,0.34421391952357805,0.3986541366117009,0.639,667450,0.056091772151898756,0.09418032786885244,2.2256,1,8,91932
201912,91932,"imperial beach, ca",4717,6282,718,-375,49.936988,73.50531895177731,26.368657103673225,64.5,0.13157894736842102,7.5,0.24038461538461542,12.5,-14.5,0.12990594931562538,0.46440582469320013,0.6982,632000,-0.012498457028839116,-0.004708735570638889,2.107,1,8,91932
201911,91932,"imperial beach, ca",4717,7000,-242,-1504,45.57264,70.76437561924334,20.38090345308429,57,0.1287128712871286,6.5,0.5405405405405406,20,-12,-0.0017762347859434646,0.3137580098002264,0.6301,639999,0.06675389615801319,-0.015386153846153827,2.0652,1,8,91932
201910,91932,"imperial beach, ca",4717,6758,-305,-1451,46.504136,74.2294457866608,18.778827146936088,50.5,0.06315789473684208,3,0.44285714285714284,15.5,-15.5,-0.02063577724667842,0.182701973351324,0.6244,599950,-0.06599724223823511,-0.07699999999999996,1.9139,1,8,91932
201909,91932,"imperial beach, ca",4717,6453,237,-2334,47.854195,77.96851601592462,17.739873625771576,47.5,-0.08653846153846156,-4.5,0.6379310344827587,18.5,-18.5,-0.1189150601220641,-0.011205976520811123,0.6093,642342.8571428572,0.008636353439960498,0.011563554555680478,2.0398,1,8,91932
201908,91932,"imperial beach, ca",4717,6690,13,-3018,45.456865,69.36253963625761,21.551189998906587,52,0.09473684210526323,4.5,0.7049180327868851,21.5,-12,0.04293130037833759,-0.09197406864554758,0.6771,636842.8571428572,-0.01947996960275733,-0.020241758241758223,2.0042,1,8,91932
201907,91932,"imperial beach, ca",4717,6703,-865,-1980,46.307743,70.54240883654585,22.07307706375041,47.5,0.3571428571428572,12.5,0.3380281690140845,12,-12,0.18231018573758107,-0.04704670449585335,0.6584,649495,-0.05853370750685627,0.016424100156494426,2.0184,1,8,91932
201906,91932,"imperial beach, ca",4717,5838,-1417,-408,51.502962,84.01594383090763,18.989980253053464,35,0.12903225806451624,4,-0.18604651162790697,-8,-22,-0.33013484344656074,-0.24982617697501597,0.5866,689876,0.08727501970055163,0.07809970307860614,2.1233,0,8,91932
201905,91932,"imperial beach, ca",4717,4421,904,-21,60.169211,86.46312304579732,33.875298878057755,31,-0.22499999999999998,-9,0.1272727272727272,3.5,-24.5,-0.05176026837302827,0.11551169823942975,0.7994,634500,0.00794281175536149,0.020097283036401237,1.9556,0,8,91932
201904,91932,"imperial beach, ca",4717,5325,-527,-911,55.765616,77.2950064492353,34.23622627602727,40,0,0,0.8181818181818181,18,-18.5,0.019354437873996044,0.19125802620213617,0.8067,629500,0.018373006702103067,0.011244979919678766,1.9822,1,8,91932
201903,91932,"imperial beach, ca",4717,4798,-156,-246,57.576593,84.67394902350215,30.47923792710287,40,0.03896103896103886,1.5,0.3793103448275863,11,-25,0.0489211216026999,0.09532525144037263,0.7776,618142.8571428572,0.013348946135831374,-0.01726095843742903,2.0144,1,8,91932
201902,91932,"imperial beach, ca",4717,4642,771,-539,60.071783,89.49900096203656,30.644564493450748,38.5,-0.20618556701030932,-10,0.026666666666666616,1,-44.5,0.2765828756683524,-0.08233400534657731,0.7588,610000,0,0.017599466177329326,2.0436,0,8,91932
201901,91932,"imperial beach, ca",4717,5413,494,-2525,55.29976,90.89097952407305,19.708540859619998,48.5,-0.06730769230769229,-3.5,0.49230769230769234,16,-38.5,0.40740633574553176,-0.33946368280054173,0.6064,610000,-0.03935495047166093,-0.015334947538337418,2.1034,1,8,91932
201812,91932,"imperial beach, ca",4717,5907,-411,-3258,52.068738,86.50185232733008,17.635623372336134,52,0.4054054054054055,15,0.23809523809523814,10,-29,0.013669138843615869,-0.41219160915025344,0.5851,634990,-0.023092307692307745,0.049570247933884204,2.1746,1,8,91932
201811,91932,"imperial beach, ca",4717,5496,-189,-2668,54.830263,92.16684366645916,17.493682938440696,37,0.05714285714285716,2,-0.09756097560975607,-4,-34.5,-0.10135564681019238,-0.4124845539300497,0.5845,650000,0,0.008611994724183392,2.1794,0,8,91932
201810,91932,"imperial beach, ca",4717,5307,-1188,-2415,55.814081,90.76608635351656,20.862075258221104,35,0.2068965517241379,6,-0.11392405063291144,-4.5,-33.5,-0.1812058218489475,-0.3493297291208455,0.6308,650000,0.023622047244094446,-0.03273809523809523,2.1739,0,8,91932
201809,91932,"imperial beach, ca",4717,4119,-447,-2362,61.770375,93.89751609266466,29.64323380732444,29,-0.049180327868852514,-1.5,-0.033333333333333326,-1,-36,-0.19088510434156858,-0.3067367601246106,0.7598,635000,-0.023076923076923106,-0.09285714285714286,2.1237,0,8,91932
201808,91932,"imperial beach, ca",4717,3672,1051,-2059,64.230713,90.64301875775492,37.818407415517115,30.5,-0.14084507042253525,-5,-0.2650602409638554,-11,-31.5,0.09453352086263478,-0.3728941034897715,0.8769,650000,0.017214397496087663,0.0015408320493066618,2.1721,0,8,91932
201807,91932,"imperial beach, ca",4717,4723,,,58.491222,84.57571324067301,32.4067300658376,35.5,,,,,-24,,,0.7841,639000,,,2.1307,0,8,91932
201806,91932,"imperial beach, ca",4717,5430,,,55.023531,72.00394002407793,38.04312137463062,43,,,,,-14,,,0.8513,639900,,,2.133,0,8,91932
201805,91932,"imperial beach, ca",4717,4400,,,62.561142,87.71652384980324,37.40575925857821,27.5,,,,,-29.5,,,0.809,621999.5,,,2.074,0,8,91932
201804,91932,"imperial beach, ca",4717,4414,,,62.668682,93.249022933412,32.08834156773099,22,,,,,-37.5,,,0.728,622500,,,2.0891,0,8,91932
201803,91932,"imperial beach, ca",4717,4552,,,62.390488,89.67459324155193,35.1063829787234,29,,,,,-36,,,0.7501,629000,,,2.1765,0,8,91932
201802,91932,"imperial beach, ca",4717,4103,,,64.963341,87.76568170036289,42.16100125897949,37.5,,,,,-47,,,0.8676,599450,,,2.1621,1,8,91932
201801,91932,"imperial beach, ca",4717,2888,,,71.974994,95.45370473125439,48.49628232160693,32.5,,,,,-57.5,,,0.9825,619500,,,2.2811,0,8,91932
201712,91932,"imperial beach, ca",4717,2649,,,73.305225,92.91158817247856,53.69886217181574,42,,,,,-43,,,1.0928,605000,,,2.2316,0,8,91932
201711,91932,"imperial beach, ca",4717,2828,,,71.837139,89.78265658271532,53.89162199867832,41,,,,,-36.5,,,1.0947,644450,,,2.3435,0,8,91932
201710,91932,"imperial beach, ca",4717,2892,,,71.183898,88.56358645928637,53.80420860018298,39.5,,,,,-35,,,1.0951,672000,,,2.4216,0,8,91932
201709,91932,"imperial beach, ca",4717,1757,,,78.841034,93.40651325626345,64.275555231392,30,,,,,-41,,,1.3134,700000,,,2.5132,0,8,91932
201708,91932,"imperial beach, ca",4717,1613,,,80.614,82.78385597716711,78.44414358373889,41.5,,,,,-25,,,1.6986,649000,,,2.3262,0,8,91932
