san_diego_ca_suburb_4.csv
month_date_yyyymm,postal_code,zip_name,nielsen_hh_rank,hotness_rank,hotness_rank_mm,hotness_rank_yy,hotness_score,supply_score,demand_score,median_days_on_market,median_days_on_market_mm,median_dom_mm_day,median_days_on_market_yy,median_dom_yy_day,median_dom_vs_us,ldp_unique_viewers_per_property_mm,ldp_unique_viewers_per_property_yy,ldp_unique_viewers_per_property_vs_us,median_listing_price,median_listing_price_mm,median_listing_price_yy,median_listing_price_vs_us,quality_flag,id,zip_code
202110,92075,"solana beach, ca",7745,4189,2369,-134,56.509099,59.18976062825644,53.8284376651816,42,-0.19999999999999996,-10.5,0.75,18,-1,-0.01022561937744626,0.8461074230537113,1.1895,2399000,0.09293849658314346,-0.03847695390781558,6.3132,1,29,92075
202109,92075,"solana beach, ca",7745,6558,-145,-528,45.684546,38.197082510256806,53.172010332776175,52.5,0.14130434782608692,6.5,0.2068965517241379,9,11,-0.023163463529597417,0.7171501829144005,1.1844,2195000,-0.05079028735756452,0.15526315789473677,5.7763,1,29,92075
202108,92075,"solana beach, ca",7745,6413,-1036,-1527,46.517735,41.615923275993296,51.41954635408737,46,0.4838709677419355,15,0.2777777777777777,10,8.5,0.12412259948853976,0.751762953388935,1.1524,2312450,0.0076034858387799,0.36026470588235293,6.078,1,29,92075
202107,92075,"solana beach, ca",7745,5377,331,-128,51.18387,63.87579811492855,38.491942839768925,31,0.1272727272727272,3.5,-0.2530120481927711,-10.5,-5.5,0.02702563525733792,0.6437207599193364,0.9271,2295000,0.2757087270705947,0.3114285714285714,5.961,1,29,92075
202106,92075,"solana beach, ca",7745,5708,-2347,40,50.366131,67.87682583728369,32.85543608124254,27.5,0.14583333333333326,3.5,-0.4387755102040817,-21.5,-8,-0.33224206349206353,0.8215761850090204,0.815,1799000,-0.04764425622022239,0.10912453760789154,4.6727,0,29,92075
202105,92075,"solana beach, ca",7745,3361,678,1960,61.802254,74.69329857383838,48.91120993712621,24,-0.05882352941176472,-1.5,-0.5714285714285714,-32,-13,0.04014358884559832,1.7063829787234042,1.062,1889000,-0.07605771582293963,0.1813633520950595,4.9724,0,29,92075
202104,92075,"solana beach, ca",7745,4039,182,224,60.32979,76.84460538099131,43.814974886111436,25.5,-0.15000000000000002,-4.5,-0.4,-17,-14.5,0.012792420689091921,1.8955351484013647,0.9529,2044500,0.12181069958847734,0.20477312905126688,5.494,0,29,92075
202103,92075,"solana beach, ca",7745,4221,-1668,1500,60.934025,77.511607038352,44.356443369357414,30,0.4285714285714286,9,-0.3939393939393939,-19.5,-18,-0.04459434185444777,2.490053955003563,0.9388,1822500,-0.035203811540497565,0.217434869739479,5.11,0,29,92075
202102,92075,"solana beach, ca",7745,2553,-169,1213,70.647631,90.6566149759775,50.63864692785438,21,-0.5531914893617021,-26,-0.5333333333333333,-24,-42.5,-0.06160423650585445,1.753234649122807,1.0484,1889000,-0.05502751375687842,0.26017344896597727,5.4321,0,29,92075
202101,92075,"solana beach, ca",7745,2384,2273,570,70.506091,78.469082828902,62.543100145582706,47,-0.1454545454545455,-8,-0.22314049586776863,-13.5,-24,0.872473178994918,1.7584029514535553,1.3222,1999000,0.025654181631606043,0.2696093998094633,5.8811,0,29,92075
202012,92075,"solana beach, ca",7745,4657,1117,-2049,57.95642,65.0899604864388,50.82287950281966,55,0.26436781609195403,11.5,-0.051724137931034475,-3,-9,0.4395029061034488,0.9795577547549095,1.0851,1949000,0.015633142261594513,0.24140127388535038,5.7154,0,29,92075
202011,92075,"solana beach, ca",7745,5774,-1719,-2764,51.305045,70.20529649698543,32.40479279554301,43.5,0.8125,19.5,-0.11224489795918369,-5.5,-13,-0.027097979089530044,0.5378572635135137,0.8071,1919000,-0.23086172344689382,0.37169406719085063,5.4946,1,29,92075
202010,92075,"solana beach, ca",7745,4055,1975,73,59.888558,87.59835849553858,32.17875832988216,24,-0.4482758620689655,-19.5,-0.52,-26,-27,-0.07936491804000667,0.7425280854057428,0.7913,2495000,0.3131578947368421,0.8298496516318299,7.1286,1,29,92075
202009,92075,"solana beach, ca",7745,6030,-1144,-2662,49.577358,64.3811320754717,34.77358490566038,43.5,0.20833333333333326,7.5,-0.04395604395604391,-2,-7.5,-0.003473270345327295,0.7237131523593194,0.8241,1900000,0.11764705882352944,0.3675080799934647,5.4286,1,29,92075
202008,92075,"solana beach, ca",7745,4886,363,-2257,54.892277,76.4947070225138,33.28984642910392,36,-0.1325301204819277,-5.5,0,0,-17,0.054790917857455934,0.7039702032522401,0.8046,1700000,-0.02857142857142858,0.2324797565199992,4.8572,0,29,92075
202007,92075,"solana beach, ca",7745,5249,499,468,53.636126,73.02506256302992,34.24718933253651,41.5,-0.15306122448979587,-7.5,-0.2314814814814815,-12.5,-16,0.1381528324010064,0.8974566174866239,0.8204,1750000,0.07891491985203447,0.25989920806335487,5.0143,0,29,92075
202006,92075,"solana beach, ca",7745,5748,-427,-1136,51.600104,70.28537366813204,32.9148349601371,49,-0.125,-7,0.16666666666666674,7,-19.5,-0.0078873844831292,0.7944081098757358,0.796,1622000,0.014383989993746127,0.13824561403508762,4.7365,0,29,92075
202005,92075,"solana beach, ca",7745,5321,-1058,-489,54.548494,71.52408900115151,37.572898480739944,56,0.3176470588235294,13.5,0.30232558139534893,13,-15,0.11284040158551933,0.5483616762296524,0.8659,1599000,-0.05774896876841484,0.10351966873706009,4.8455,1,29,92075
202004,92075,"solana beach, ca",7745,4263,1458,59,60.954983,79.00684803352917,42.90311716498896,42.5,-0.14141414141414144,-7,0,0,-19.5,0.2207415943042923,0.24911729522675952,0.9577,1697000,0.1336005344021376,0.1908771929824562,5.2862,0,29,92075
202003,92075,"solana beach, ca",7745,5721,-1955,-2175,53.329242,67.53338541085444,39.12509764535208,49.5,0.10000000000000009,4.5,0.1785714285714286,7.5,-9,-0.24629934210526305,0.027153909072319626,0.8757,1497000,-0.0013342228152101177,0.028260229614365473,4.6781,0,29,92075
202002,92075,"solana beach, ca",7745,3766,-812,-1790,64.4787,79.59213886524297,49.36526148266035,45,-0.25619834710743805,-15.5,0.40625,13,-34,-0.05984270375267031,0.17545375972342248,1.0328,1499000,-0.04795173070816128,0.013522650439486084,4.837,1,29,92075
202001,92075,"solana beach, ca",7745,2954,-346,-1652,69.082862,82.32296935435882,55.84275513240107,60.5,0.0431034482758621,2.5,0.15238095238095228,8,-24.5,0.343773504917662,0.01225421140482763,1.1553,1574500,0.0028662420382166154,0.05036691127418269,5.2501,0,29,92075
201912,92075,"solana beach, ca",7745,2608,402,-572,70.814337,80.84806701508582,60.7806071388858,58,0.18367346938775508,9,0.01754385964912286,1,-21,0.11830533596837967,0.11111576338179141,1.2628,1570000,0.12223016440314516,0.050167224080267525,5.2342,0,29,92075
201911,92075,"solana beach, ca",7745,3010,1118,-378,67.386518,80.46677186158307,54.30626399031229,49,-0.020000000000000018,-1,-0.1327433628318584,-7.5,-20,0.10238390519498419,-0.01146850986600767,1.1514,1399000,0.026035936927025993,-0.043091655266757845,4.5144,0,29,92075
201910,92075,"solana beach, ca",7745,4128,-760,-2094,60.681602,74.82978256094881,46.53342118749542,50,0.098901098901099,4.5,0.05263157894736836,2.5,-16,-0.08930546796418903,-0.14822920592214017,1.0333,1363500,-0.01863301733100564,-0.05640138408304496,4.3497,0,29,92075
201909,92075,"solana beach, ca",7745,3368,-739,-1422,64.796012,80.2951166952774,49.29690638810767,45.5,0.26388888888888884,9.5,0.13749999999999996,5.5,-20.5,-0.014887220793223577,-0.01039324867196778,1.0843,1389388.5,0.007290117759815695,0.02993958487768711,4.4122,0,29,92075
201908,92075,"solana beach, ca",7745,2629,3088,-1106,67.864562,88.15103692094617,47.57808798338011,36,-0.33333333333333337,-18,-0.013698630136986356,-0.5,-28,0.17456279654037332,-0.15974803671981663,1.0777,1379333,-0.006959683225342017,-0.011230824372759907,4.3408,0,29,92075
201907,92075,"solana beach, ca",7745,5717,-1105,-4306,51.536154,62.25814710508028,40.8141618814235,54,0.2857142857142858,12,0.5,18,-5.5,0.07634116844455474,-0.3577941804664352,0.9304,1389000,-0.025263157894736876,-0.05445881552076237,4.3165,1,29,92075
201906,92075,"solana beach, ca",7745,4612,220,-2826,57.917063,74.64711475170043,41.187010897389015,42,-0.023255813953488413,-1,0.16666666666666674,6,-15,-0.1439243146996999,-0.3827287012365922,0.9106,1425000,-0.0165631469979296,-0.08064516129032262,4.386,0,29,92075
201905,92075,"solana beach, ca",7745,4832,-510,-1911,57.934523,70.99135552694501,44.877689902519776,43,0.0117647058823529,0.5,0.13157894736842102,5,-12.5,-0.10223288667770514,-0.19209268513994116,0.971,1449000,0.01684210526315799,-0.1972299168975069,4.466,1,29,92075
201904,92075,"solana beach, ca",7745,4322,-776,-1337,61.276949,74.23991155334438,48.31398562741847,42.5,0.011904761904761862,0.5,0.1333333333333333,5,-16,0.0038204621361870306,-0.1434188041227763,1.0349,1425000,-0.02119517221077427,-0.16127133608004707,4.4871,1,29,92075
201903,92075,"solana beach, ca",7745,3546,-1570,-1426,63.978079,82.7945124866674,45.161646253999784,42,0.3125,10,0.07692307692307687,3,-23,-0.1374805039407112,-0.3255084776931847,1.0131,1455857.142857143,-0.015647638365691052,-0.06013096006640217,4.7442,0,29,92075
201902,92075,"solana beach, ca",7745,1976,-674,-367,75.553171,93.38784873825206,57.7184933027455,32,-0.3904761904761904,-20.5,-0.2558139534883721,-11,-51,-0.19037378149757245,-0.28156502259472416,1.2023,1479000,-0.013342228152101399,-0.013342228152101399,4.9548,0,29,92075
201901,92075,"solana beach, ca",7745,1302,734,117,79.880096,88.6552296624239,71.10496218409888,52.5,-0.07894736842105265,-4.5,-0.09482758620689657,-5.5,-34.5,0.47501280499161846,-0.12388954045716583,1.5149,1499000,0.0026755852842810235,0.016615801966768373,5.169,0,29,92075
201812,92075,"solana beach, ca",7745,2036,596,-566,74.327844,82.4597439753512,66.19594321974837,57,0.008849557522123908,0.5,0.1399999999999999,7,-24,-0.005072129635728895,-0.05058136682529546,1.3946,1495000,0.022571819425444506,-0.01967213114754096,5.1199,0,29,92075
201811,92075,"solana beach, ca",7745,2632,-598,-1172,70.987293,74.29596806679606,67.67861720437983,56.5,0.18947368421052624,9,0.1299999999999999,6.5,-15,-0.05012796893368743,-0.15106195511036924,1.4195,1462000,0.0117647058823529,-0.02043551088777218,4.9019,0,29,92075
201810,92075,"solana beach, ca",7745,2034,-88,-618,74.49542,80.06861564290666,68.92222343881164,47.5,0.1875,7.5,-0.020618556701030966,-1,-21,0.05806569509799453,-0.13205751572603264,1.4493,1445000,0.07116382505559682,0.010524843525997474,4.8328,0,29,92075
201809,92075,"solana beach, ca",7745,1946,-423,-1448,74.968178,84.83470924100811,65.10164745244936,40,0.09589041095890405,3.5,0.21212121212121215,7,-25,-0.16356376341402545,-0.291063829787234,1.3509,1349000,-0.032974910394265255,-0.20553592461719672,4.5117,1,29,92075
201808,92075,"solana beach, ca",7745,1523,-112,-916,78.288081,85.10692650171521,71.46923582220276,36.5,0.01388888888888884,0.5,-0.1097560975609756,-4.5,-25.5,-0.10227991565629946,-0.3795428357056898,1.5081,1395000,-0.05037440435670526,-0.10260533933740756,4.6617,1,29,92075
201807,92075,"solana beach, ca",7745,1411,,,79.914045,84.09656181419166,75.73152889539136,36,,,,,-23.5,,,1.6442,1469000,,,4.8983,0,29,92075
201806,92075,"solana beach, ca",7745,1786,,,77.645836,80.77049359746087,74.52117762941884,36,,,,,-21,,,1.606,1550000,,,5.1667,0,29,92075
201805,92075,"solana beach, ca",7745,2921,,,71.426207,76.62461843992497,66.22779596189916,38,,,,,-19,,,1.3569,1805000,,,6.0187,1,29,92075
201804,92075,"solana beach, ca",7745,2985,,,71.646634,80.05309342968808,63.24017402846398,37.5,,,,,-22,,,1.2989,1699000,,,5.7017,0,29,92075
201803,92075,"solana beach, ca",7745,2120,,,77.484724,81.36273282779946,73.60671427519694,39,,,,,-26,,,1.5869,1549000,,,5.3599,0,29,92075
201802,92075,"solana beach, ca",7745,1609,,,81.31156,84.79967414648597,77.82344664148708,43,,,,,-41.5,,,1.7559,1499000,,,5.4067,1,29,92075
201801,92075,"solana beach, ca",7745,1419,,,82.547257,84.8518477416491,80.24266637073207,58,,,,,-32,,,1.8505,1474500,,,5.4294,1,29,92075
201712,92075,"solana beach, ca",7745,1470,,,81.505689,88.27926501454505,74.73211326729756,50,,,,,-35,,,1.6128,1525000,,,5.6251,0,29,92075
201711,92075,"solana beach, ca",7745,1460,,,81.812174,82.75570893604524,80.86863940083705,50,,,,,-27.5,,,1.8399,1492500,,,5.4273,0,29,92075
201710,92075,"solana beach, ca",7745,1416,,,81.754803,81.4711802378774,82.0384263494968,48.5,,,,,-26,,,1.8863,1429950,,,5.1529,0,29,92075
201709,92075,"solana beach, ca",7745,498,,,89.983954,91.49192224937092,88.47598555851354,33,,,,,-38,,,2.2837,1698000,,,6.0963,0,29,92075
201708,92075,"solana beach, ca",7745,607,,,89.006184,83.31442789710563,94.69793991730397,41,,,,,-25.5,,,2.9528,1554500,,,5.5717,0,29,92075
