san_diego_ca_suburb_4.csv
month_date_yyyymm,postal_code,zip_name,nielsen_hh_rank,hotness_rank,hotness_rank_mm,hotness_rank_yy,hotness_score,supply_score,demand_score,median_days_on_market,median_days_on_market_mm,median_dom_mm_day,median_days_on_market_yy,median_dom_yy_day,median_dom_vs_us,ldp_unique_viewers_per_property_mm,ldp_unique_viewers_per_property_yy,ldp_unique_viewers_per_property_vs_us,median_listing_price,median_listing_price_mm,median_listing_price_yy,median_listing_price_vs_us,quality_flag,id,zip_code
202110,91901,"alpine, ca",6796,4936,-2281,-2950,53.067658,65.17405421732236,40.96126255380201,38,0.7674418604651163,16.5,0.8095238095238095,17,-5,-0.006728601064309614,0.02008645533141218,0.9686,899000,0.013528748590755368,0.09768009768009778,2.3658,1,1,91901
202109,91901,"alpine, ca",6796,2655,2067,86,64.585549,89.18857316517247,39.98252545205896,21.5,-0.2833333333333333,-8.5,-0.14,-3.5,-20,-0.0200485746566339,0.06747658986746297,0.9611,887000,-0.04004329004328999,0.14599483204134356,2.3342,0,1,91901
202108,91901,"alpine, ca",6796,4722,-26,-2776,54.281474,70.52062718830872,38.042319987821585,30,0.25,6,0.034482758620689724,1,-7.5,0.05061158968097845,-0.13901241430424316,0.9321,924000,0.041713641488162256,0.05600000000000005,2.4286,0,1,91901
202107,91901,"alpine, ca",6796,4696,1086,-863,54.243311,77.96822742474916,30.51839464882943,24,-0.28358208955223885,-9.5,-0.37662337662337664,-14.5,-12.5,-0.26658393402511915,0.15618423939096027,0.8024,887000,0.04391258909152529,-0.013841792206348291,2.3039,0,1,91901
202106,91901,"alpine, ca",6796,5782,-2175,-3411,49.971095,55.88700042394111,44.05518942459629,33.5,0.28846153846153855,7.5,0.03076923076923066,1,-2,-0.18644333060556462,0.5004159788709144,0.9876,849688,-0.028927999999999954,0.07283838383838392,2.207,0,1,91901
202105,91901,"alpine, ca",6796,3607,1774,-1841,60.462352,72.32786382456679,48.596840975310535,26,-0.3157894736842105,-12,-0.2571428571428571,-9,-11,-0.04275000863985623,0.8363858363858365,1.0564,875000,-0.07646841521980052,0.10062893081761004,2.3032,0,1,91901
202104,91901,"alpine, ca",6796,5381,-2878,-3265,53.134369,58.159093563835995,48.109644511933965,38,1,19,-0.20833333333333337,-10,-2,-0.06592599566895774,0.7814113511988476,1.03,947450,0.1625153374233128,0.22251612903225815,2.546,0,1,91901
202103,91901,"alpine, ca",6796,2503,-743,-793,70.465452,87.88186180796691,53.04904217549061,19,0.2666666666666666,4,-0.41538461538461535,-13.5,-29,-0.01928392922061739,1.3070696168375608,1.1002,815000,-0.07648725212464591,0.0625814863102998,2.2851,0,1,91901
202102,91901,"alpine, ca",6796,1760,-945,-82,76.14351,93.95726729424632,58.329752744033435,15,-0.2857142857142857,-6,-0.4,-10,-48.5,-0.09162488524821699,1.4973628862643587,1.1969,882500,-0.05005382131323999,0.18456375838926165,2.5377,0,1,91901
202012,91901,"alpine, ca",6796,688,2552,1681,84.225266,92.84152376568075,75.60900755744811,28,-0.2911392405063291,-11.5,-0.43999999999999995,-22,-36,0.5374298994140712,2.27639502506033,1.697,822000,0.012315270935960632,0.1626591230551626,2.4105,0,1,91901
202011,91901,"alpine, ca",6796,3240,-1254,204,65.177822,75.66587804319622,54.689765702510876,39.5,0.8809523809523809,18.5,-0.20999999999999996,-10.5,-17,-0.03325879733598047,1.3893105222536661,1.1819,812000,-0.008547008547008517,0.21194029850746277,2.325,0,1,91901
202010,91901,"alpine, ca",6796,1986,755,2088,72.679869,90.95666578818569,54.403072173487445,21,-0.16000000000000003,-4,-0.631578947368421,-36,-30,0.03941578697295833,1.247141619694259,1.166,819000,0.058139534883721034,0.19562043795620432,2.34,1,1,91901
202009,91901,"alpine, ca",6796,2741,-795,2671,68.254717,87.00754716981132,49.50188679245283,25,-0.13793103448275867,-4,-0.5833333333333333,-35,-26,-0.20960701170012852,1.4508654632907043,1.0757,774000,-0.11542857142857144,0.15855937055456581,2.2114,0,1,91901
202008,91901,"alpine, ca",6796,1946,1887,2153,72.99836,84.44908304756224,61.54763679737587,29,-0.24675324675324672,-9.5,-0.30952380952380953,-13,-24,0.410822388024376,2.3652871366359993,1.3241,875000,-0.02718327867029846,0.28947911359626777,2.5,0,1,91901
202007,91901,"alpine, ca",6796,3833,-1462,211,61.309902,76.82366563328726,45.796137900123256,38.5,0.18461538461538463,6,0.013157894736842035,0.5,-19,-0.048223330626764094,1.4251334692295115,1.0094,899450,0.1356691919191919,0.2518484754644241,2.5772,0,1,91901
202006,91901,"alpine, ca",6796,2371,-605,2441,70.464198,86.0219059682587,54.906489829371885,32.5,-0.0714285714285714,-2.5,-0.22619047619047616,-9.5,-36,-0.004273504273504258,1.7345659163987142,1.1711,792000,-0.0037735849056603765,0.056140818775836765,2.3127,0,1,91901
202005,91901,"alpine, ca",6796,1766,350,3305,75.030645,89.51747706251625,60.54381337988931,35,-0.27083333333333337,-13,-0.06666666666666665,-2.5,-36,-0.07140647310804371,1.731751122514432,1.2693,795000,0.02580645161290329,0.0427939006394491,2.4091,0,1,91901
202004,91901,"alpine, ca",6796,2116,-406,1971,74.114059,73.09433821053025,75.1337798899824,48,0.476923076923077,15.5,0.6271186440677967,18.5,-14,0.20970024908603935,1.7123906012140009,1.6825,775000,0.010430247718383301,0.01639410911089123,2.4141,1,1,91901
202003,91901,"alpine, ca",6796,1710,-32,2414,78.1572,85.29925975523565,71.01513967935126,32.5,0.30000000000000004,7.5,-0.2441860465116279,-10.5,-26,0.061608154020385,0.9828777312877732,1.5525,767000,0.029530201342281792,0.06739626286059419,2.3969,0,1,91901
202002,91901,"alpine, ca",6796,1678,24,1487,77.887783,92.97161256893297,62.80395277397387,25,-0.5454545454545454,-30,-0.15254237288135597,-4.5,-54,-0.05183999778313508,0.9136285670244761,1.2999,745000,0.020547945205479534,0.12114371708051164,2.404,0,1,91901
202001,91901,"alpine, ca",6796,1702,667,1631,77.363508,86.54046414757512,68.1865516215412,55,0.10000000000000009,5,0.17021276595744683,8,-30,0.7748496080767917,1.0618268487693587,1.4419,730000,0.032531824611032434,0.11535523300229178,2.4341,0,1,91901
201912,91901,"alpine, ca",6796,2369,1075,2260,72.467475,87.61258756810852,57.32236183698433,50,0,0,-0.1228070175438597,-7,-29,0.12117049617049624,0.7201519941245966,1.1932,707000,0.055223880597014885,0.08769230769230774,2.3571,0,1,91901
201911,91901,"alpine, ca",6796,3444,630,404,64.898536,79.00994458918939,50.7871270779054,50,-0.1228070175438597,-7,0.4285714285714286,15,-19,-0.0907818922043977,0.5880497281656214,1.0852,670000,-0.021897810218978075,-0.0029761904761904656,2.162,1,1,91901
201910,91901,"alpine, ca",6796,4074,1338,-192,60.983601,67.12790101764405,54.839300095175346,57,-0.050000000000000044,-3,0.3571428571428572,15,-9,0.13364828988292898,0.49692391356921517,1.1808,685000,0.025340011408110596,0.05384615384615388,2.1852,1,1,91901
201909,91901,"alpine, ca",6796,5412,-1313,-1819,53.400416,62.84013294861025,43.960699806420976,60,0.4285714285714286,18,0.5,20,-6,0.08528982771721672,0.24520100511769982,0.9954,668071.0714285714,-0.015470065137116573,0.019955834242093573,2.1215,1,1,91901
201908,91901,"alpine, ca",6796,4099,-55,-369,59.222947,82.07894449101578,36.366949739403,42,0.10526315789473695,4,0.2727272727272727,9,-22,0.01668370436774791,0.17850416483127707,0.898,678568.5714285715,-0.05557281489695998,0.04879222786487092,2.1355,1,1,91901
201907,91901,"alpine, ca",6796,4044,768,-794,60.853663,83.23031344866683,38.477012545261694,38,-0.09523809523809523,-4,0.22580645161290325,7,-21.5,0.07321764889024474,0.038911767437841416,0.8957,718497.5,-0.04187558341112152,0.07322528847231036,2.2328,1,1,91901
201906,91901,"alpine, ca",6796,4812,259,-1564,56.816353,74.64711475170043,38.985592042711914,42,0.1200000000000001,4.5,0.35483870967741926,11,-15,-0.005298443856704971,-0.08729444954606136,0.8791,749900,-0.01636333825217251,0.09076363636363638,2.3081,1,1,91901
201905,91901,"alpine, ca",6796,5071,-984,-2501,56.566121,78.72723928637116,34.40500275887438,37.5,0.27118644067796605,8,0.5306122448979591,13,-18,-0.07798761976106905,-0.2088383869493733,0.8068,762375,-0.00016327879559263625,0.1344866071428572,2.3497,1,1,91901
201904,91901,"alpine, ca",6796,4087,37,-2135,62.299613,88.43928505620048,36.15994103556292,29.5,-0.313953488372093,-13.5,0.01724137931034475,0.5,-29,-0.11565550906555089,-0.36771094831512685,0.8373,762499.5,0.061133137852766195,0.11107719186530685,2.401,0,1,91901
201903,91901,"alpine, ca",6796,4124,-959,-2827,61.006289,81.73526058332415,40.27731803302807,43,0.4576271186440677,13.5,0.8695652173913044,20,-22,0.024533010010739487,-0.38431710177546075,0.9304,718571,0.0813709556057185,0.026531466473523446,2.3416,1,1,91901
201902,91901,"alpine, ca",6796,3165,168,-1382,68.197291,94.32028417079849,42.074298823355285,29.5,-0.37234042553191493,-17.5,-0.2435897435897436,-9.5,-53.5,0.0215889244064269,-0.37222311267517827,0.9295,664500,0.015278838808250539,-0.029927007299270114,2.2261,0,1,91901
201901,91901,"alpine, ca",6796,3333,1296,-1101,66.70725,91.7247740269323,41.68972514296255,47,-0.17543859649122806,-10,-0.07843137254901966,-4,-40,0.48073107808582516,-0.24250243800883164,0.9282,654500,0.006923076923077032,-0.02298850574712641,2.2569,0,1,91901
201812,91901,"alpine, ca",6796,4629,-781,-3516,59.235961,82.4597439753512,36.012177676704695,57,0.6285714285714286,22,0.2954545454545454,13,-24,0.03506812639366408,-0.44957466254218215,0.8512,650000,-0.03273809523809523,-0.04270986745213545,2.226,1,1,91901
201811,91901,"alpine, ca",6796,3848,34,-2573,63.939649,93.51814553045007,34.36115281795877,35,-0.16666666666666663,-7,-0.13580246913580252,-5.5,-36.5,-0.14295484324566154,-0.4453289668374588,0.8328,672000,0.03384615384615386,-0.005240252242650345,2.2531,0,1,91901
201810,91901,"alpine, ca",6796,3882,-289,-2001,63.54794,85.15274280083214,41.94313661082521,42,0.050000000000000044,2,-0.16000000000000003,-8,-26.5,-0.056986145243437814,-0.35338318674364244,0.9424,650000,-0.007633587786259555,-0.02985074626865669,2.1739,0,1,91901
201809,91901,"alpine, ca",6796,3593,137,-1760,64.805251,84.83470924100811,44.7757937229516,40,0.21212121212121215,7,-0.024390243902439046,-1,-25,0.0271583276571985,-0.19705727798213346,0.9856,655000,0.012364760432766575,-0.03534609720176729,2.1906,0,1,91901
201808,91901,"alpine, ca",6796,3730,-480,-1915,63.854828,88.70155463104882,39.00810159842347,33,0.06451612903225801,2,-0.19512195121951215,-8,-29,-0.10374125459185957,-0.30869355705207147,0.896,647000,-0.033571081817842297,-0.1191286589516678,2.1621,1,1,91901
201807,91901,"alpine, ca",6796,3250,,,67.148866,88.9648866130212,45.332845647403076,31,,,,,-28.5,,,0.9784,669475,,,2.2323,1,1,91901
201806,91901,"alpine, ca",6796,3248,,,67.930758,85.611615774689,50.249899675312825,31,,,,,-26,,,1.0486,687500,,,2.2917,0,1,91901
201805,91901,"alpine, ca",6796,2570,,,73.708212,90.32400426611747,57.09242028612409,24.5,,,,,-32.5,,,1.1513,672000,,,2.2407,0,1,91901
201804,91901,"alpine, ca",6796,1952,,,78.126613,88.29732320625322,67.95590295700907,29,,,,,-30.5,,,1.4236,686270.5,,,2.3031,0,1,91901
201803,91901,"alpine, ca",6796,1297,,,83.604506,93.37038945741,73.8386218066701,23,,,,,-42,,,1.5966,699999,,,2.4221,0,1,91901
201802,91901,"alpine, ca",6796,1783,,,79.930386,86.99548248537361,72.86528919499371,39,,,,,-45.5,,,1.5536,685000,,,2.4707,1,1,91901
201801,91901,"alpine, ca",6796,2232,,,76.438057,88.56952613472423,64.30658824399808,51,,,,,-39,,,1.3114,669900,,,2.4667,0,1,91901
201712,91901,"alpine, ca",6796,1113,,,84.359465,91.66697352432153,77.05195713812277,44,,,,,-41,,,1.698,679000,,,2.5046,0,1,91901
201711,91901,"alpine, ca",6796,1275,,,83.192599,90.01027975622293,76.37491739481607,40.5,,,,,-37,,,1.6521,675540,,,2.4565,0,1,91901
201710,91901,"alpine, ca",6796,1881,,,78.155535,80.28179322964318,76.02927721866422,50,,,,,-24.5,,,1.6463,670000,,,2.4144,0,1,91901
201709,91901,"alpine, ca",6796,1833,,,78.232012,86.03989642974362,70.42412749352685,41,,,,,-30,,,1.471,679000,,,2.4378,0,1,91901
201708,91901,"alpine, ca",6796,1815,,,79.084489,83.31442789710563,74.85455011160306,41,,,,,-25.5,,,1.5745,734500,,,2.6326,0,1,91901
