san_diego_ca_suburb_4.csv
month_date_yyyymm,postal_code,zip_name,nielsen_hh_rank,hotness_rank,hotness_rank_mm,hotness_rank_yy,hotness_score,supply_score,demand_score,median_days_on_market,median_days_on_market_mm,median_dom_mm_day,median_days_on_market_yy,median_dom_yy_day,median_dom_vs_us,ldp_unique_viewers_per_property_mm,ldp_unique_viewers_per_property_yy,ldp_unique_viewers_per_property_vs_us,median_listing_price,median_listing_price_mm,median_listing_price_yy,median_listing_price_vs_us,quality_flag,id,zip_code
202110,91945,"lemon grove, ca",5254,5697,-1963,-3156,49.599789,83.05519897304237,16.14437816204787,28,0.696969696969697,11.5,0.33333333333333326,7,-15,-0.2020484916379932,-0.30314465408805036,0.5847,669900,0.011246131783530844,0.18566371681415927,1.7629,1,21,91945
202109,91945,"lemon grove, ca",5254,3734,1424,-1915,58.862635,93.34827533809451,24.37699437775414,16.5,-0.5,-16.5,0.4347826086956521,5,-25,-0.2901705032479269,-0.24995570790880728,0.7222,662450,0.023167812186269288,0.15319000783357994,1.7433,1,21,91945
202107,91945,"lemon grove, ca",5254,3555,1235,-1486,60.06955,89.63590757069018,30.5031924597142,16,-0.17948717948717952,-3.5,-0.6144578313253012,-25.5,-20.5,-0.004827701015481689,-0.26278202864430045,0.8017,622500,0,0.11659192825112097,1.6169,1,21,91945
202106,91945,"lemon grove, ca",5254,4790,2422,-2128,54.692257,81.96708675376729,27.417427833660923,19.5,-0.42647058823529416,-14.5,-0.6285714285714286,-33,-16,-0.07773797338792232,-0.15862792627945155,0.7273,622500,-0.010333863275039712,0.10972457438274352,1.6169,1,21,91945
202011,91945,"lemon grove, ca",5254,3080,-539,-1167,66.063115,86.99152865755934,45.13470197664657,30.5,0.45238095238095233,9.5,-0.1527777777777778,-5.5,-26,-0.06490566037735845,0.8102272727272728,1.0102,594000,0.051327433628318486,0.10020374143359878,1.7008,0,21,91945
202010,91945,"lemon grove, ca",5254,2541,-722,467,68.963894,90.95666578818569,46.971123075185425,21,0.826086956521739,9.5,-0.43243243243243246,-16,-30,-0.1411431687745084,1.2760720629281908,1.0304,565000,-0.016450517886674176,0.1300011300011299,1.6143,0,21,91945
202009,91945,"lemon grove, ca",5254,1819,-1013,1035,74.896226,96.44905660377358,53.343396226415095,11.5,-0.11538461538461542,-1.5,-0.6290322580645161,-19.5,-39.5,-0.27570497772962577,1.7077071747725738,1.1505,574450,-0.0009565217391304115,0.15485575611367186,1.6413,1,21,91945
202005,91945,"lemon grove, ca",5254,1611,-314,-368,76.182163,88.87114148805765,63.49318375989005,36,0.26315789473684204,7.5,0.7142857142857142,15,-35,0.11894014200404368,0.6398716894809093,1.3351,525000,0.025390625,0.07471852610030716,1.5909,1,21,91945
202002,91945,"lemon grove, ca",5254,2100,-1204,-484,74.788112,91.03593767348903,58.54028646508013,29,0.6111111111111112,11,0.11538461538461542,3,-50,-0.14985573878163783,0.3127663516768575,1.2035,489000,0.018750000000000044,0.04042553191489362,1.5779,0,21,91945
202001,91945,"lemon grove, ca",5254,896,1113,920,84.057944,98.16274918179113,69.95313894674204,18,-0.6727272727272727,-37,-0.48571428571428577,-17,-67,0.5940278639854626,0.6765916217076215,1.4888,480000,0.0020876826722338038,-0.012345679012345734,1.6005,0,21,91945
201912,91945,"lemon grove, ca",5254,2009,-96,327,74.826717,83.69101894065754,65.96241521183143,55,0.5277777777777777,19,0.17021276595744683,8,-24,0.142523923444976,0.4699138196368111,1.3719,479000,-0.11279866641970737,-0.018442622950819665,1.5969,0,21,91945
201911,91945,"lemon grove, ca",5254,1913,1095,1559,74.923856,91.67003045759789,58.177681552970526,36,-0.027027027027026973,-1,0.1428571428571428,4.5,-33,0.1757319838689857,0.7246293798463934,1.2243,539900,0.07980107980107976,0.11434468524251806,1.7422,0,21,91945
201910,91945,"lemon grove, ca",5254,3008,-154,-298,67.30727,88.4252141445201,46.18932571930595,37,0.19354838709677424,6,1,18.5,-29,0.021730744772588073,0.28927583823021097,1.0302,499999.5,0.0051828716667383645,0.0020030060120239668,1.595,1,21,91945
201909,91945,"lemon grove, ca",5254,2854,-571,-426,67.895102,93.85295299316995,41.93725117791008,31,0.34782608695652173,8,0.24,6,-35,-0.0731990704879939,0.14989541522980376,0.9635,497421.4285714286,0.0001005284926469674,0.005094824351239868,1.5796,1,21,91945
201908,91945,"lemon grove, ca",5254,2283,-597,-454,70.255494,96.35528665670445,44.15570215402558,23,-0.07999999999999996,-2,0.4838709677419355,7.5,-41,-0.14634366264915388,0.05937920098856719,1.0179,497371.4285714286,-0.000157948393952001,0.047097744360902194,1.5653,1,21,91945
201907,91945,"lemon grove, ca",5254,1686,-119,-126,76.015874,94.87217000109726,57.15957719176329,25,0.08695652173913038,2,0.4285714285714286,7.5,-34.5,0.01646706586826352,0.10863607207417347,1.2092,497450,-0.00290639406694726,0.0385177453027139,1.5459,1,21,91945
201906,91945,"lemon grove, ca",5254,1567,-324,-723,77.091714,93.68097710816939,60.50245008410736,23,0.09523809523809534,2,0,0,-34,-0.1907533936317919,-0.2029545454545455,1.2531,498900,0.02128966223132034,0.050536955148452245,1.5355,0,21,91945
201905,91945,"lemon grove, ca",5254,1243,593,-162,80.445098,94.29096928453191,66.59922751517381,21,-0.125,-3,0.16666666666666674,3,-34.5,0.08584651742397065,0.00983346070831681,1.4136,488500,0.039567087722498506,0.035067274075643695,1.5056,0,21,91945
201904,91945,"lemon grove, ca",5254,1836,-637,-833,75.841165,92.56679565137277,59.11553344389166,24,-0.11111111111111116,-3,1.526315789473684,14.5,-34.5,-0.13837248371407218,-0.14697830455904914,1.2457,469907.14285714284,-0.00010639268018364234,-0.0001975683890578228,1.4796,1,21,91945
201903,91945,"lemon grove, ca",5254,1199,417,-296,78.956563,93.69230203391076,64.22082459818309,27,0.03846153846153855,1,0.6875,11,-38,0.15919653019629187,-0.13028030489304165,1.4207,469957.14285714284,-0.00009118541033437122,-0.010616541353383524,1.5315,1,21,91945
201902,91945,"lemon grove, ca",5254,1616,200,-974,78.095168,95.8188411159624,60.37149411677644,26,-0.2571428571428571,-9,0.15555555555555545,3.5,-57,0.08575661143421498,-0.36414333241698127,1.2545,470000,-0.03292181069958844,0.0010649627263046302,1.5745,0,21,91945
201901,91945,"lemon grove, ca",5254,1816,520,-534,76.039476,95.81258070466704,56.266371518170075,35,-0.25531914893617025,-12,-0.2222222222222222,-10,-52,0.3975279106858054,-0.2463158386798957,1.1787,486000,-0.004098360655737654,-0.027026053079132195,1.6759,0,21,91945
201812,91945,"lemon grove, ca",5254,2336,1136,-1186,72.358141,90.57697245350842,54.13930968712174,47,0.4920634920634921,15.5,0.34285714285714275,12,-34,0.3405073816078785,-0.17985611510791366,1.1452,488000,0.007223942208462342,0.06318082788671031,1.6712,1,21,91945
201811,91945,"lemon grove, ca",5254,3472,-762,-2716,66.01604,95.19170908558246,36.84037060094481,31.5,0.7027027027027026,13,1.032258064516129,16,-40,-0.121061686208914,-0.4273608080740666,0.8652,484500,-0.029058116232464903,-0.002059732234809486,1.6245,1,21,91945
201810,91945,"lemon grove, ca",5254,2710,-282,-1976,70.272638,97.89773349392313,42.647541881090554,18.5,-0.26,-6.5,-0.3508771929824561,-10,-50,-0.08872603970761261,-0.4010470806738651,0.9546,499000,0.008284501919579634,0.06396588486140731,1.6689,0,21,91945
201809,91945,"lemon grove, ca",5254,2428,-599,-1792,71.653271,95.55587882314434,47.75066370876823,25,0.6129032258064515,9.5,0.3157894736842106,6,-40,-0.14615397611123315,-0.30985294117647066,1.0332,494900,0.04189473684210521,0.0758695652173913,1.6552,1,21,91945
201808,91945,"lemon grove, ca",5254,1829,-269,-1104,75.972557,97.95270418217649,53.992409313188816,15.5,-0.11428571428571432,-2,0.06896551724137923,1,-46.5,-0.10665207712334446,-0.17204700257992678,1.1299,475000,-0.008350730688935326,0.034858387799564294,1.5873,0,21,91945
201807,91945,"lemon grove, ca",5254,1560,,,78.769203,97.23116313094367,60.307242136064374,17.5,,,,,-42,,,1.2379,479000,,,1.5972,0,21,91945
201806,91945,"lemon grove, ca",5254,844,,,85.131881,92.52489876327023,77.7388639597242,23,,,,,-34,,,1.7116,474900,,,1.583,1,21,91945
201805,91945,"lemon grove, ca",5254,1081,,,84.209849,94.97260122834761,73.44709646574235,18,,,,,-39,,,1.5804,471950,,,1.5737,0,21,91945
201804,91945,"lemon grove, ca",5254,1003,,,85.502544,98.20072266057075,72.80436545977436,9.5,,,,,-50,,,1.5699,470000,,,1.5773,0,21,91945
201803,91945,"lemon grove, ca",5254,903,,,86.853052,96.45512773319591,77.25097548406096,16,,,,,-49,,,1.7258,475000,,,1.6436,0,21,91945
201802,91945,"lemon grove, ca",5254,642,,,89.354218,94.77153225209213,83.93690291046434,22.5,,,,,-62,,,2.07,469500,,,1.6934,0,21,91945
201801,91945,"lemon grove, ca",5254,1282,,,83.806829,91.3624089076314,76.25124847408723,45,,,,,-45,,,1.6737,499499.5,,,1.8393,0,21,91945
201712,91945,"lemon grove, ca",5254,1150,,,84.114593,95.7727289464963,72.45645689877381,35,,,,,-50,,,1.5332,459000,,,1.6931,0,21,91945
201711,91945,"lemon grove, ca",5254,756,,,87.557824,98.51310668918423,76.60254056832366,15.5,,,,,-62,,,1.6625,485500,,,1.7655,0,21,91945
201710,91945,"lemon grove, ca",5254,734,,,87.542543,94.95333943275389,80.13174748398903,28.5,,,,,-46,,,1.8004,469000,,,1.6901,0,21,91945
201709,91945,"lemon grove, ca",5254,636,,,88.49422,97.25028263010101,79.73815688705737,19,,,,,-52,,,1.794,460000,,,1.6515,0,21,91945
201708,91945,"lemon grove, ca",5254,725,,,87.795016,98.24362398916901,77.34640857696952,14.5,,,,,-52,,,1.6578,459000,,,1.6452,1,21,91945
